Archive member included to satisfy reference by file (symbol)

C:/ST/STM32CubeIDE_1.17.0/STM32CubeIDE/plugins/com.st.stm32cube.ide.mcu.externaltools.gnu-tools-for-stm32.13.3.rel1.win32_1.0.0.202411081344/tools/bin/../lib/gcc/arm-none-eabi/13.3.1/../../../../arm-none-eabi/lib/thumb/v7e-m+fp/hard\libc_nano.a(libc_a-exit.o)
                              C:/ST/STM32CubeIDE_1.17.0/STM32CubeIDE/plugins/com.st.stm32cube.ide.mcu.externaltools.gnu-tools-for-stm32.13.3.rel1.win32_1.0.0.202411081344/tools/bin/../lib/gcc/arm-none-eabi/13.3.1/../../../../arm-none-eabi/lib/thumb/v7e-m+fp/hard/crt0.o (exit)
C:/ST/STM32CubeIDE_1.17.0/STM32CubeIDE/plugins/com.st.stm32cube.ide.mcu.externaltools.gnu-tools-for-stm32.13.3.rel1.win32_1.0.0.202411081344/tools/bin/../lib/gcc/arm-none-eabi/13.3.1/../../../../arm-none-eabi/lib/thumb/v7e-m+fp/hard\libc_nano.a(libc_a-findfp.o)
                              C:/ST/STM32CubeIDE_1.17.0/STM32CubeIDE/plugins/com.st.stm32cube.ide.mcu.externaltools.gnu-tools-for-stm32.13.3.rel1.win32_1.0.0.202411081344/tools/bin/../lib/gcc/arm-none-eabi/13.3.1/../../../../arm-none-eabi/lib/thumb/v7e-m+fp/hard\libc_nano.a(libc_a-exit.o) (__stdio_exit_handler)
C:/ST/STM32CubeIDE_1.17.0/STM32CubeIDE/plugins/com.st.stm32cube.ide.mcu.externaltools.gnu-tools-for-stm32.13.3.rel1.win32_1.0.0.202411081344/tools/bin/../lib/gcc/arm-none-eabi/13.3.1/../../../../arm-none-eabi/lib/thumb/v7e-m+fp/hard\libc_nano.a(libc_a-fwalk.o)
                              C:/ST/STM32CubeIDE_1.17.0/STM32CubeIDE/plugins/com.st.stm32cube.ide.mcu.externaltools.gnu-tools-for-stm32.13.3.rel1.win32_1.0.0.202411081344/tools/bin/../lib/gcc/arm-none-eabi/13.3.1/../../../../arm-none-eabi/lib/thumb/v7e-m+fp/hard\libc_nano.a(libc_a-findfp.o) (_fwalk_sglue)
C:/ST/STM32CubeIDE_1.17.0/STM32CubeIDE/plugins/com.st.stm32cube.ide.mcu.externaltools.gnu-tools-for-stm32.13.3.rel1.win32_1.0.0.202411081344/tools/bin/../lib/gcc/arm-none-eabi/13.3.1/../../../../arm-none-eabi/lib/thumb/v7e-m+fp/hard\libc_nano.a(libc_a-stdio.o)
                              C:/ST/STM32CubeIDE_1.17.0/STM32CubeIDE/plugins/com.st.stm32cube.ide.mcu.externaltools.gnu-tools-for-stm32.13.3.rel1.win32_1.0.0.202411081344/tools/bin/../lib/gcc/arm-none-eabi/13.3.1/../../../../arm-none-eabi/lib/thumb/v7e-m+fp/hard\libc_nano.a(libc_a-findfp.o) (__sread)
C:/ST/STM32CubeIDE_1.17.0/STM32CubeIDE/plugins/com.st.stm32cube.ide.mcu.externaltools.gnu-tools-for-stm32.13.3.rel1.win32_1.0.0.202411081344/tools/bin/../lib/gcc/arm-none-eabi/13.3.1/../../../../arm-none-eabi/lib/thumb/v7e-m+fp/hard\libc_nano.a(libc_a-memset.o)
                              C:/ST/STM32CubeIDE_1.17.0/STM32CubeIDE/plugins/com.st.stm32cube.ide.mcu.externaltools.gnu-tools-for-stm32.13.3.rel1.win32_1.0.0.202411081344/tools/bin/../lib/gcc/arm-none-eabi/13.3.1/../../../../arm-none-eabi/lib/thumb/v7e-m+fp/hard/crt0.o (memset)
C:/ST/STM32CubeIDE_1.17.0/STM32CubeIDE/plugins/com.st.stm32cube.ide.mcu.externaltools.gnu-tools-for-stm32.13.3.rel1.win32_1.0.0.202411081344/tools/bin/../lib/gcc/arm-none-eabi/13.3.1/../../../../arm-none-eabi/lib/thumb/v7e-m+fp/hard\libc_nano.a(libc_a-closer.o)
                              C:/ST/STM32CubeIDE_1.17.0/STM32CubeIDE/plugins/com.st.stm32cube.ide.mcu.externaltools.gnu-tools-for-stm32.13.3.rel1.win32_1.0.0.202411081344/tools/bin/../lib/gcc/arm-none-eabi/13.3.1/../../../../arm-none-eabi/lib/thumb/v7e-m+fp/hard\libc_nano.a(libc_a-stdio.o) (_close_r)
C:/ST/STM32CubeIDE_1.17.0/STM32CubeIDE/plugins/com.st.stm32cube.ide.mcu.externaltools.gnu-tools-for-stm32.13.3.rel1.win32_1.0.0.202411081344/tools/bin/../lib/gcc/arm-none-eabi/13.3.1/../../../../arm-none-eabi/lib/thumb/v7e-m+fp/hard\libc_nano.a(libc_a-reent.o)
                              C:/ST/STM32CubeIDE_1.17.0/STM32CubeIDE/plugins/com.st.stm32cube.ide.mcu.externaltools.gnu-tools-for-stm32.13.3.rel1.win32_1.0.0.202411081344/tools/bin/../lib/gcc/arm-none-eabi/13.3.1/../../../../arm-none-eabi/lib/thumb/v7e-m+fp/hard\libc_nano.a(libc_a-closer.o) (errno)
C:/ST/STM32CubeIDE_1.17.0/STM32CubeIDE/plugins/com.st.stm32cube.ide.mcu.externaltools.gnu-tools-for-stm32.13.3.rel1.win32_1.0.0.202411081344/tools/bin/../lib/gcc/arm-none-eabi/13.3.1/../../../../arm-none-eabi/lib/thumb/v7e-m+fp/hard\libc_nano.a(libc_a-impure.o)
                              C:/ST/STM32CubeIDE_1.17.0/STM32CubeIDE/plugins/com.st.stm32cube.ide.mcu.externaltools.gnu-tools-for-stm32.13.3.rel1.win32_1.0.0.202411081344/tools/bin/../lib/gcc/arm-none-eabi/13.3.1/../../../../arm-none-eabi/lib/thumb/v7e-m+fp/hard\libc_nano.a(libc_a-reent.o) (_impure_ptr)
C:/ST/STM32CubeIDE_1.17.0/STM32CubeIDE/plugins/com.st.stm32cube.ide.mcu.externaltools.gnu-tools-for-stm32.13.3.rel1.win32_1.0.0.202411081344/tools/bin/../lib/gcc/arm-none-eabi/13.3.1/../../../../arm-none-eabi/lib/thumb/v7e-m+fp/hard\libc_nano.a(libc_a-lseekr.o)
[...]
Memory Configuration

Name             Origin             Length             Attributes
FLASH            0x08000000         0x00080000         xr
RAM              0x20000008         0x0002fff8         xrw
RAM_SHARED       0x20030000         0x00002800         xrw
*default*        0x00000000         0xffffffff

Linker script and memory map

LOAD C:/ST/STM32CubeIDE_1.17.0/STM32CubeIDE/plugins/com.st.stm32cube.ide.mcu.externaltools.gnu-tools-for-stm32.13.3.rel1.win32_1.0.0.202411081344/tools/bin/../lib/gcc/arm-none-eabi/13.3.1/thumb/v7e-m+fp/hard/crti.o
LOAD C:/ST/STM32CubeIDE_1.17.0/STM32CubeIDE/plugins/com.st.stm32cube.ide.mcu.externaltools.gnu-tools-for-stm32.13.3.rel1.win32_1.0.0.202411081344/tools/bin/../lib/gcc/arm-none-eabi/13.3.1/thumb/v7e-m+fp/hard/crtbegin.o
LOAD C:/ST/STM32CubeIDE_1.17.0/STM32CubeIDE/plugins/com.st.stm32cube.ide.mcu.externaltools.gnu-tools-for-stm32.13.3.rel1.win32_1.0.0.202411081344/tools/bin/../lib/gcc/arm-none-eabi/13.3.1/../../../../arm-none-eabi/lib/thumb/v7e-m+fp/hard/crt0.o
LOAD ./Core/Src/STM32_MAX31856.o
LOAD ./Core/Src/gpio.o
LOAD ./Core/Src/i2c.o
LOAD ./Core/Src/ipcc.o
LOAD ./Core/Src/main.o
LOAD ./Core/Src/memorymap.o
LOAD ./Core/Src/rf.o
LOAD ./Core/Src/rtc.o
LOAD ./Core/Src/spi.o
LOAD ./Core/Src/stm32wbxx_hal_msp.o
LOAD ./Core/Src/stm32wbxx_it.o
LOAD ./Core/Src/syscalls.o
LOAD ./Core/Src/sysmem.o
LOAD ./Core/Src/system_stm32wbxx.o
LOAD ./Core/Src/usb.o
LOAD ./Core/Startup/startup_stm32wb55cgux.o
LOAD ./Drivers/STM32WBxx_HAL_Driver/Src/stm32wbxx_hal.o
LOAD ./Drivers/STM32WBxx_HAL_Driver/Src/stm32wbxx_hal_cortex.o
LOAD ./Drivers/STM32WBxx_HAL_Driver/Src/stm32wbxx_hal_dma.o
LOAD ./Drivers/STM32WBxx_HAL_Driver/Src/stm32wbxx_hal_dma_ex.o
LOAD ./Drivers/STM32WBxx_HAL_Driver/Src/stm32wbxx_hal_exti.o
LOAD ./Drivers/STM32WBxx_HAL_Driver/Src/stm32wbxx_hal_flash.o
LOAD ./Drivers/STM32WBxx_HAL_Driver/Src/stm32wbxx_hal_flash_ex.o
LOAD ./Drivers/STM32WBxx_HAL_Driver/Src/stm32wbxx_hal_gpio.o
LOAD ./Drivers/STM32WBxx_HAL_Driver/Src/stm32wbxx_hal_hsem.o
LOAD ./Drivers/STM32WBxx_HAL_Driver/Src/stm32wbxx_hal_i2c.o
LOAD ./Drivers/STM32WBxx_HAL_Driver/Src/stm32wbxx_hal_i2c_ex.o
LOAD ./Drivers/STM32WBxx_HAL_Driver/Src/stm32wbxx_hal_ipcc.o
LOAD ./Drivers/STM32WBxx_HAL_Driver/Src/stm32wbxx_hal_pcd.o
LOAD ./Drivers/STM32WBxx_HAL_Driver/Src/stm32wbxx_hal_pcd_ex.o
LOAD ./Drivers/STM32WBxx_HAL_Driver/Src/stm32wbxx_hal_pwr.o
LOAD ./Drivers/STM32WBxx_HAL_Driver/Src/stm32wbxx_hal_pwr_ex.o
LOAD ./Drivers/STM32WBxx_HAL_Driver/Src/stm32wbxx_hal_rcc.o
LOAD ./Drivers/STM32WBxx_HAL_Driver/Src/stm32wbxx_hal_rcc_ex.o
LOAD ./Drivers/STM32WBxx_HAL_Driver/Src/stm32wbxx_hal_rtc.o
LOAD ./Drivers/STM32WBxx_HAL_Driver/Src/stm32wbxx_hal_rtc_ex.o
LOAD ./Drivers/STM32WBxx_HAL_Driver/Src/stm32wbxx_hal_spi.o
LOAD ./Drivers/STM32WBxx_HAL_Driver/Src/stm32wbxx_hal_spi_ex.o
LOAD ./Drivers/STM32WBxx_HAL_Driver/Src/stm32wbxx_ll_rcc.o
LOAD ./Drivers/STM32WBxx_HAL_Driver/Src/stm32wbxx_ll_usb.o
START GROUP
LOAD C:/ST/STM32CubeIDE_1.17.0/STM32CubeIDE/plugins/com.st.stm32cube.ide.mcu.externaltools.gnu-tools-for-stm32.13.3.rel1.win32_1.0.0.202411081344/tools/bin/../lib/gcc/arm-none-eabi/13.3.1/../../../../arm-none-eabi/lib/thumb/v7e-m+fp/hard\libstdc++_nano.a
LOAD C:/ST/STM32CubeIDE_1.17.0/STM32CubeIDE/plugins/com.st.stm32cube.ide.mcu.externaltools.gnu-tools-for-stm32.13.3.rel1.win32_1.0.0.202411081344/tools/bin/../lib/gcc/arm-none-eabi/13.3.1/../../../../arm-none-eabi/lib/thumb/v7e-m+fp/hard\libsupc++_nano.a
END GROUP
LOAD C:/ST/STM32CubeIDE_1.17.0/STM32CubeIDE/plugins/com.st.stm32cube.ide.mcu.externaltools.gnu-tools-for-stm32.13.3.rel1.win32_1.0.0.202411081344/tools/bin/../lib/gcc/arm-none-eabi/13.3.1/../../../../arm-none-eabi/lib/thumb/v7e-m+fp/hard\libstdc++_nano.a
LOAD C:/ST/STM32CubeIDE_1.17.0/STM32CubeIDE/plugins/com.st.stm32cube.ide.mcu.externaltools.gnu-tools-for-stm32.13.3.rel1.win32_1.0.0.202411081344/tools/bin/../lib/gcc/arm-none-eabi/13.3.1/../../../../arm-none-eabi/lib/thumb/v7e-m+fp/hard\libm.a
LOAD C:/ST/STM32CubeIDE_1.17.0/STM32CubeIDE/plugins/com.st.stm32cube.ide.mcu.externaltools.gnu-tools-for-stm32.13.3.rel1.win32_1.0.0.202411081344/tools/bin/../lib/gcc/arm-none-eabi/13.3.1/../../../../arm-none-eabi/lib/thumb/v7e-m+fp/hard\libc_nano.a
START GROUP
LOAD C:/ST/STM32CubeIDE_1.17.0/STM32CubeIDE/plugins/com.st.stm32cube.ide.mcu.externaltools.gnu-tools-for-stm32.13.3.rel1.win32_1.0.0.202411081344/tools/bin/../lib/gcc/arm-none-eabi/13.3.1/thumb/v7e-m+fp/hard\libgcc.a
LOAD C:/ST/STM32CubeIDE_1.17.0/STM32CubeIDE/plugins/com.st.stm32cube.ide.mcu.externaltools.gnu-tools-for-stm32.13.3.rel1.win32_1.0.0.202411081344/tools/bin/../lib/gcc/arm-none-eabi/13.3.1/../../../../arm-none-eabi/lib/thumb/v7e-m+fp/hard\libc_nano.a
END GROUP
START GROUP
LOAD C:/ST/STM32CubeIDE_1.17.0/STM32CubeIDE/plugins/com.st.stm32cube.ide.mcu.externaltools.gnu-tools-for-stm32.13.3.rel1.win32_1.0.0.202411081344/tools/bin/../lib/gcc/arm-none-eabi/13.3.1/thumb/v7e-m+fp/hard\libgcc.a
LOAD C:/ST/STM32CubeIDE_1.17.0/STM32CubeIDE/plugins/com.st.stm32cube.ide.mcu.externaltools.gnu-tools-for-stm32.13.3.rel1.win32_1.0.0.202411081344/tools/bin/../lib/gcc/arm-none-eabi/13.3.1/../../../../arm-none-eabi/lib/thumb/v7e-m+fp/hard\libc_nano.a
LOAD C:/ST/STM32CubeIDE_1.17.0/STM32CubeIDE/plugins/com.st.stm32cube.ide.mcu.externaltools.gnu-tools-for-stm32.13.3.rel1.win32_1.0.0.202411081344/tools/bin/../lib/gcc/arm-none-eabi/13.3.1/../../../../arm-none-eabi/lib/thumb/v7e-m+fp/hard\libnosys.a
END GROUP
START GROUP
LOAD C:/ST/STM32CubeIDE_1.17.0/STM32CubeIDE/plugins/com.st.stm32cube.ide.mcu.externaltools.gnu-tools-for-stm32.13.3.rel1.win32_1.0.0.202411081344/tools/bin/../lib/gcc/arm-none-eabi/13.3.1/thumb/v7e-m+fp/hard\libgcc.a
LOAD C:/ST/STM32CubeIDE_1.17.0/STM32CubeIDE/plugins/com.st.stm32cube.ide.mcu.externaltools.gnu-tools-for-stm32.13.3.rel1.win32_1.0.0.202411081344/tools/bin/../lib/gcc/arm-none-eabi/13.3.1/../../../../arm-none-eabi/lib/thumb/v7e-m+fp/hard\libc_nano.a
LOAD C:/ST/STM32CubeIDE_1.17.0/STM32CubeIDE/plugins/com.st.stm32cube.ide.mcu.externaltools.gnu-tools-for-stm32.13.3.rel1.win32_1.0.0.202411081344/tools/bin/../lib/gcc/arm-none-eabi/13.3.1/../../../../arm-none-eabi/lib/thumb/v7e-m+fp/hard\libnosys.a
END GROUP
LOAD C:/ST/STM32CubeIDE_1.17.0/STM32CubeIDE/plugins/com.st.stm32cube.ide.mcu.externaltools.gnu-tools-for-stm32.13.3.rel1.win32_1.0.0.202411081344/tools/bin/../lib/gcc/arm-none-eabi/13.3.1/thumb/v7e-m+fp/hard/crtend.o
LOAD C:/ST/STM32CubeIDE_1.17.0/STM32CubeIDE/plugins/com.st.stm32cube.ide.mcu.externaltools.gnu-tools-for-stm32.13.3.rel1.win32_1.0.0.202411081344/tools/bin/../lib/gcc/arm-none-eabi/13.3.1/thumb/v7e-m+fp/hard/crtn.o
                0x20030000                        _estack = (ORIGIN (RAM) + LENGTH (RAM))
                0x00000200                        _Min_Heap_Size = 0x200
                0x00000400                        _Min_Stack_Size = 0x400

.isr_vector     0x08000000      0x13c
                0x08000000                        . = ALIGN (0x4)
 *(.isr_vector)
 .isr_vector    0x08000000      0x13c ./Core/Startup/startup_stm32wb55cgux.o
                0x08000000                g_pfnVectors
                0x0800013c                        . = ALIGN (0x4)

.text           0x0800013c     0x4654
                0x0800013c                        . = ALIGN (0x4)
 *(.text)
 .text          0x0800013c       0x40 C:/ST/STM32CubeIDE_1.17.0/STM32CubeIDE/plugins/com.st.stm32cube.ide.mcu.externaltools.gnu-tools-for-stm32.13.3.rel1.win32_1.0.0.202411081344/tools/bin/../lib/gcc/arm-none-eabi/13.3.1/thumb/v7e-m+fp/hard/crtbegin.o
 *(.text*)
 .text._ZN14STM32_MAX31856C2EP19__SPI_HandleTypeDefP12GPIO_TypeDeft
                0x0800017c       0x34 ./Core/Src/STM32_MAX31856.o
                0x0800017c                STM32_MAX31856::STM32_MAX31856(__SPI_HandleTypeDef*, GPIO_TypeDef*, unsigned short)
                0x0800017c                STM32_MAX31856::STM32_MAX31856(__SPI_HandleTypeDef*, GPIO_TypeDef*, unsigned short)
 .text._ZN14STM32_MAX318568csSelectEv
                0x080001b0       0x20 ./Core/Src/STM32_MAX31856.o
                0x080001b0                STM32_MAX31856::csSelect()
 .text._ZN14STM32_MAX3185610csDeselectEv
                0x080001d0       0x20 ./Core/Src/STM32_MAX31856.o
                0x080001d0                STM32_MAX31856::csDeselect()
 .text._ZN14STM32_MAX318565beginEv
                0x080001f0       0x58 ./Core/Src/STM32_MAX31856.o
                0x080001f0                STM32_MAX31856::begin()
 .text._ZN14STM32_MAX3185617setConversionModeE26max31856_conversion_mode_t
                0x08000248       0x5c ./Core/Src/STM32_MAX31856.o
                0x08000248                STM32_MAX31856::setConversionMode(max31856_conversion_mode_t)
 .text._ZN14STM32_MAX3185619setThermocoupleTypeE27max31856_thermocoupletype_t
                0x080002a4       0x42 ./Core/Src/STM32_MAX31856.o
                0x080002a4                STM32_MAX31856::setThermocoupleType(max31856_thermocoupletype_t)
 .text._ZN14STM32_MAX3185619getThermocoupleTypeEv
                0x080002e6       0x26 ./Core/Src/STM32_MAX31856.o
                0x080002e6                STM32_MAX31856::getThermocoupleType()
 .text._ZN14STM32_MAX318569readFaultEv
                0x0800030c       0x1a ./Core/Src/STM32_MAX31856.o
                0x0800030c                STM32_MAX31856::readFault()
 .text._ZN14STM32_MAX3185613readRegister8Eh
                0x08000326       0x28 ./Core/Src/STM32_MAX31856.o
                0x08000326                STM32_MAX31856::readRegister8(unsigned char)
 .text._ZN14STM32_MAX3185613readRegisterNEhPhh
                0x0800034e       0x48 ./Core/Src/STM32_MAX31856.o
                0x0800034e                STM32_MAX31856::readRegisterN(unsigned char, unsigned char*, unsigned char)
 .text._ZN14STM32_MAX3185614writeRegister8Ehh
                0x08000396       0x44 ./Core/Src/STM32_MAX31856.o
                0x08000396                STM32_MAX31856::writeRegister8(unsigned char, unsigned char)
 .text.LL_AHB2_GRP1_EnableClock
                0x080003da       0x32 ./Core/Src/gpio.o
 .text.MX_GPIO_Init
                0x0800040c       0xac ./Core/Src/gpio.o
                0x0800040c                MX_GPIO_Init
 .text.LL_AHB2_GRP1_EnableClock
                0x080004b8       0x32 ./Core/Src/i2c.o
 .text.LL_APB1_GRP1_EnableClock
                0x080004ea       0x32 ./Core/Src/i2c.o
 .text.MX_I2C1_Init
                0x0800051c       0x80 ./Core/Src/i2c.o
                0x0800051c                MX_I2C1_Init
 .text.HAL_I2C_MspInit
                0x0800059c       0x90 ./Core/Src/i2c.o
                0x0800059c                HAL_I2C_MspInit
 .text.LL_AHB3_GRP1_EnableClock
                0x0800062c       0x32 ./Core/Src/ipcc.o
 *fill*         0x0800065e        0x2 
 .text.MX_IPCC_Init
                0x08000660       0x28 ./Core/Src/ipcc.o
                0x08000660                MX_IPCC_Init
 .text.HAL_IPCC_MspInit
                0x08000688       0x48 ./Core/Src/ipcc.o
                0x08000688                HAL_IPCC_MspInit
 .text.LL_RCC_LSE_SetDriveCapability
                0x080006d0       0x2c ./Core/Src/main.o
 .text.main     0x080006fc       0xdc ./Core/Src/main.o
                0x080006fc                main
 .text._Z18SystemClock_Configv
                0x080007d8      0x100 ./Core/Src/main.o
                0x080007d8                SystemClock_Config()
 .text._Z24PeriphCommonClock_Configv
                0x080008d8       0x4a ./Core/Src/main.o
                0x080008d8                PeriphCommonClock_Config()
 .text.Error_Handler
                0x08000922        0xc ./Core/Src/main.o
                0x08000922                Error_Handler
 .text.MX_RF_Init
                0x0800092e        0xe ./Core/Src/rf.o
                0x0800092e                MX_RF_Init
 .text.LL_RCC_EnableRTC
                0x0800093c       0x22 ./Core/Src/rtc.o
 .text.LL_APB1_GRP1_EnableClock
                0x0800095e       0x32 ./Core/Src/rtc.o
 .text.MX_RTC_Init
                0x08000990       0x64 ./Core/Src/rtc.o
                0x08000990                MX_RTC_Init
 .text.HAL_RTC_MspInit
                0x080009f4       0x68 ./Core/Src/rtc.o
                0x080009f4                HAL_RTC_MspInit
 .text.LL_AHB2_GRP1_EnableClock
                0x08000a5c       0x32 ./Core/Src/spi.o
 .text.LL_APB2_GRP1_EnableClock
                0x08000a8e       0x32 ./Core/Src/spi.o
 .text.MX_SPI1_Init
                0x08000ac0       0x7c ./Core/Src/spi.o
                0x08000ac0                MX_SPI1_Init
 .text.HAL_SPI_MspInit
                0x08000b3c       0x60 ./Core/Src/spi.o
                0x08000b3c                HAL_SPI_MspInit
 .text.LL_AHB3_GRP1_EnableClock
                0x08000b9c       0x32 ./Core/Src/stm32wbxx_hal_msp.o
 .text.HAL_MspInit
                0x08000bce       0x20 ./Core/Src/stm32wbxx_hal_msp.o
                0x08000bce                HAL_MspInit
 .text.NMI_Handler
                0x08000bee        0x8 ./Core/Src/stm32wbxx_it.o
                0x08000bee                NMI_Handler
 .text.HardFault_Handler
                0x08000bf6        0x8 ./Core/Src/stm32wbxx_it.o
                0x08000bf6                HardFault_Handler
 .text.MemManage_Handler
                0x08000bfe        0x8 ./Core/Src/stm32wbxx_it.o
                0x08000bfe                MemManage_Handler
 .text.BusFault_Handler
                0x08000c06        0x8 ./Core/Src/stm32wbxx_it.o
                0x08000c06                BusFault_Handler
 .text.UsageFault_Handler
                0x08000c0e        0x8 ./Core/Src/stm32wbxx_it.o
                0x08000c0e                UsageFault_Handler
 .text.SVC_Handler
                0x08000c16        0xe ./Core/Src/stm32wbxx_it.o
                0x08000c16                SVC_Handler
 .text.DebugMon_Handler
                0x08000c24        0xe ./Core/Src/stm32wbxx_it.o
                0x08000c24                DebugMon_Handler
 .text.PendSV_Handler
                0x08000c32        0xe ./Core/Src/stm32wbxx_it.o
                0x08000c32                PendSV_Handler
 .text.SysTick_Handler
                0x08000c40        0xc ./Core/Src/stm32wbxx_it.o
                0x08000c40                SysTick_Handler
 .text.RTC_WKUP_IRQHandler
                0x08000c4c       0x14 ./Core/Src/stm32wbxx_it.o
                0x08000c4c                RTC_WKUP_IRQHandler
 .text.IPCC_C1_RX_IRQHandler
                0x08000c60       0x14 ./Core/Src/stm32wbxx_it.o
                0x08000c60                IPCC_C1_RX_IRQHandler
 .text.IPCC_C1_TX_IRQHandler
                0x08000c74       0x14 ./Core/Src/stm32wbxx_it.o
                0x08000c74                IPCC_C1_TX_IRQHandler
 .text.HSEM_IRQHandler
                0x08000c88        0xc ./Core/Src/stm32wbxx_it.o
                0x08000c88                HSEM_IRQHandler
 .text.SystemInit
                0x08000c94       0xa4 ./Core/Src/system_stm32wbxx.o
                0x08000c94                SystemInit
 .text.LL_AHB2_GRP1_EnableClock
                0x08000d38       0x32 ./Core/Src/usb.o
 .text.LL_APB1_GRP1_EnableClock
                0x08000d6a       0x32 ./Core/Src/usb.o
 .text.MX_USB_PCD_Init
                0x08000d9c       0x50 ./Core/Src/usb.o
                0x08000d9c                MX_USB_PCD_Init
 .text.HAL_PCD_MspInit
                0x08000dec       0xac ./Core/Src/usb.o
                0x08000dec                HAL_PCD_MspInit
 .text.data_initializers
                0x08000e98       0x18 ./Core/Startup/startup_stm32wb55cgux.o
 .text.Reset_Handler
                0x08000eb0       0x58 ./Core/Startup/startup_stm32wb55cgux.o
                0x08000eb0                Reset_Handler
 .text.Default_Handler
                0x08000f08        0x2 ./Core/Startup/startup_stm32wb55cgux.o
                0x08000f08                RTC_Alarm_IRQHandler
                0x08000f08                EXTI2_IRQHandler
                0x08000f08                TIM1_CC_IRQHandler
                0x08000f08                TSC_IRQHandler
                0x08000f08                USB_HP_IRQHandler
                0x08000f08                EXTI3_IRQHandler
                0x08000f08                LPTIM2_IRQHandler
                0x08000f08                I2C3_ER_IRQHandler
                0x08000f08                EXTI0_IRQHandler
                0x08000f08                FPU_IRQHandler
                0x08000f08                TIM1_UP_TIM16_IRQHandler
                0x08000f08                AES1_IRQHandler
                0x08000f08                SPI1_IRQHandler
                0x08000f08                PWR_SOTF_BLEACT_802ACT_RFPHASE_IRQHandler
                0x08000f08                DMA2_Channel2_IRQHandler
                0x08000f08                DMA1_Channel4_IRQHandler
                0x08000f08                ADC1_IRQHandler
                0x08000f08                PKA_IRQHandler
                0x08000f08                DMA1_Channel7_IRQHandler
                0x08000f08                LCD_IRQHandler
                0x08000f08                DMA2_Channel1_IRQHandler
                0x08000f08                QUADSPI_IRQHandler
                0x08000f08                I2C1_EV_IRQHandler
                0x08000f08                DMAMUX1_OVR_IRQHandler
                0x08000f08                DMA1_Channel6_IRQHandler
                0x08000f08                DMA2_Channel4_IRQHandler
                0x08000f08                RCC_IRQHandler
                0x08000f08                DMA1_Channel1_IRQHandler
                0x08000f08                Default_Handler
                0x08000f08                DMA2_Channel7_IRQHandler
                0x08000f08                EXTI15_10_IRQHandler
                0x08000f08                C2SEV_PWR_C2H_IRQHandler
                0x08000f08                AES2_IRQHandler
                0x08000f08                I2C3_EV_IRQHandler
                0x08000f08                EXTI9_5_IRQHandler
                0x08000f08                PVD_PVM_IRQHandler
                0x08000f08                SPI2_IRQHandler
                0x08000f08                DMA2_Channel5_IRQHandler
                0x08000f08                CRS_IRQHandler
                0x08000f08                DMA1_Channel5_IRQHandler
                0x08000f08                USB_LP_IRQHandler
                0x08000f08                EXTI4_IRQHandler
                0x08000f08                RNG_IRQHandler
                0x08000f08                TIM1_TRG_COM_TIM17_IRQHandler
                0x08000f08                TAMP_STAMP_LSECSS_IRQHandler
                0x08000f08                DMA1_Channel3_IRQHandler
                0x08000f08                COMP_IRQHandler
                0x08000f08                WWDG_IRQHandler
                0x08000f08                LPUART1_IRQHandler
                0x08000f08                DMA2_Channel6_IRQHandler
                0x08000f08                TIM2_IRQHandler
                0x08000f08                TIM1_BRK_IRQHandler
                0x08000f08                EXTI1_IRQHandler
                0x08000f08                DMA1_Channel2_IRQHandler
                0x08000f08                FLASH_IRQHandler
                0x08000f08                USART1_IRQHandler
                0x08000f08                I2C1_ER_IRQHandler
                0x08000f08                LPTIM1_IRQHandler
                0x08000f08                SAI1_IRQHandler
                0x08000f08                DMA2_Channel3_IRQHandler
 *fill*         0x08000f0a        0x2 
 .text.HAL_Init
                0x08000f0c       0x40 ./Drivers/STM32WBxx_HAL_Driver/Src/stm32wbxx_hal.o
                0x08000f0c                HAL_Init
 .text.HAL_InitTick
                0x08000f4c       0x74 ./Drivers/STM32WBxx_HAL_Driver/Src/stm32wbxx_hal.o
                0x08000f4c                HAL_InitTick
 .text.HAL_IncTick
                0x08000fc0       0x28 ./Drivers/STM32WBxx_HAL_Driver/Src/stm32wbxx_hal.o
                0x08000fc0                HAL_IncTick
 .text.HAL_GetTick
                0x08000fe8       0x18 ./Drivers/STM32WBxx_HAL_Driver/Src/stm32wbxx_hal.o
                0x08000fe8                HAL_GetTick
 .text.HAL_GetTickPrio
                0x08001000       0x18 ./Drivers/STM32WBxx_HAL_Driver/Src/stm32wbxx_hal.o
                0x08001000                HAL_GetTickPrio
 .text.__NVIC_SetPriorityGrouping
                0x08001018       0x48 ./Drivers/STM32WBxx_HAL_Driver/Src/stm32wbxx_hal_cortex.o
 .text.__NVIC_GetPriorityGrouping
                0x08001060       0x1c ./Drivers/STM32WBxx_HAL_Driver/Src/stm32wbxx_hal_cortex.o
 .text.__NVIC_EnableIRQ
                0x0800107c       0x3c ./Drivers/STM32WBxx_HAL_Driver/Src/stm32wbxx_hal_cortex.o
 .text.__NVIC_SetPriority
                0x080010b8       0x54 ./Drivers/STM32WBxx_HAL_Driver/Src/stm32wbxx_hal_cortex.o
 .text.NVIC_EncodePriority
                0x0800110c       0x66 ./Drivers/STM32WBxx_HAL_Driver/Src/stm32wbxx_hal_cortex.o
 *fill*         0x08001172        0x2 
 .text.SysTick_Config
                0x08001174       0x44 ./Drivers/STM32WBxx_HAL_Driver/Src/stm32wbxx_hal_cortex.o
 .text.HAL_NVIC_SetPriorityGrouping
                0x080011b8       0x16 ./Drivers/STM32WBxx_HAL_Driver/Src/stm32wbxx_hal_cortex.o
                0x080011b8                HAL_NVIC_SetPriorityGrouping
 .text.HAL_NVIC_SetPriority
                0x080011ce       0x34 ./Drivers/STM32WBxx_HAL_Driver/Src/stm32wbxx_hal_cortex.o
                0x080011ce                HAL_NVIC_SetPriority
 .text.HAL_NVIC_EnableIRQ
                0x08001202       0x1c ./Drivers/STM32WBxx_HAL_Driver/Src/stm32wbxx_hal_cortex.o
                0x08001202                HAL_NVIC_EnableIRQ
 .text.HAL_SYSTICK_Config
                0x0800121e       0x18 ./Drivers/STM32WBxx_HAL_Driver/Src/stm32wbxx_hal_cortex.o
                0x0800121e                HAL_SYSTICK_Config
 *fill*         0x08001236        0x2 
 .text.HAL_GPIO_Init
                0x08001238      0x2e0 ./Drivers/STM32WBxx_HAL_Driver/Src/stm32wbxx_hal_gpio.o
                0x08001238                HAL_GPIO_Init
 .text.HAL_GPIO_WritePin
                0x08001518       0x30 ./Drivers/STM32WBxx_HAL_Driver/Src/stm32wbxx_hal_gpio.o
                0x08001518                HAL_GPIO_WritePin
 .text.HAL_HSEM_IRQHandler
                0x08001548       0x34 ./Drivers/STM32WBxx_HAL_Driver/Src/stm32wbxx_hal_hsem.o
                0x08001548                HAL_HSEM_IRQHandler
 .text.HAL_HSEM_FreeCallback
                0x0800157c       0x14 ./Drivers/STM32WBxx_HAL_Driver/Src/stm32wbxx_hal_hsem.o
                0x0800157c                HAL_HSEM_FreeCallback
 .text.HAL_I2C_Init
                0x08001590      0x136 ./Drivers/STM32WBxx_HAL_Driver/Src/stm32wbxx_hal_i2c.o
                0x08001590                HAL_I2C_Init
 .text.HAL_I2CEx_ConfigAnalogFilter
                0x080016c6       0x96 ./Drivers/STM32WBxx_HAL_Driver/Src/stm32wbxx_hal_i2c_ex.o
                0x080016c6                HAL_I2CEx_ConfigAnalogFilter
 .text.HAL_I2CEx_ConfigDigitalFilter
                0x0800175c       0x98 ./Drivers/STM32WBxx_HAL_Driver/Src/stm32wbxx_hal_i2c_ex.o
                0x0800175c                HAL_I2CEx_ConfigDigitalFilter
 .text.HAL_IPCC_Init
                0x080017f4       0x64 ./Drivers/STM32WBxx_HAL_Driver/Src/stm32wbxx_hal_ipcc.o
                0x080017f4                HAL_IPCC_Init
 .text.HAL_IPCC_TX_IRQHandler
                0x08001858       0x9c ./Drivers/STM32WBxx_HAL_Driver/Src/stm32wbxx_hal_ipcc.o
                0x08001858                HAL_IPCC_TX_IRQHandler
 .text.HAL_IPCC_RX_IRQHandler
                0x080018f4       0x98 ./Drivers/STM32WBxx_HAL_Driver/Src/stm32wbxx_hal_ipcc.o
                0x080018f4                HAL_IPCC_RX_IRQHandler
 .text.HAL_IPCC_RxCallback
                0x0800198c       0x1a ./Drivers/STM32WBxx_HAL_Driver/Src/stm32wbxx_hal_ipcc.o
                0x0800198c                HAL_IPCC_RxCallback
 .text.HAL_IPCC_TxCallback
                0x080019a6       0x1a ./Drivers/STM32WBxx_HAL_Driver/Src/stm32wbxx_hal_ipcc.o
                0x080019a6                HAL_IPCC_TxCallback
 .text.IPCC_SetDefaultCallbacks
                0x080019c0       0x4c ./Drivers/STM32WBxx_HAL_Driver/Src/stm32wbxx_hal_ipcc.o
                0x080019c0                IPCC_SetDefaultCallbacks
 .text.IPCC_Reset_Register
                0x08001a0c       0x28 ./Drivers/STM32WBxx_HAL_Driver/Src/stm32wbxx_hal_ipcc.o
                0x08001a0c                IPCC_Reset_Register
 .text.HAL_PCD_Init
                0x08001a34      0x19c ./Drivers/STM32WBxx_HAL_Driver/Src/stm32wbxx_hal_pcd.o
                0x08001a34                HAL_PCD_Init
 .text.HAL_PCDEx_ActivateLPM
                0x08001bd0       0x54 ./Drivers/STM32WBxx_HAL_Driver/Src/stm32wbxx_hal_pcd_ex.o
                0x08001bd0                HAL_PCDEx_ActivateLPM
 .text.HAL_PWR_EnableBkUpAccess
                0x08001c24       0x20 ./Drivers/STM32WBxx_HAL_Driver/Src/stm32wbxx_hal_pwr.o
                0x08001c24                HAL_PWR_EnableBkUpAccess
 .text.HAL_PWREx_GetVoltageRange
                0x08001c44       0x1c ./Drivers/STM32WBxx_HAL_Driver/Src/stm32wbxx_hal_pwr_ex.o
                0x08001c44                HAL_PWREx_GetVoltageRange
 .text.LL_RCC_HSE_IsEnabledDiv2
                0x08001c60       0x24 ./Drivers/STM32WBxx_HAL_Driver/Src/stm32wbxx_hal_rcc.o
 .text.LL_RCC_HSE_Enable
                0x08001c84       0x1e ./Drivers/STM32WBxx_HAL_Driver/Src/stm32wbxx_hal_rcc.o
 .text.LL_RCC_HSE_Disable
                0x08001ca2       0x1e ./Drivers/STM32WBxx_HAL_Driver/Src/stm32wbxx_hal_rcc.o
 .text.LL_RCC_HSE_IsReady
                0x08001cc0       0x24 ./Drivers/STM32WBxx_HAL_Driver/Src/stm32wbxx_hal_rcc.o
 .text.LL_RCC_HSI_Enable
                0x08001ce4       0x1e ./Drivers/STM32WBxx_HAL_Driver/Src/stm32wbxx_hal_rcc.o
 .text.LL_RCC_HSI_Disable
                0x08001d02       0x1e ./Drivers/STM32WBxx_HAL_Driver/Src/stm32wbxx_hal_rcc.o
 .text.LL_RCC_HSI_IsReady
                0x08001d20       0x24 ./Drivers/STM32WBxx_HAL_Driver/Src/stm32wbxx_hal_rcc.o
 .text.LL_RCC_HSI_SetCalibTrimming
                0x08001d44       0x2a ./Drivers/STM32WBxx_HAL_Driver/Src/stm32wbxx_hal_rcc.o
 .text.LL_RCC_HSI48_Enable
                0x08001d6e       0x22 ./Drivers/STM32WBxx_HAL_Driver/Src/stm32wbxx_hal_rcc.o
 .text.LL_RCC_HSI48_Disable
                0x08001d90       0x22 ./Drivers/STM32WBxx_HAL_Driver/Src/stm32wbxx_hal_rcc.o
 .text.LL_RCC_HSI48_IsReady
                0x08001db2       0x24 ./Drivers/STM32WBxx_HAL_Driver/Src/stm32wbxx_hal_rcc.o
 .text.LL_RCC_LSE_Enable
                0x08001dd6       0x22 ./Drivers/STM32WBxx_HAL_Driver/Src/stm32wbxx_hal_rcc.o
 .text.LL_RCC_LSE_Disable
                0x08001df8       0x22 ./Drivers/STM32WBxx_HAL_Driver/Src/stm32wbxx_hal_rcc.o
 .text.LL_RCC_LSE_EnableBypass
                0x08001e1a       0x22 ./Drivers/STM32WBxx_HAL_Driver/Src/stm32wbxx_hal_rcc.o
 .text.LL_RCC_LSE_DisableBypass
                0x08001e3c       0x22 ./Drivers/STM32WBxx_HAL_Driver/Src/stm32wbxx_hal_rcc.o
 .text.LL_RCC_LSE_IsReady
                0x08001e5e       0x24 ./Drivers/STM32WBxx_HAL_Driver/Src/stm32wbxx_hal_rcc.o
 .text.LL_RCC_LSI1_Enable
                0x08001e82       0x22 ./Drivers/STM32WBxx_HAL_Driver/Src/stm32wbxx_hal_rcc.o
 .text.LL_RCC_LSI1_Disable
                0x08001ea4       0x22 ./Drivers/STM32WBxx_HAL_Driver/Src/stm32wbxx_hal_rcc.o
 .text.LL_RCC_LSI1_IsReady
                0x08001ec6       0x24 ./Drivers/STM32WBxx_HAL_Driver/Src/stm32wbxx_hal_rcc.o
 .text.LL_RCC_LSI2_Enable
                0x08001eea       0x22 ./Drivers/STM32WBxx_HAL_Driver/Src/stm32wbxx_hal_rcc.o
 .text.LL_RCC_LSI2_Disable
                0x08001f0c       0x22 ./Drivers/STM32WBxx_HAL_Driver/Src/stm32wbxx_hal_rcc.o
 .text.LL_RCC_LSI2_IsReady
                0x08001f2e       0x24 ./Drivers/STM32WBxx_HAL_Driver/Src/stm32wbxx_hal_rcc.o
 .text.LL_RCC_LSI2_SetTrimming
                0x08001f52       0x2e ./Drivers/STM32WBxx_HAL_Driver/Src/stm32wbxx_hal_rcc.o
 .text.LL_RCC_MSI_Enable
                0x08001f80       0x1e ./Drivers/STM32WBxx_HAL_Driver/Src/stm32wbxx_hal_rcc.o
 .text.LL_RCC_MSI_Disable
                0x08001f9e       0x1e ./Drivers/STM32WBxx_HAL_Driver/Src/stm32wbxx_hal_rcc.o
 .text.LL_RCC_MSI_IsReady
                0x08001fbc       0x22 ./Drivers/STM32WBxx_HAL_Driver/Src/stm32wbxx_hal_rcc.o
 .text.LL_RCC_MSI_SetRange
                0x08001fde       0x28 ./Drivers/STM32WBxx_HAL_Driver/Src/stm32wbxx_hal_rcc.o
 .text.LL_RCC_MSI_GetRange
                0x08002006       0x2a ./Drivers/STM32WBxx_HAL_Driver/Src/stm32wbxx_hal_rcc.o
 .text.LL_RCC_MSI_SetCalibTrimming
                0x08002030       0x2a ./Drivers/STM32WBxx_HAL_Driver/Src/stm32wbxx_hal_rcc.o
 .text.LL_RCC_SetSysClkSource
                0x0800205a       0x28 ./Drivers/STM32WBxx_HAL_Driver/Src/stm32wbxx_hal_rcc.o
 .text.LL_RCC_GetSysClkSource
                0x08002082       0x18 ./Drivers/STM32WBxx_HAL_Driver/Src/stm32wbxx_hal_rcc.o
 .text.LL_RCC_SetAHBPrescaler
                0x0800209a       0x28 ./Drivers/STM32WBxx_HAL_Driver/Src/stm32wbxx_hal_rcc.o
 .text.LL_C2_RCC_SetAHBPrescaler
                0x080020c2       0x2c ./Drivers/STM32WBxx_HAL_Driver/Src/stm32wbxx_hal_rcc.o
 .text.LL_RCC_SetAHB4Prescaler
                0x080020ee       0x2e ./Drivers/STM32WBxx_HAL_Driver/Src/stm32wbxx_hal_rcc.o
 .text.LL_RCC_SetAPB1Prescaler
                0x0800211c       0x28 ./Drivers/STM32WBxx_HAL_Driver/Src/stm32wbxx_hal_rcc.o
 .text.LL_RCC_SetAPB2Prescaler
                0x08002144       0x28 ./Drivers/STM32WBxx_HAL_Driver/Src/stm32wbxx_hal_rcc.o
 .text.LL_RCC_GetAHBPrescaler
                0x0800216c       0x18 ./Drivers/STM32WBxx_HAL_Driver/Src/stm32wbxx_hal_rcc.o
 .text.LL_RCC_GetAHB4Prescaler
                0x08002184       0x1c ./Drivers/STM32WBxx_HAL_Driver/Src/stm32wbxx_hal_rcc.o
 .text.LL_RCC_PLL_Enable
                0x080021a0       0x1e ./Drivers/STM32WBxx_HAL_Driver/Src/stm32wbxx_hal_rcc.o
 .text.LL_RCC_PLL_Disable
                0x080021be       0x1e ./Drivers/STM32WBxx_HAL_Driver/Src/stm32wbxx_hal_rcc.o
 .text.LL_RCC_PLL_IsReady
                0x080021dc       0x24 ./Drivers/STM32WBxx_HAL_Driver/Src/stm32wbxx_hal_rcc.o
 .text.LL_RCC_PLL_GetN
                0x08002200       0x1a ./Drivers/STM32WBxx_HAL_Driver/Src/stm32wbxx_hal_rcc.o
 .text.LL_RCC_PLL_GetR
                0x0800221a       0x18 ./Drivers/STM32WBxx_HAL_Driver/Src/stm32wbxx_hal_rcc.o
 .text.LL_RCC_PLL_GetDivider
                0x08002232       0x18 ./Drivers/STM32WBxx_HAL_Driver/Src/stm32wbxx_hal_rcc.o
 .text.LL_RCC_PLL_GetMainSource
                0x0800224a       0x18 ./Drivers/STM32WBxx_HAL_Driver/Src/stm32wbxx_hal_rcc.o
 .text.LL_RCC_IsActiveFlag_HPRE
                0x08002262       0x24 ./Drivers/STM32WBxx_HAL_Driver/Src/stm32wbxx_hal_rcc.o
 .text.LL_RCC_IsActiveFlag_C2HPRE
                0x08002286       0x26 ./Drivers/STM32WBxx_HAL_Driver/Src/stm32wbxx_hal_rcc.o
 .text.LL_RCC_IsActiveFlag_SHDHPRE
                0x080022ac       0x26 ./Drivers/STM32WBxx_HAL_Driver/Src/stm32wbxx_hal_rcc.o
 .text.LL_RCC_IsActiveFlag_PPRE1
                0x080022d2       0x24 ./Drivers/STM32WBxx_HAL_Driver/Src/stm32wbxx_hal_rcc.o
 .text.LL_RCC_IsActiveFlag_PPRE2
                0x080022f6       0x24 ./Drivers/STM32WBxx_HAL_Driver/Src/stm32wbxx_hal_rcc.o
 *fill*         0x0800231a        0x2 
 .text.HAL_RCC_OscConfig
                0x0800231c      0x6e8 ./Drivers/STM32WBxx_HAL_Driver/Src/stm32wbxx_hal_rcc.o
                0x0800231c                HAL_RCC_OscConfig
 .text.HAL_RCC_ClockConfig
                0x08002a04      0x280 ./Drivers/STM32WBxx_HAL_Driver/Src/stm32wbxx_hal_rcc.o
                0x08002a04                HAL_RCC_ClockConfig
 .text.HAL_RCC_GetSysClockFreq
                0x08002c84       0xd8 ./Drivers/STM32WBxx_HAL_Driver/Src/stm32wbxx_hal_rcc.o
                0x08002c84                HAL_RCC_GetSysClockFreq
 .text.HAL_RCC_GetHCLKFreq
                0x08002d5c       0x28 ./Drivers/STM32WBxx_HAL_Driver/Src/stm32wbxx_hal_rcc.o
                0x08002d5c                HAL_RCC_GetHCLKFreq
 .text.RCC_SetFlashLatencyFromMSIRange
                0x08002d84       0x70 ./Drivers/STM32WBxx_HAL_Driver/Src/stm32wbxx_hal_rcc.o
 .text.RCC_SetFlashLatency
                0x08002df4       0xf8 ./Drivers/STM32WBxx_HAL_Driver/Src/stm32wbxx_hal_rcc.o
 .text.LL_RCC_LSE_IsEnabled
                0x08002eec       0x24 ./Drivers/STM32WBxx_HAL_Driver/Src/stm32wbxx_hal_rcc_ex.o
 .text.LL_RCC_LSE_IsReady
                0x08002f10       0x24 ./Drivers/STM32WBxx_HAL_Driver/Src/stm32wbxx_hal_rcc_ex.o
 .text.LL_RCC_MSI_EnablePLLMode
                0x08002f34       0x1e ./Drivers/STM32WBxx_HAL_Driver/Src/stm32wbxx_hal_rcc_ex.o
 .text.LL_RCC_SetRFWKPClockSource
                0x08002f52       0x2c ./Drivers/STM32WBxx_HAL_Driver/Src/stm32wbxx_hal_rcc_ex.o
 .text.LL_RCC_SetSMPSClockSource
                0x08002f7e       0x28 ./Drivers/STM32WBxx_HAL_Driver/Src/stm32wbxx_hal_rcc_ex.o
 .text.LL_RCC_SetSMPSPrescaler
                0x08002fa6       0x28 ./Drivers/STM32WBxx_HAL_Driver/Src/stm32wbxx_hal_rcc_ex.o
 .text.LL_RCC_SetUSARTClockSource
                0x08002fce       0x2c ./Drivers/STM32WBxx_HAL_Driver/Src/stm32wbxx_hal_rcc_ex.o
 .text.LL_RCC_SetLPUARTClockSource
                0x08002ffa       0x2c ./Drivers/STM32WBxx_HAL_Driver/Src/stm32wbxx_hal_rcc_ex.o
 .text.LL_RCC_SetI2CClockSource
                0x08003026       0x3a ./Drivers/STM32WBxx_HAL_Driver/Src/stm32wbxx_hal_rcc_ex.o
 .text.LL_RCC_SetLPTIMClockSource
                0x08003060       0x34 ./Drivers/STM32WBxx_HAL_Driver/Src/stm32wbxx_hal_rcc_ex.o
 .text.LL_RCC_SetSAIClockSource
                0x08003094       0x2c ./Drivers/STM32WBxx_HAL_Driver/Src/stm32wbxx_hal_rcc_ex.o
 .text.LL_RCC_SetRNGClockSource
                0x080030c0       0x2c ./Drivers/STM32WBxx_HAL_Driver/Src/stm32wbxx_hal_rcc_ex.o
 .text.LL_RCC_SetCLK48ClockSource
                0x080030ec       0x2c ./Drivers/STM32WBxx_HAL_Driver/Src/stm32wbxx_hal_rcc_ex.o
 .text.LL_RCC_SetUSBClockSource
                0x08003118       0x16 ./Drivers/STM32WBxx_HAL_Driver/Src/stm32wbxx_hal_rcc_ex.o
 .text.LL_RCC_SetADCClockSource
                0x0800312e       0x2c ./Drivers/STM32WBxx_HAL_Driver/Src/stm32wbxx_hal_rcc_ex.o
 .text.LL_RCC_SetRTCClockSource
                0x0800315a       0x2c ./Drivers/STM32WBxx_HAL_Driver/Src/stm32wbxx_hal_rcc_ex.o
 .text.LL_RCC_GetRTCClockSource
                0x08003186       0x1a ./Drivers/STM32WBxx_HAL_Driver/Src/stm32wbxx_hal_rcc_ex.o
 .text.LL_RCC_ForceBackupDomainReset
                0x080031a0       0x22 ./Drivers/STM32WBxx_HAL_Driver/Src/stm32wbxx_hal_rcc_ex.o
 .text.LL_RCC_ReleaseBackupDomainReset
                0x080031c2       0x22 ./Drivers/STM32WBxx_HAL_Driver/Src/stm32wbxx_hal_rcc_ex.o
 .text.LL_RCC_PLLSAI1_Enable
                0x080031e4       0x1e ./Drivers/STM32WBxx_HAL_Driver/Src/stm32wbxx_hal_rcc_ex.o
 .text.LL_RCC_PLLSAI1_Disable
                0x08003202       0x1e ./Drivers/STM32WBxx_HAL_Driver/Src/stm32wbxx_hal_rcc_ex.o
 .text.LL_RCC_PLLSAI1_IsReady
                0x08003220       0x24 ./Drivers/STM32WBxx_HAL_Driver/Src/stm32wbxx_hal_rcc_ex.o
 .text.HAL_RCCEx_PeriphCLKConfig
                0x08003244      0x2ec ./Drivers/STM32WBxx_HAL_Driver/Src/stm32wbxx_hal_rcc_ex.o
                0x08003244                HAL_RCCEx_PeriphCLKConfig
 .text.HAL_RCCEx_EnableMSIPLLMode
                0x08003530        0xc ./Drivers/STM32WBxx_HAL_Driver/Src/stm32wbxx_hal_rcc_ex.o
                0x08003530                HAL_RCCEx_EnableMSIPLLMode
 .text.RCCEx_PLLSAI1_ConfigNP
                0x0800353c       0xb6 ./Drivers/STM32WBxx_HAL_Driver/Src/stm32wbxx_hal_rcc_ex.o
 .text.RCCEx_PLLSAI1_ConfigNQ
                0x080035f2       0xb6 ./Drivers/STM32WBxx_HAL_Driver/Src/stm32wbxx_hal_rcc_ex.o
 .text.RCCEx_PLLSAI1_ConfigNR
                0x080036a8       0xb6 ./Drivers/STM32WBxx_HAL_Driver/Src/stm32wbxx_hal_rcc_ex.o
 .text.HAL_RTC_Init
                0x0800375e      0x114 ./Drivers/STM32WBxx_HAL_Driver/Src/stm32wbxx_hal_rtc.o
                0x0800375e                HAL_RTC_Init
 *fill*         0x08003872        0x2 
 .text.HAL_RTC_WaitForSynchro
                0x08003874       0x4c ./Drivers/STM32WBxx_HAL_Driver/Src/stm32wbxx_hal_rtc.o
                0x08003874                HAL_RTC_WaitForSynchro
 .text.RTC_EnterInitMode
                0x080038c0       0x70 ./Drivers/STM32WBxx_HAL_Driver/Src/stm32wbxx_hal_rtc.o
                0x080038c0                RTC_EnterInitMode
 .text.RTC_ExitInitMode
                0x08003930       0x4c ./Drivers/STM32WBxx_HAL_Driver/Src/stm32wbxx_hal_rtc.o
                0x08003930                RTC_ExitInitMode
 .text.HAL_RTCEx_SetWakeUpTimer_IT
                0x0800397c      0x198 ./Drivers/STM32WBxx_HAL_Driver/Src/stm32wbxx_hal_rtc_ex.o
                0x0800397c                HAL_RTCEx_SetWakeUpTimer_IT
 .text.HAL_RTCEx_WakeUpTimerIRQHandler
                0x08003b14       0x4c ./Drivers/STM32WBxx_HAL_Driver/Src/stm32wbxx_hal_rtc_ex.o
                0x08003b14                HAL_RTCEx_WakeUpTimerIRQHandler
 .text.HAL_RTCEx_WakeUpTimerEventCallback
                0x08003b60       0x14 ./Drivers/STM32WBxx_HAL_Driver/Src/stm32wbxx_hal_rtc_ex.o
                0x08003b60                HAL_RTCEx_WakeUpTimerEventCallback
 .text.HAL_SPI_Init
                0x08003b74      0x146 ./Drivers/STM32WBxx_HAL_Driver/Src/stm32wbxx_hal_spi.o
                0x08003b74                HAL_SPI_Init
 .text.HAL_SPI_Transmit
                0x08003cba      0x2ec ./Drivers/STM32WBxx_HAL_Driver/Src/stm32wbxx_hal_spi.o
                0x08003cba                HAL_SPI_Transmit
 .text.HAL_SPI_TransmitReceive
                0x08003fa6      0x43e ./Drivers/STM32WBxx_HAL_Driver/Src/stm32wbxx_hal_spi.o
                0x08003fa6                HAL_SPI_TransmitReceive
 .text.SPI_WaitFlagStateUntilTimeout
                0x080043e4      0x110 ./Drivers/STM32WBxx_HAL_Driver/Src/stm32wbxx_hal_spi.o
 .text.SPI_WaitFifoStateUntilTimeout
                0x080044f4      0x12c ./Drivers/STM32WBxx_HAL_Driver/Src/stm32wbxx_hal_spi.o
 .text.SPI_EndRxTxTransaction
                0x08004620       0x8c ./Drivers/STM32WBxx_HAL_Driver/Src/stm32wbxx_hal_spi.o
 .text.USB_DisableGlobalInt
                0x080046ac       0x36 ./Drivers/STM32WBxx_HAL_Driver/Src/stm32wbxx_ll_usb.o
                0x080046ac                USB_DisableGlobalInt
 .text.USB_DevInit
                0x080046e2       0x3c ./Drivers/STM32WBxx_HAL_Driver/Src/stm32wbxx_ll_usb.o
                0x080046e2                USB_DevInit
 .text.memset   0x0800471e       0x10 C:/ST/STM32CubeIDE_1.17.0/STM32CubeIDE/plugins/com.st.stm32cube.ide.mcu.externaltools.gnu-tools-for-stm32.13.3.rel1.win32_1.0.0.202411081344/tools/bin/../lib/gcc/arm-none-eabi/13.3.1/../../../../arm-none-eabi/lib/thumb/v7e-m+fp/hard\libc_nano.a(libc_a-memset.o)
                0x0800471e                memset
 *fill*         0x0800472e        0x2 
 .text.__libc_init_array
                0x08004730       0x48 C:/ST/STM32CubeIDE_1.17.0/STM32CubeIDE/plugins/com.st.stm32cube.ide.mcu.externaltools.gnu-tools-for-stm32.13.3.rel1.win32_1.0.0.202411081344/tools/bin/../lib/gcc/arm-none-eabi/13.3.1/../../../../arm-none-eabi/lib/thumb/v7e-m+fp/hard\libc_nano.a(libc_a-init.o)
                0x08004730                __libc_init_array
 *(.glue_7)
 .glue_7        0x08004778        0x0 linker stubs
 *(.glue_7t)
 .glue_7t       0x08004778        0x0 linker stubs
 *(.eh_frame)
 .eh_frame      0x08004778        0x0 C:/ST/STM32CubeIDE_1.17.0/STM32CubeIDE/plugins/com.st.stm32cube.ide.mcu.externaltools.gnu-tools-for-stm32.13.3.rel1.win32_1.0.0.202411081344/tools/bin/../lib/gcc/arm-none-eabi/13.3.1/thumb/v7e-m+fp/hard/crtbegin.o
 *(.init)
 .init          0x08004778        0x4 C:/ST/STM32CubeIDE_1.17.0/STM32CubeIDE/plugins/com.st.stm32cube.ide.mcu.externaltools.gnu-tools-for-stm32.13.3.rel1.win32_1.0.0.202411081344/tools/bin/../lib/gcc/arm-none-eabi/13.3.1/thumb/v7e-m+fp/hard/crti.o
                0x08004778                _init
 .init          0x0800477c        0x8 C:/ST/STM32CubeIDE_1.17.0/STM32CubeIDE/plugins/com.st.stm32cube.ide.mcu.externaltools.gnu-tools-for-stm32.13.3.rel1.win32_1.0.0.202411081344/tools/bin/../lib/gcc/arm-none-eabi/13.3.1/thumb/v7e-m+fp/hard/crtn.o
 *(.fini)
 .fini          0x08004784        0x4 C:/ST/STM32CubeIDE_1.17.0/STM32CubeIDE/plugins/com.st.stm32cube.ide.mcu.externaltools.gnu-tools-for-stm32.13.3.rel1.win32_1.0.0.202411081344/tools/bin/../lib/gcc/arm-none-eabi/13.3.1/thumb/v7e-m+fp/hard/crti.o
                0x08004784                _fini
 .fini          0x08004788        0x8 C:/ST/STM32CubeIDE_1.17.0/STM32CubeIDE/plugins/com.st.stm32cube.ide.mcu.externaltools.gnu-tools-for-stm32.13.3.rel1.win32_1.0.0.202411081344/tools/bin/../lib/gcc/arm-none-eabi/13.3.1/thumb/v7e-m+fp/hard/crtn.o
                0x08004790                        . = ALIGN (0x4)
                0x08004790                        _etext = .

.vfp11_veneer   0x08004790        0x0
 .vfp11_veneer  0x08004790        0x0 linker stubs

.v4_bx          0x08004790        0x0
 .v4_bx         0x08004790        0x0 linker stubs

.iplt           0x08004790        0x0
 .iplt          0x08004790        0x0 C:/ST/STM32CubeIDE_1.17.0/STM32CubeIDE/plugins/com.st.stm32cube.ide.mcu.externaltools.gnu-tools-for-stm32.13.3.rel1.win32_1.0.0.202411081344/tools/bin/../lib/gcc/arm-none-eabi/13.3.1/thumb/v7e-m+fp/hard/crtbegin.o

.rodata         0x08004790       0xac
                0x08004790                        . = ALIGN (0x4)
 *(.rodata)
 .rodata        0x08004790       0x2c ./Drivers/STM32WBxx_HAL_Driver/Src/stm32wbxx_hal_rcc.o
 *(.rodata*)
 .rodata.AHBPrescTable
                0x080047bc       0x40 ./Core/Src/system_stm32wbxx.o
                0x080047bc                AHBPrescTable
 .rodata.MSIRangeTable
                0x080047fc       0x40 ./Core/Src/system_stm32wbxx.o
                0x080047fc                MSIRangeTable
                0x0800483c                        . = ALIGN (0x4)

.ARM.extab
 *(.ARM.extab* .gnu.linkonce.armextab.*)

.ARM            0x0800483c        0x0
                0x0800483c                        __exidx_start = .
 *(.ARM.exidx*)
                0x0800483c                        __exidx_end = .

.preinit_array  0x0800483c        0x0
                0x0800483c                        PROVIDE (__preinit_array_start = .)
 *(.preinit_array*)
                0x0800483c                        PROVIDE (__preinit_array_end = .)

.init_array     0x0800483c        0x4
                0x0800483c                        PROVIDE (__init_array_start = .)
 *(SORT_BY_NAME(.init_array.*))
 *(.init_array*)
 .init_array    0x0800483c        0x4 C:/ST/STM32CubeIDE_1.17.0/STM32CubeIDE/plugins/com.st.stm32cube.ide.mcu.externaltools.gnu-tools-for-stm32.13.3.rel1.win32_1.0.0.202411081344/tools/bin/../lib/gcc/arm-none-eabi/13.3.1/thumb/v7e-m+fp/hard/crtbegin.o
                0x08004840                        PROVIDE (__init_array_end = .)

.fini_array     0x08004840        0x4
                [!provide]                        PROVIDE (__fini_array_start = .)
 *(SORT_BY_NAME(.fini_array.*))
 *(.fini_array*)
 .fini_array    0x08004840        0x4 C:/ST/STM32CubeIDE_1.17.0/STM32CubeIDE/plugins/com.st.stm32cube.ide.mcu.externaltools.gnu-tools-for-stm32.13.3.rel1.win32_1.0.0.202411081344/tools/bin/../lib/gcc/arm-none-eabi/13.3.1/thumb/v7e-m+fp/hard/crtbegin.o
                [!provide]                        PROVIDE (__fini_array_end = .)
                0x08004844                        _sidata = LOADADDR (.data)

.rel.dyn        0x08004844        0x0
 .rel.iplt      0x08004844        0x0 C:/ST/STM32CubeIDE_1.17.0/STM32CubeIDE/plugins/com.st.stm32cube.ide.mcu.externaltools.gnu-tools-for-stm32.13.3.rel1.win32_1.0.0.202411081344/tools/bin/../lib/gcc/arm-none-eabi/13.3.1/thumb/v7e-m+fp/hard/crtbegin.o

.data           0x20000008        0xc load address 0x08004844
                0x20000008                        . = ALIGN (0x4)
                0x20000008                        _sdata = .
 *(.data)
 *(.data*)
 .data.SystemCoreClock
                0x20000008        0x4 ./Core/Src/system_stm32wbxx.o
                0x20000008                SystemCoreClock
 .data.uwTickPrio
                0x2000000c        0x4 ./Drivers/STM32WBxx_HAL_Driver/Src/stm32wbxx_hal.o
                0x2000000c                uwTickPrio
 .data.uwTickFreq
                0x20000010        0x1 ./Drivers/STM32WBxx_HAL_Driver/Src/stm32wbxx_hal.o
                0x20000010                uwTickFreq
 *(.RamFunc)
 *(.RamFunc*)
                0x20000014                        . = ALIGN (0x4)
 *fill*         0x20000011        0x3 
                0x20000014                        _edata = .

.igot.plt       0x20000014        0x0 load address 0x08004850
 .igot.plt      0x20000014        0x0 C:/ST/STM32CubeIDE_1.17.0/STM32CubeIDE/plugins/com.st.stm32cube.ide.mcu.externaltools.gnu-tools-for-stm32.13.3.rel1.win32_1.0.0.202411081344/tools/bin/../lib/gcc/arm-none-eabi/13.3.1/thumb/v7e-m+fp/hard/crtbegin.o
                0x20000014                        . = ALIGN (0x4)

.bss            0x20000014      0x414 load address 0x08004850
                0x20000014                        _sbss = .
                0x20000014                        __bss_start__ = _sbss
 *(.bss)
 .bss           0x20000014       0x1c C:/ST/STM32CubeIDE_1.17.0/STM32CubeIDE/plugins/com.st.stm32cube.ide.mcu.externaltools.gnu-tools-for-stm32.13.3.rel1.win32_1.0.0.202411081344/tools/bin/../lib/gcc/arm-none-eabi/13.3.1/thumb/v7e-m+fp/hard/crtbegin.o
 *(.bss*)
 .bss.hi2c1     0x20000030       0x54 ./Core/Src/i2c.o
                0x20000030                hi2c1
 .bss.hipcc     0x20000084       0x3c ./Core/Src/ipcc.o
                0x20000084                hipcc
 .bss.hrtc      0x200000c0       0x24 ./Core/Src/rtc.o
                0x200000c0                hrtc
 .bss.hspi1     0x200000e4       0x64 ./Core/Src/spi.o
                0x200000e4                hspi1
 .bss.hpcd_USB_FS
                0x20000148      0x2dc ./Core/Src/usb.o
                0x20000148                hpcd_USB_FS
 .bss.uwTick    0x20000424        0x4 ./Drivers/STM32WBxx_HAL_Driver/Src/stm32wbxx_hal.o
                0x20000424                uwTick
 *(COMMON)
                0x20000428                        . = ALIGN (0x4)
                0x20000428                        _ebss = .
                0x20000428                        __bss_end__ = _ebss

._user_heap_stack
                0x20000428      0x600 load address 0x08004850
                0x20000428                        . = ALIGN (0x8)
                [!provide]                        PROVIDE (end = .)
                0x20000428                        PROVIDE (_end = .)
                0x20000628                        . = (. + _Min_Heap_Size)
 *fill*         0x20000428      0x200 
                0x20000a28                        . = (. + _Min_Stack_Size)
 *fill*         0x20000628      0x400 
                0x20000a28                        . = ALIGN (0x8)

/DISCARD/
 libc.a(*)
 libm.a(*)
 libgcc.a(*)

.ARM.attributes
                0x00000000       0x30
 *(.ARM.attributes)
 .ARM.attributes
                0x00000000       0x22 C:/ST/STM32CubeIDE_1.17.0/STM32CubeIDE/plugins/com.st.stm32cube.ide.mcu.externaltools.gnu-tools-for-stm32.13.3.rel1.win32_1.0.0.202411081344/tools/bin/../lib/gcc/arm-none-eabi/13.3.1/thumb/v7e-m+fp/hard/crti.o
 .ARM.attributes
                0x00000022       0x34 C:/ST/STM32CubeIDE_1.17.0/STM32CubeIDE/plugins/com.st.stm32cube.ide.mcu.externaltools.gnu-tools-for-stm32.13.3.rel1.win32_1.0.0.202411081344/tools/bin/../lib/gcc/arm-none-eabi/13.3.1/thumb/v7e-m+fp/hard/crtbegin.o
 .ARM.attributes
                0x00000056       0x34 ./Core/Src/STM32_MAX31856.o
 .ARM.attributes
                0x0000008a       0x34 ./Core/Src/gpio.o
 .ARM.attributes
                0x000000be       0x34 ./Core/Src/i2c.o
 .ARM.attributes
                0x000000f2       0x34 ./Core/Src/ipcc.o
 .ARM.attributes
                0x00000126       0x34 ./Core/Src/main.o
 .ARM.attributes
                0x0000015a       0x34 ./Core/Src/rf.o
 .ARM.attributes
                0x0000018e       0x34 ./Core/Src/rtc.o
 .ARM.attributes
                0x000001c2       0x34 ./Core/Src/spi.o
 .ARM.attributes
                0x000001f6       0x34 ./Core/Src/stm32wbxx_hal_msp.o
 .ARM.attributes
                0x0000022a       0x34 ./Core/Src/stm32wbxx_it.o
 .ARM.attributes
                0x0000025e       0x34 ./Core/Src/system_stm32wbxx.o
 .ARM.attributes
                0x00000292       0x34 ./Core/Src/usb.o
 .ARM.attributes
                0x000002c6       0x21 ./Core/Startup/startup_stm32wb55cgux.o
 .ARM.attributes
                0x000002e7       0x34 ./Drivers/STM32WBxx_HAL_Driver/Src/stm32wbxx_hal.o
 .ARM.attributes
                0x0000031b       0x34 ./Drivers/STM32WBxx_HAL_Driver/Src/stm32wbxx_hal_cortex.o
 .ARM.attributes
                0x0000034f       0x34 ./Drivers/STM32WBxx_HAL_Driver/Src/stm32wbxx_hal_gpio.o
 .ARM.attributes
                0x00000383       0x34 ./Drivers/STM32WBxx_HAL_Driver/Src/stm32wbxx_hal_hsem.o
 .ARM.attributes
                0x000003b7       0x34 ./Drivers/STM32WBxx_HAL_Driver/Src/stm32wbxx_hal_i2c.o
 .ARM.attributes
                0x000003eb       0x34 ./Drivers/STM32WBxx_HAL_Driver/Src/stm32wbxx_hal_i2c_ex.o
 .ARM.attributes
                0x0000041f       0x34 ./Drivers/STM32WBxx_HAL_Driver/Src/stm32wbxx_hal_ipcc.o
 .ARM.attributes
                0x00000453       0x34 ./Drivers/STM32WBxx_HAL_Driver/Src/stm32wbxx_hal_pcd.o
 .ARM.attributes
                0x00000487       0x34 ./Drivers/STM32WBxx_HAL_Driver/Src/stm32wbxx_hal_pcd_ex.o
 .ARM.attributes
                0x000004bb       0x34 ./Drivers/STM32WBxx_HAL_Driver/Src/stm32wbxx_hal_pwr.o
 .ARM.attributes
                0x000004ef       0x34 ./Drivers/STM32WBxx_HAL_Driver/Src/stm32wbxx_hal_pwr_ex.o
 .ARM.attributes
                0x00000523       0x34 ./Drivers/STM32WBxx_HAL_Driver/Src/stm32wbxx_hal_rcc.o
 .ARM.attributes
                0x00000557       0x34 ./Drivers/STM32WBxx_HAL_Driver/Src/stm32wbxx_hal_rcc_ex.o
 .ARM.attributes
                0x0000058b       0x34 ./Drivers/STM32WBxx_HAL_Driver/Src/stm32wbxx_hal_rtc.o
 .ARM.attributes
                0x000005bf       0x34 ./Drivers/STM32WBxx_HAL_Driver/Src/stm32wbxx_hal_rtc_ex.o
 .ARM.attributes
                0x000005f3       0x34 ./Drivers/STM32WBxx_HAL_Driver/Src/stm32wbxx_hal_spi.o
 .ARM.attributes
                0x00000627       0x34 ./Drivers/STM32WBxx_HAL_Driver/Src/stm32wbxx_ll_usb.o
 .ARM.attributes
                0x0000065b       0x34 C:/ST/STM32CubeIDE_1.17.0/STM32CubeIDE/plugins/com.st.stm32cube.ide.mcu.externaltools.gnu-tools-for-stm32.13.3.rel1.win32_1.0.0.202411081344/tools/bin/../lib/gcc/arm-none-eabi/13.3.1/../../../../arm-none-eabi/lib/thumb/v7e-m+fp/hard\libc_nano.a(libc_a-memset.o)
 .ARM.attributes
                0x0000068f       0x34 C:/ST/STM32CubeIDE_1.17.0/STM32CubeIDE/plugins/com.st.stm32cube.ide.mcu.externaltools.gnu-tools-for-stm32.13.3.rel1.win32_1.0.0.202411081344/tools/bin/../lib/gcc/arm-none-eabi/13.3.1/../../../../arm-none-eabi/lib/thumb/v7e-m+fp/hard\libc_nano.a(libc_a-init.o)
 .ARM.attributes
                0x000006c3       0x22 C:/ST/STM32CubeIDE_1.17.0/STM32CubeIDE/plugins/com.st.stm32cube.ide.mcu.externaltools.gnu-tools-for-stm32.13.3.rel1.win32_1.0.0.202411081344/tools/bin/../lib/gcc/arm-none-eabi/13.3.1/thumb/v7e-m+fp/hard/crtn.o

MAPPING_TABLE
 *(MAPPING_TABLE)

MB_MEM1
 *(MB_MEM1)
                0x08004850                        _siMB_MEM2 = LOADADDR (.MB_MEM2)

.MB_MEM2        0x20030000        0x0 load address 0x08004850
                0x20030000                        _sMB_MEM2 = .
 *(MB_MEM2)
                0x20030000                        _eMB_MEM2 = .
OUTPUT(DeltaTPlus.elf elf32-littlearm)
LOAD linker stubs
LOAD C:/ST/STM32CubeIDE_1.17.0/STM32CubeIDE/plugins/com.st.stm32cube.ide.mcu.externaltools.gnu-tools-for-stm32.13.3.rel1.win32_1.0.0.202411081344/tools/bin/../lib/gcc/arm-none-eabi/13.3.1/../../../../arm-none-eabi/lib/thumb/v7e-m+fp/hard\libc.a
LOAD C:/ST/STM32CubeIDE_1.17.0/STM32CubeIDE/plugins/com.st.stm32cube.ide.mcu.externaltools.gnu-tools-for-stm32.13.3.rel1.win32_1.0.0.202411081344/tools/bin/../lib/gcc/arm-none-eabi/13.3.1/../../../../arm-none-eabi/lib/thumb/v7e-m+fp/hard\libm.a
LOAD C:/ST/STM32CubeIDE_1.17.0/STM32CubeIDE/plugins/com.st.stm32cube.ide.mcu.externaltools.gnu-tools-for-stm32.13.3.rel1.win32_1.0.0.202411081344/tools/bin/../lib/gcc/arm-none-eabi/13.3.1/thumb/v7e-m+fp/hard\libgcc.a

.debug_info     0x00000000    0x1c084
 .debug_info    0x00000000     0x2f46 ./Core/Src/STM32_MAX31856.o
 .debug_info    0x00002f46      0x57f ./Core/Src/gpio.o
 .debug_info    0x000034c5      0xe8a ./Core/Src/i2c.o
 .debug_info    0x0000434f      0x81c ./Core/Src/ipcc.o
 .debug_info    0x00004b6b     0x2dad ./Core/Src/main.o
 .debug_info    0x00007918       0x8a ./Core/Src/rf.o
 .debug_info    0x000079a2      0xc1c ./Core/Src/rtc.o
 .debug_info    0x000085be      0xc50 ./Core/Src/spi.o
 .debug_info    0x0000920e      0x5e0 ./Core/Src/stm32wbxx_hal_msp.o
 .debug_info    0x000097ee      0x62f ./Core/Src/stm32wbxx_it.o
 .debug_info    0x00009e1d      0x703 ./Core/Src/system_stm32wbxx.o
 .debug_info    0x0000a520      0xd23 ./Core/Src/usb.o
 .debug_info    0x0000b243       0x30 ./Core/Startup/startup_stm32wb55cgux.o
 .debug_info    0x0000b273     0x12ae ./Drivers/STM32WBxx_HAL_Driver/Src/stm32wbxx_hal.o
 .debug_info    0x0000c521      0xccd ./Drivers/STM32WBxx_HAL_Driver/Src/stm32wbxx_hal_cortex.o
 .debug_info    0x0000d1ee      0x6aa ./Drivers/STM32WBxx_HAL_Driver/Src/stm32wbxx_hal_gpio.o
 .debug_info    0x0000d898      0x3bc ./Drivers/STM32WBxx_HAL_Driver/Src/stm32wbxx_hal_hsem.o
 .debug_info    0x0000dc54     0x21ee ./Drivers/STM32WBxx_HAL_Driver/Src/stm32wbxx_hal_i2c.o
 .debug_info    0x0000fe42      0x8fb ./Drivers/STM32WBxx_HAL_Driver/Src/stm32wbxx_hal_i2c_ex.o
 .debug_info    0x0001073d      0x7a3 ./Drivers/STM32WBxx_HAL_Driver/Src/stm32wbxx_hal_ipcc.o
 .debug_info    0x00010ee0     0x1610 ./Drivers/STM32WBxx_HAL_Driver/Src/stm32wbxx_hal_pcd.o
 .debug_info    0x000124f0      0x80a ./Drivers/STM32WBxx_HAL_Driver/Src/stm32wbxx_hal_pcd_ex.o
 .debug_info    0x00012cfa      0x904 ./Drivers/STM32WBxx_HAL_Driver/Src/stm32wbxx_hal_pwr.o
 .debug_info    0x000135fe     0x105d ./Drivers/STM32WBxx_HAL_Driver/Src/stm32wbxx_hal_pwr_ex.o
 .debug_info    0x0001465b     0x14d1 ./Drivers/STM32WBxx_HAL_Driver/Src/stm32wbxx_hal_rcc.o
 .debug_info    0x00015b2c     0x1c40 ./Drivers/STM32WBxx_HAL_Driver/Src/stm32wbxx_hal_rcc_ex.o
 .debug_info    0x0001776c      0xd28 ./Drivers/STM32WBxx_HAL_Driver/Src/stm32wbxx_hal_rtc.o
 .debug_info    0x00018494     0x1014 ./Drivers/STM32WBxx_HAL_Driver/Src/stm32wbxx_hal_rtc_ex.o
 .debug_info    0x000194a8     0x1665 ./Drivers/STM32WBxx_HAL_Driver/Src/stm32wbxx_hal_spi.o
 .debug_info    0x0001ab0d     0x1577 ./Drivers/STM32WBxx_HAL_Driver/Src/stm32wbxx_ll_usb.o

.debug_abbrev   0x00000000     0x4432
 .debug_abbrev  0x00000000      0x454 ./Core/Src/STM32_MAX31856.o
 .debug_abbrev  0x00000454      0x198 ./Core/Src/gpio.o
 .debug_abbrev  0x000005ec      0x277 ./Core/Src/i2c.o
 .debug_abbrev  0x00000863      0x21e ./Core/Src/ipcc.o
 .debug_abbrev  0x00000a81      0x429 ./Core/Src/main.o
 .debug_abbrev  0x00000eaa       0x45 ./Core/Src/rf.o
 .debug_abbrev  0x00000eef      0x229 ./Core/Src/rtc.o
 .debug_abbrev  0x00001118      0x25b ./Core/Src/spi.o
 .debug_abbrev  0x00001373      0x140 ./Core/Src/stm32wbxx_hal_msp.o
 .debug_abbrev  0x000014b3      0x1ab ./Core/Src/stm32wbxx_it.o
 .debug_abbrev  0x0000165e      0x13b ./Core/Src/system_stm32wbxx.o
 .debug_abbrev  0x00001799      0x270 ./Core/Src/usb.o
 .debug_abbrev  0x00001a09       0x24 ./Core/Startup/startup_stm32wb55cgux.o
 .debug_abbrev  0x00001a2d      0x367 ./Drivers/STM32WBxx_HAL_Driver/Src/stm32wbxx_hal.o
 .debug_abbrev  0x00001d94      0x319 ./Drivers/STM32WBxx_HAL_Driver/Src/stm32wbxx_hal_cortex.o
 .debug_abbrev  0x000020ad      0x1e5 ./Drivers/STM32WBxx_HAL_Driver/Src/stm32wbxx_hal_gpio.o
 .debug_abbrev  0x00002292      0x1e4 ./Drivers/STM32WBxx_HAL_Driver/Src/stm32wbxx_hal_hsem.o
 .debug_abbrev  0x00002476      0x260 ./Drivers/STM32WBxx_HAL_Driver/Src/stm32wbxx_hal_i2c.o
 .debug_abbrev  0x000026d6      0x1c8 ./Drivers/STM32WBxx_HAL_Driver/Src/stm32wbxx_hal_i2c_ex.o
 .debug_abbrev  0x0000289e      0x252 ./Drivers/STM32WBxx_HAL_Driver/Src/stm32wbxx_hal_ipcc.o
 .debug_abbrev  0x00002af0      0x2b9 ./Drivers/STM32WBxx_HAL_Driver/Src/stm32wbxx_hal_pcd.o
 .debug_abbrev  0x00002da9      0x228 ./Drivers/STM32WBxx_HAL_Driver/Src/stm32wbxx_hal_pcd_ex.o
 .debug_abbrev  0x00002fd1      0x205 ./Drivers/STM32WBxx_HAL_Driver/Src/stm32wbxx_hal_pwr.o
 .debug_abbrev  0x000031d6      0x31c ./Drivers/STM32WBxx_HAL_Driver/Src/stm32wbxx_hal_pwr_ex.o
 .debug_abbrev  0x000034f2      0x31b ./Drivers/STM32WBxx_HAL_Driver/Src/stm32wbxx_hal_rcc.o
 .debug_abbrev  0x0000380d      0x35a ./Drivers/STM32WBxx_HAL_Driver/Src/stm32wbxx_hal_rcc_ex.o
 .debug_abbrev  0x00003b67      0x1f0 ./Drivers/STM32WBxx_HAL_Driver/Src/stm32wbxx_hal_rtc.o
 .debug_abbrev  0x00003d57      0x237 ./Drivers/STM32WBxx_HAL_Driver/Src/stm32wbxx_hal_rtc_ex.o
 .debug_abbrev  0x00003f8e      0x25d ./Drivers/STM32WBxx_HAL_Driver/Src/stm32wbxx_hal_spi.o
 .debug_abbrev  0x000041eb      0x247 ./Drivers/STM32WBxx_HAL_Driver/Src/stm32wbxx_ll_usb.o

.debug_aranges  0x00000000     0x1b50
 .debug_aranges
                0x00000000       0xc0 ./Core/Src/STM32_MAX31856.o
 .debug_aranges
                0x000000c0       0x28 ./Core/Src/gpio.o
 .debug_aranges
                0x000000e8       0x48 ./Core/Src/i2c.o
 .debug_aranges
                0x00000130       0x40 ./Core/Src/ipcc.o
 .debug_aranges
                0x00000170       0x40 ./Core/Src/main.o
 .debug_aranges
                0x000001b0       0x20 ./Core/Src/rf.o
 .debug_aranges
                0x000001d0       0x50 ./Core/Src/rtc.o
 .debug_aranges
                0x00000220       0x48 ./Core/Src/spi.o
 .debug_aranges
                0x00000268       0x28 ./Core/Src/stm32wbxx_hal_msp.o
 .debug_aranges
                0x00000290       0x80 ./Core/Src/stm32wbxx_it.o
 .debug_aranges
                0x00000310       0x28 ./Core/Src/system_stm32wbxx.o
 .debug_aranges
                0x00000338       0x48 ./Core/Src/usb.o
 .debug_aranges
                0x00000380       0x30 ./Core/Startup/startup_stm32wb55cgux.o
 .debug_aranges
                0x000003b0      0x280 ./Drivers/STM32WBxx_HAL_Driver/Src/stm32wbxx_hal.o
 .debug_aranges
                0x00000630      0x118 ./Drivers/STM32WBxx_HAL_Driver/Src/stm32wbxx_hal_cortex.o
 .debug_aranges
                0x00000748       0x60 ./Drivers/STM32WBxx_HAL_Driver/Src/stm32wbxx_hal_gpio.o
 .debug_aranges
                0x000007a8       0x70 ./Drivers/STM32WBxx_HAL_Driver/Src/stm32wbxx_hal_hsem.o
 .debug_aranges
                0x00000818      0x2a0 ./Drivers/STM32WBxx_HAL_Driver/Src/stm32wbxx_hal_i2c.o
 .debug_aranges
                0x00000ab8       0x48 ./Drivers/STM32WBxx_HAL_Driver/Src/stm32wbxx_hal_i2c_ex.o
 .debug_aranges
                0x00000b00       0xa0 ./Drivers/STM32WBxx_HAL_Driver/Src/stm32wbxx_hal_ipcc.o
 .debug_aranges
                0x00000ba0      0x138 ./Drivers/STM32WBxx_HAL_Driver/Src/stm32wbxx_hal_pcd.o
 .debug_aranges
                0x00000cd8       0x58 ./Drivers/STM32WBxx_HAL_Driver/Src/stm32wbxx_hal_pcd_ex.o
 .debug_aranges
                0x00000d30       0xd0 ./Drivers/STM32WBxx_HAL_Driver/Src/stm32wbxx_hal_pwr.o
 .debug_aranges
                0x00000e00      0x288 ./Drivers/STM32WBxx_HAL_Driver/Src/stm32wbxx_hal_pwr_ex.o
 .debug_aranges
                0x00001088      0x270 ./Drivers/STM32WBxx_HAL_Driver/Src/stm32wbxx_hal_rcc.o
 .debug_aranges
                0x000012f8      0x390 ./Drivers/STM32WBxx_HAL_Driver/Src/stm32wbxx_hal_rcc_ex.o
 .debug_aranges
                0x00001688       0xe8 ./Drivers/STM32WBxx_HAL_Driver/Src/stm32wbxx_hal_rtc.o
 .debug_aranges
                0x00001770      0x140 ./Drivers/STM32WBxx_HAL_Driver/Src/stm32wbxx_hal_rtc_ex.o
 .debug_aranges
                0x000018b0      0x1d8 ./Drivers/STM32WBxx_HAL_Driver/Src/stm32wbxx_hal_spi.o
 .debug_aranges
                0x00001a88       0xc8 ./Drivers/STM32WBxx_HAL_Driver/Src/stm32wbxx_ll_usb.o

.debug_rnglists
                0x00000000     0x149b
 .debug_rnglists
                0x00000000       0x8d ./Core/Src/STM32_MAX31856.o
 .debug_rnglists
                0x0000008d       0x1a ./Core/Src/gpio.o
 .debug_rnglists
                0x000000a7       0x33 ./Core/Src/i2c.o
 .debug_rnglists
                0x000000da       0x2b ./Core/Src/ipcc.o
 .debug_rnglists
                0x00000105       0x2d ./Core/Src/main.o
 .debug_rnglists
                0x00000132       0x13 ./Core/Src/rf.o
 .debug_rnglists
                0x00000145       0x37 ./Core/Src/rtc.o
 .debug_rnglists
                0x0000017c       0x31 ./Core/Src/spi.o
 .debug_rnglists
                0x000001ad       0x19 ./Core/Src/stm32wbxx_hal_msp.o
 .debug_rnglists
                0x000001c6       0x5b ./Core/Src/stm32wbxx_it.o
 .debug_rnglists
                0x00000221       0x1b ./Core/Src/system_stm32wbxx.o
 .debug_rnglists
                0x0000023c       0x32 ./Core/Src/usb.o
 .debug_rnglists
                0x0000026e       0x1f ./Core/Startup/startup_stm32wb55cgux.o
 .debug_rnglists
                0x0000028d      0x1db ./Drivers/STM32WBxx_HAL_Driver/Src/stm32wbxx_hal.o
 .debug_rnglists
                0x00000468       0xce ./Drivers/STM32WBxx_HAL_Driver/Src/stm32wbxx_hal_cortex.o
 .debug_rnglists
                0x00000536       0x45 ./Drivers/STM32WBxx_HAL_Driver/Src/stm32wbxx_hal_gpio.o
 .debug_rnglists
                0x0000057b       0x4f ./Drivers/STM32WBxx_HAL_Driver/Src/stm32wbxx_hal_hsem.o
 .debug_rnglists
                0x000005ca      0x228 ./Drivers/STM32WBxx_HAL_Driver/Src/stm32wbxx_hal_i2c.o
 .debug_rnglists
                0x000007f2       0x35 ./Drivers/STM32WBxx_HAL_Driver/Src/stm32wbxx_hal_i2c_ex.o
 .debug_rnglists
                0x00000827       0x78 ./Drivers/STM32WBxx_HAL_Driver/Src/stm32wbxx_hal_ipcc.o
 .debug_rnglists
                0x0000089f       0xee ./Drivers/STM32WBxx_HAL_Driver/Src/stm32wbxx_hal_pcd.o
 .debug_rnglists
                0x0000098d       0x3f ./Drivers/STM32WBxx_HAL_Driver/Src/stm32wbxx_hal_pcd_ex.o
 .debug_rnglists
                0x000009cc       0x99 ./Drivers/STM32WBxx_HAL_Driver/Src/stm32wbxx_hal_pwr.o
 .debug_rnglists
                0x00000a65      0x1e8 ./Drivers/STM32WBxx_HAL_Driver/Src/stm32wbxx_hal_pwr_ex.o
 .debug_rnglists
                0x00000c4d      0x1d6 ./Drivers/STM32WBxx_HAL_Driver/Src/stm32wbxx_hal_rcc.o
 .debug_rnglists
                0x00000e23      0x2b6 ./Drivers/STM32WBxx_HAL_Driver/Src/stm32wbxx_hal_rcc_ex.o
 .debug_rnglists
                0x000010d9       0xb4 ./Drivers/STM32WBxx_HAL_Driver/Src/stm32wbxx_hal_rtc.o
 .debug_rnglists
                0x0000118d       0xfd ./Drivers/STM32WBxx_HAL_Driver/Src/stm32wbxx_hal_rtc_ex.o
 .debug_rnglists
                0x0000128a      0x178 ./Drivers/STM32WBxx_HAL_Driver/Src/stm32wbxx_hal_spi.o
 .debug_rnglists
                0x00001402       0x99 ./Drivers/STM32WBxx_HAL_Driver/Src/stm32wbxx_ll_usb.o

.debug_macro    0x00000000    0x27628
 .debug_macro   0x00000000      0x404 ./Core/Src/STM32_MAX31856.o
 .debug_macro   0x00000404      0xbb0 ./Core/Src/STM32_MAX31856.o
 .debug_macro   0x00000fb4      0x1f2 ./Core/Src/STM32_MAX31856.o
 .debug_macro   0x000011a6       0x10 ./Core/Src/STM32_MAX31856.o
 .debug_macro   0x000011b6      0x409 ./Core/Src/STM32_MAX31856.o
 .debug_macro   0x000015bf       0x1c ./Core/Src/STM32_MAX31856.o
 .debug_macro   0x000015db       0x22 ./Core/Src/STM32_MAX31856.o
 .debug_macro   0x000015fd       0x8e ./Core/Src/STM32_MAX31856.o
 .debug_macro   0x0000168b       0x51 ./Core/Src/STM32_MAX31856.o
 .debug_macro   0x000016dc      0x103 ./Core/Src/STM32_MAX31856.o
 .debug_macro   0x000017df       0x6a ./Core/Src/STM32_MAX31856.o
 .debug_macro   0x00001849      0x1df ./Core/Src/STM32_MAX31856.o
 .debug_macro   0x00001a28      0x148 ./Core/Src/STM32_MAX31856.o
 .debug_macro   0x00001b70       0x2e ./Core/Src/STM32_MAX31856.o
 .debug_macro   0x00001b9e       0x2e ./Core/Src/STM32_MAX31856.o
 .debug_macro   0x00001bcc       0x1c ./Core/Src/STM32_MAX31856.o
 .debug_macro   0x00001be8       0x22 ./Core/Src/STM32_MAX31856.o
 .debug_macro   0x00001c0a       0xfb ./Core/Src/STM32_MAX31856.o
 .debug_macro   0x00001d05     0x1011 ./Core/Src/STM32_MAX31856.o
 .debug_macro   0x00002d16      0x11f ./Core/Src/STM32_MAX31856.o
 .debug_macro   0x00002e35    0x12adb ./Core/Src/STM32_MAX31856.o
 .debug_macro   0x00015910       0x6c ./Core/Src/STM32_MAX31856.o
 .debug_macro   0x0001597c     0x350b ./Core/Src/STM32_MAX31856.o
 .debug_macro   0x00018e87      0x197 ./Core/Src/STM32_MAX31856.o
 .debug_macro   0x0001901e       0x5c ./Core/Src/STM32_MAX31856.o
 .debug_macro   0x0001907a      0x3f5 ./Core/Src/STM32_MAX31856.o
 .debug_macro   0x0001946f      0x286 ./Core/Src/STM32_MAX31856.o
 .debug_macro   0x000196f5      0x30d ./Core/Src/STM32_MAX31856.o
 .debug_macro   0x00019a02      0x17e ./Core/Src/STM32_MAX31856.o
 .debug_macro   0x00019b80       0x43 ./Core/Src/STM32_MAX31856.o
 .debug_macro   0x00019bc3      0x236 ./Core/Src/STM32_MAX31856.o
 .debug_macro   0x00019df9      0x24a ./Core/Src/STM32_MAX31856.o
 .debug_macro   0x0001a043      0x57b ./Core/Src/STM32_MAX31856.o
 .debug_macro   0x0001a5be       0x2e ./Core/Src/STM32_MAX31856.o
 .debug_macro   0x0001a5ec      0x100 ./Core/Src/STM32_MAX31856.o
 .debug_macro   0x0001a6ec      0x1ba ./Core/Src/STM32_MAX31856.o
 .debug_macro   0x0001a8a6      0x1cd ./Core/Src/STM32_MAX31856.o
 .debug_macro   0x0001aa73       0x4a ./Core/Src/STM32_MAX31856.o
 .debug_macro   0x0001aabd      0x22c ./Core/Src/STM32_MAX31856.o
 .debug_macro   0x0001ace9       0x55 ./Core/Src/STM32_MAX31856.o
 .debug_macro   0x0001ad3e       0xa5 ./Core/Src/STM32_MAX31856.o
 .debug_macro   0x0001ade3       0x4a ./Core/Src/STM32_MAX31856.o
 .debug_macro   0x0001ae2d       0x73 ./Core/Src/STM32_MAX31856.o
 .debug_macro   0x0001aea0      0x22d ./Core/Src/STM32_MAX31856.o
 .debug_macro   0x0001b0cd      0x381 ./Core/Src/STM32_MAX31856.o
 .debug_macro   0x0001b44e      0x13d ./Core/Src/STM32_MAX31856.o
 .debug_macro   0x0001b58b      0x141 ./Core/Src/STM32_MAX31856.o
 .debug_macro   0x0001b6cc      0x4ff ./Core/Src/STM32_MAX31856.o
 .debug_macro   0x0001bbcb      0x874 ./Core/Src/STM32_MAX31856.o
 .debug_macro   0x0001c43f      0x259 ./Core/Src/STM32_MAX31856.o
 .debug_macro   0x0001c698     0x1bb1 ./Core/Src/STM32_MAX31856.o
 .debug_macro   0x0001e249       0xe4 ./Core/Src/STM32_MAX31856.o
 .debug_macro   0x0001e32d      0x5e7 ./Core/Src/STM32_MAX31856.o
 .debug_macro   0x0001e914      0x328 ./Core/Src/STM32_MAX31856.o
 .debug_macro   0x0001ec3c      0x493 ./Core/Src/STM32_MAX31856.o
 .debug_macro   0x0001f0cf       0xf2 ./Core/Src/STM32_MAX31856.o
 .debug_macro   0x0001f1c1      0x2fe ./Core/Src/STM32_MAX31856.o
 .debug_macro   0x0001f4bf      0x557 ./Core/Src/STM32_MAX31856.o
 .debug_macro   0x0001fa16      0x433 ./Core/Src/STM32_MAX31856.o
 .debug_macro   0x0001fe49       0x18 ./Core/Src/STM32_MAX31856.o
 .debug_macro   0x0001fe61       0x61 ./Core/Src/STM32_MAX31856.o
 .debug_macro   0x0001fec2       0x2a ./Core/Src/STM32_MAX31856.o
 .debug_macro   0x0001feec       0x43 ./Core/Src/STM32_MAX31856.o
 .debug_macro   0x0001ff2f       0x34 ./Core/Src/STM32_MAX31856.o
 .debug_macro   0x0001ff63      0x38c ./Core/Src/STM32_MAX31856.o
 .debug_macro   0x000202ef       0x16 ./Core/Src/STM32_MAX31856.o
 .debug_macro   0x00020305       0x4a ./Core/Src/STM32_MAX31856.o
 .debug_macro   0x0002034f       0x34 ./Core/Src/STM32_MAX31856.o
 .debug_macro   0x00020383       0x10 ./Core/Src/STM32_MAX31856.o
 .debug_macro   0x00020393       0x58 ./Core/Src/STM32_MAX31856.o
 .debug_macro   0x000203eb       0x8e ./Core/Src/STM32_MAX31856.o
 .debug_macro   0x00020479       0x16 ./Core/Src/STM32_MAX31856.o
 .debug_macro   0x0002048f      0x185 ./Core/Src/STM32_MAX31856.o
 .debug_macro   0x00020614      0x194 ./Core/Src/STM32_MAX31856.o
 .debug_macro   0x000207a8       0x10 ./Core/Src/STM32_MAX31856.o
 .debug_macro   0x000207b8       0x16 ./Core/Src/STM32_MAX31856.o
 .debug_macro   0x000207ce       0x3c ./Core/Src/STM32_MAX31856.o
 .debug_macro   0x0002080a       0x16 ./Core/Src/STM32_MAX31856.o
 .debug_macro   0x00020820       0x29 ./Core/Src/STM32_MAX31856.o
 .debug_macro   0x00020849       0x10 ./Core/Src/STM32_MAX31856.o
 .debug_macro   0x00020859      0x3c7 ./Core/Src/STM32_MAX31856.o
 .debug_macro   0x00020c20       0xc4 ./Core/Src/STM32_MAX31856.o
 .debug_macro   0x00020ce4       0xf0 ./Core/Src/STM32_MAX31856.o
 .debug_macro   0x00020dd4      0x28d ./Core/Src/gpio.o
 .debug_macro   0x00021061      0xad8 ./Core/Src/gpio.o
 .debug_macro   0x00021b39     0x1011 ./Core/Src/gpio.o
 .debug_macro   0x00022b4a      0x190 ./Core/Src/gpio.o
 .debug_macro   0x00022cda      0x28d ./Core/Src/i2c.o
 .debug_macro   0x00022f67      0x28d ./Core/Src/ipcc.o
 .debug_macro   0x000231f4      0x46f ./Core/Src/main.o
 .debug_macro   0x00023663       0x1c ./Core/Src/main.o
 .debug_macro   0x0002367f       0x10 ./Core/Src/main.o
 .debug_macro   0x0002368f       0x1c ./Core/Src/main.o
 .debug_macro   0x000236ab       0x16 ./Core/Src/main.o
 .debug_macro   0x000236c1      0x138 ./Core/Src/main.o
 .debug_macro   0x000237f9      0x28d ./Core/Src/rf.o
 .debug_macro   0x00023a86      0x28d ./Core/Src/rtc.o
 .debug_macro   0x00023d13      0x28d ./Core/Src/spi.o
 .debug_macro   0x00023fa0      0x283 ./Core/Src/stm32wbxx_hal_msp.o
 .debug_macro   0x00024223      0x28d ./Core/Src/stm32wbxx_it.o
 .debug_macro   0x000244b0      0x279 ./Core/Src/system_stm32wbxx.o
 .debug_macro   0x00024729      0x28d ./Core/Src/usb.o
 .debug_macro   0x000249b6      0x29d ./Drivers/STM32WBxx_HAL_Driver/Src/stm32wbxx_hal.o
 .debug_macro   0x00024c53      0x279 ./Drivers/STM32WBxx_HAL_Driver/Src/stm32wbxx_hal_cortex.o
 .debug_macro   0x00024ecc      0x280 ./Drivers/STM32WBxx_HAL_Driver/Src/stm32wbxx_hal_gpio.o
 .debug_macro   0x0002514c      0x279 ./Drivers/STM32WBxx_HAL_Driver/Src/stm32wbxx_hal_hsem.o
 .debug_macro   0x000253c5      0x345 ./Drivers/STM32WBxx_HAL_Driver/Src/stm32wbxx_hal_i2c.o
 .debug_macro   0x0002570a      0x279 ./Drivers/STM32WBxx_HAL_Driver/Src/stm32wbxx_hal_i2c_ex.o
 .debug_macro   0x00025983      0x28b ./Drivers/STM32WBxx_HAL_Driver/Src/stm32wbxx_hal_ipcc.o
 .debug_macro   0x00025c0e      0x285 ./Drivers/STM32WBxx_HAL_Driver/Src/stm32wbxx_hal_pcd.o
 .debug_macro   0x00025e93      0x279 ./Drivers/STM32WBxx_HAL_Driver/Src/stm32wbxx_hal_pcd_ex.o
 .debug_macro   0x0002610c      0x2eb ./Drivers/STM32WBxx_HAL_Driver/Src/stm32wbxx_hal_pwr.o
 .debug_macro   0x000263f7      0x28b ./Drivers/STM32WBxx_HAL_Driver/Src/stm32wbxx_hal_pwr_ex.o
 .debug_macro   0x00026682      0x2eb ./Drivers/STM32WBxx_HAL_Driver/Src/stm32wbxx_hal_rcc.o
 .debug_macro   0x0002696d      0x2ce ./Drivers/STM32WBxx_HAL_Driver/Src/stm32wbxx_hal_rcc_ex.o
 .debug_macro   0x00026c3b      0x27a ./Drivers/STM32WBxx_HAL_Driver/Src/stm32wbxx_hal_rtc.o
 .debug_macro   0x00026eb5      0x279 ./Drivers/STM32WBxx_HAL_Driver/Src/stm32wbxx_hal_rtc_ex.o
 .debug_macro   0x0002712e      0x281 ./Drivers/STM32WBxx_HAL_Driver/Src/stm32wbxx_hal_spi.o
 .debug_macro   0x000273af      0x279 ./Drivers/STM32WBxx_HAL_Driver/Src/stm32wbxx_ll_usb.o

.debug_line     0x00000000    0x1d7d4
 .debug_line    0x00000000     0x1224 ./Core/Src/STM32_MAX31856.o
 .debug_line    0x00001224      0x8f3 ./Core/Src/gpio.o
 .debug_line    0x00001b17      0x99e ./Core/Src/i2c.o
 .debug_line    0x000024b5      0x922 ./Core/Src/ipcc.o
 .debug_line    0x00002dd7     0x10d0 ./Core/Src/main.o
 .debug_line    0x00003ea7      0x892 ./Core/Src/rf.o
 .debug_line    0x00004739      0x98e ./Core/Src/rtc.o
 .debug_line    0x000050c7      0x97a ./Core/Src/spi.o
 .debug_line    0x00005a41      0x8c1 ./Core/Src/stm32wbxx_hal_msp.o
 .debug_line    0x00006302      0x9ac ./Core/Src/stm32wbxx_it.o
 .debug_line    0x00006cae      0x950 ./Core/Src/system_stm32wbxx.o
 .debug_line    0x000075fe      0x986 ./Core/Src/usb.o
 .debug_line    0x00007f84       0x83 ./Core/Startup/startup_stm32wb55cgux.o
 .debug_line    0x00008007     0x1113 ./Drivers/STM32WBxx_HAL_Driver/Src/stm32wbxx_hal.o
 .debug_line    0x0000911a      0xdfd ./Drivers/STM32WBxx_HAL_Driver/Src/stm32wbxx_hal_cortex.o
 .debug_line    0x00009f17      0xcc4 ./Drivers/STM32WBxx_HAL_Driver/Src/stm32wbxx_hal_gpio.o
 .debug_line    0x0000abdb      0xa07 ./Drivers/STM32WBxx_HAL_Driver/Src/stm32wbxx_hal_hsem.o
 .debug_line    0x0000b5e2     0x386a ./Drivers/STM32WBxx_HAL_Driver/Src/stm32wbxx_hal_i2c.o
 .debug_line    0x0000ee4c      0xa01 ./Drivers/STM32WBxx_HAL_Driver/Src/stm32wbxx_hal_i2c_ex.o
 .debug_line    0x0000f84d      0xc27 ./Drivers/STM32WBxx_HAL_Driver/Src/stm32wbxx_hal_ipcc.o
 .debug_line    0x00010474     0x1455 ./Drivers/STM32WBxx_HAL_Driver/Src/stm32wbxx_hal_pcd.o
 .debug_line    0x000118c9      0xa3f ./Drivers/STM32WBxx_HAL_Driver/Src/stm32wbxx_hal_pcd_ex.o
 .debug_line    0x00012308      0xb3a ./Drivers/STM32WBxx_HAL_Driver/Src/stm32wbxx_hal_pwr.o
 .debug_line    0x00012e42     0x123c ./Drivers/STM32WBxx_HAL_Driver/Src/stm32wbxx_hal_pwr_ex.o
 .debug_line    0x0001407e     0x1bb1 ./Drivers/STM32WBxx_HAL_Driver/Src/stm32wbxx_hal_rcc.o
 .debug_line    0x00015c2f     0x206d ./Drivers/STM32WBxx_HAL_Driver/Src/stm32wbxx_hal_rcc_ex.o
 .debug_line    0x00017c9c     0x12d2 ./Drivers/STM32WBxx_HAL_Driver/Src/stm32wbxx_hal_rtc.o
 .debug_line    0x00018f6e     0x1588 ./Drivers/STM32WBxx_HAL_Driver/Src/stm32wbxx_hal_rtc_ex.o
 .debug_line    0x0001a4f6     0x2183 ./Drivers/STM32WBxx_HAL_Driver/Src/stm32wbxx_hal_spi.o
 .debug_line    0x0001c679     0x115b ./Drivers/STM32WBxx_HAL_Driver/Src/stm32wbxx_ll_usb.o

.debug_str      0x00000000    0xe3686
 .debug_str     0x00000000    0xe3686 ./Core/Src/STM32_MAX31856.o
                              0xdc908 (size before relaxing)
 .debug_str     0x000e3686    0xd4f4c ./Core/Src/gpio.o
 .debug_str     0x000e3686    0xd5726 ./Core/Src/i2c.o
 .debug_str     0x000e3686    0xd54a7 ./Core/Src/ipcc.o
 .debug_str     0x000e3686    0xdd496 ./Core/Src/main.o
 .debug_str     0x000e3686    0xd4c0f ./Core/Src/rf.o
 .debug_str     0x000e3686    0xd5762 ./Core/Src/rtc.o
 .debug_str     0x000e3686    0xd549d ./Core/Src/spi.o
 .debug_str     0x000e3686    0xd52b3 ./Core/Src/stm32wbxx_hal_msp.o
 .debug_str     0x000e3686    0xd50c2 ./Core/Src/stm32wbxx_it.o
 .debug_str     0x000e3686    0xd4f28 ./Core/Src/system_stm32wbxx.o
 .debug_str     0x000e3686    0xd54bc ./Core/Src/usb.o
 .debug_str     0x000e3686       0x8a ./Core/Startup/startup_stm32wb55cgux.o
 .debug_str     0x000e3686    0xd5e0e ./Drivers/STM32WBxx_HAL_Driver/Src/stm32wbxx_hal.o
 .debug_str     0x000e3686    0xd55c6 ./Drivers/STM32WBxx_HAL_Driver/Src/stm32wbxx_hal_cortex.o
 .debug_str     0x000e3686    0xd4f02 ./Drivers/STM32WBxx_HAL_Driver/Src/stm32wbxx_hal_gpio.o
 .debug_str     0x000e3686    0xd4dde ./Drivers/STM32WBxx_HAL_Driver/Src/stm32wbxx_hal_hsem.o
 .debug_str     0x000e3686    0xd6145 ./Drivers/STM32WBxx_HAL_Driver/Src/stm32wbxx_hal_i2c.o
 .debug_str     0x000e3686    0xd5337 ./Drivers/STM32WBxx_HAL_Driver/Src/stm32wbxx_hal_i2c_ex.o
 .debug_str     0x000e3686    0xd5037 ./Drivers/STM32WBxx_HAL_Driver/Src/stm32wbxx_hal_ipcc.o
 .debug_str     0x000e3686    0xd55ae ./Drivers/STM32WBxx_HAL_Driver/Src/stm32wbxx_hal_pcd.o
 .debug_str     0x000e3686    0xd51ea ./Drivers/STM32WBxx_HAL_Driver/Src/stm32wbxx_hal_pcd_ex.o
 .debug_str     0x000e3686    0xd5398 ./Drivers/STM32WBxx_HAL_Driver/Src/stm32wbxx_hal_pwr.o
 .debug_str     0x000e3686    0xd5899 ./Drivers/STM32WBxx_HAL_Driver/Src/stm32wbxx_hal_pwr_ex.o
 .debug_str     0x000e3686    0xd5d86 ./Drivers/STM32WBxx_HAL_Driver/Src/stm32wbxx_hal_rcc.o
 .debug_str     0x000e3686    0xd61af ./Drivers/STM32WBxx_HAL_Driver/Src/stm32wbxx_hal_rcc_ex.o
 .debug_str     0x000e3686    0xd52dc ./Drivers/STM32WBxx_HAL_Driver/Src/stm32wbxx_hal_rtc.o
 .debug_str     0x000e3686    0xd55fa ./Drivers/STM32WBxx_HAL_Driver/Src/stm32wbxx_hal_rtc_ex.o
 .debug_str     0x000e3686    0xd575f ./Drivers/STM32WBxx_HAL_Driver/Src/stm32wbxx_hal_spi.o
 .debug_str     0x000e3686    0xd50eb ./Drivers/STM32WBxx_HAL_Driver/Src/stm32wbxx_ll_usb.o

.comment        0x00000000       0x43
 .comment       0x00000000       0x43 ./Core/Src/STM32_MAX31856.o
                                 0x44 (size before relaxing)
 .comment       0x00000043       0x44 ./Core/Src/gpio.o
 .comment       0x00000043       0x44 ./Core/Src/i2c.o
 .comment       0x00000043       0x44 ./Core/Src/ipcc.o
 .comment       0x00000043       0x44 ./Core/Src/main.o
 .comment       0x00000043       0x44 ./Core/Src/rf.o
 .comment       0x00000043       0x44 ./Core/Src/rtc.o
 .comment       0x00000043       0x44 ./Core/Src/spi.o
 .comment       0x00000043       0x44 ./Core/Src/stm32wbxx_hal_msp.o
 .comment       0x00000043       0x44 ./Core/Src/stm32wbxx_it.o
 .comment       0x00000043       0x44 ./Core/Src/system_stm32wbxx.o
 .comment       0x00000043       0x44 ./Core/Src/usb.o
 .comment       0x00000043       0x44 ./Drivers/STM32WBxx_HAL_Driver/Src/stm32wbxx_hal.o
 .comment       0x00000043       0x44 ./Drivers/STM32WBxx_HAL_Driver/Src/stm32wbxx_hal_cortex.o
 .comment       0x00000043       0x44 ./Drivers/STM32WBxx_HAL_Driver/Src/stm32wbxx_hal_gpio.o
 .comment       0x00000043       0x44 ./Drivers/STM32WBxx_HAL_Driver/Src/stm32wbxx_hal_hsem.o
 .comment       0x00000043       0x44 ./Drivers/STM32WBxx_HAL_Driver/Src/stm32wbxx_hal_i2c.o
 .comment       0x00000043       0x44 ./Drivers/STM32WBxx_HAL_Driver/Src/stm32wbxx_hal_i2c_ex.o
 .comment       0x00000043       0x44 ./Drivers/STM32WBxx_HAL_Driver/Src/stm32wbxx_hal_ipcc.o
 .comment       0x00000043       0x44 ./Drivers/STM32WBxx_HAL_Driver/Src/stm32wbxx_hal_pcd.o
 .comment       0x00000043       0x44 ./Drivers/STM32WBxx_HAL_Driver/Src/stm32wbxx_hal_pcd_ex.o
 .comment       0x00000043       0x44 ./Drivers/STM32WBxx_HAL_Driver/Src/stm32wbxx_hal_pwr.o
 .comment       0x00000043       0x44 ./Drivers/STM32WBxx_HAL_Driver/Src/stm32wbxx_hal_pwr_ex.o
 .comment       0x00000043       0x44 ./Drivers/STM32WBxx_HAL_Driver/Src/stm32wbxx_hal_rcc.o
 .comment       0x00000043       0x44 ./Drivers/STM32WBxx_HAL_Driver/Src/stm32wbxx_hal_rcc_ex.o
 .comment       0x00000043       0x44 ./Drivers/STM32WBxx_HAL_Driver/Src/stm32wbxx_hal_rtc.o
 .comment       0x00000043       0x44 ./Drivers/STM32WBxx_HAL_Driver/Src/stm32wbxx_hal_rtc_ex.o
 .comment       0x00000043       0x44 ./Drivers/STM32WBxx_HAL_Driver/Src/stm32wbxx_hal_spi.o
 .comment       0x00000043       0x44 ./Drivers/STM32WBxx_HAL_Driver/Src/stm32wbxx_ll_usb.o

.debug_frame    0x00000000     0x70cc
 .debug_frame   0x00000000      0x30c ./Core/Src/STM32_MAX31856.o
 .debug_frame   0x0000030c       0x5c ./Core/Src/gpio.o
 .debug_frame   0x00000368       0xec ./Core/Src/i2c.o
 .debug_frame   0x00000454       0xc4 ./Core/Src/ipcc.o
 .debug_frame   0x00000518       0xb8 ./Core/Src/main.o
 .debug_frame   0x000005d0       0x30 ./Core/Src/rf.o
 .debug_frame   0x00000600      0x104 ./Core/Src/rtc.o
 .debug_frame   0x00000704       0xec ./Core/Src/spi.o
 .debug_frame   0x000007f0       0x54 ./Core/Src/stm32wbxx_hal_msp.o
 .debug_frame   0x00000844      0x174 ./Core/Src/stm32wbxx_it.o
 .debug_frame   0x000009b8       0x58 ./Core/Src/system_stm32wbxx.o
 .debug_frame   0x00000a10       0xec ./Core/Src/usb.o
 .debug_frame   0x00000afc      0xa34 ./Drivers/STM32WBxx_HAL_Driver/Src/stm32wbxx_hal.o
 .debug_frame   0x00001530      0x49c ./Drivers/STM32WBxx_HAL_Driver/Src/stm32wbxx_hal_cortex.o
 .debug_frame   0x000019cc      0x174 ./Drivers/STM32WBxx_HAL_Driver/Src/stm32wbxx_hal_gpio.o
 .debug_frame   0x00001b40      0x1bc ./Drivers/STM32WBxx_HAL_Driver/Src/stm32wbxx_hal_hsem.o
 .debug_frame   0x00001cfc      0xc38 ./Drivers/STM32WBxx_HAL_Driver/Src/stm32wbxx_hal_i2c.o
 .debug_frame   0x00002934      0x100 ./Drivers/STM32WBxx_HAL_Driver/Src/stm32wbxx_hal_i2c_ex.o
 .debug_frame   0x00002a34      0x29c ./Drivers/STM32WBxx_HAL_Driver/Src/stm32wbxx_hal_ipcc.o
 .debug_frame   0x00002cd0      0x56c ./Drivers/STM32WBxx_HAL_Driver/Src/stm32wbxx_hal_pcd.o
 .debug_frame   0x0000323c      0x14c ./Drivers/STM32WBxx_HAL_Driver/Src/stm32wbxx_hal_pcd_ex.o
 .debug_frame   0x00003388      0x344 ./Drivers/STM32WBxx_HAL_Driver/Src/stm32wbxx_hal_pwr.o
 .debug_frame   0x000036cc      0xb00 ./Drivers/STM32WBxx_HAL_Driver/Src/stm32wbxx_hal_pwr_ex.o
 .debug_frame   0x000041cc      0xa0c ./Drivers/STM32WBxx_HAL_Driver/Src/stm32wbxx_hal_rcc.o
 .debug_frame   0x00004bd8      0xf38 ./Drivers/STM32WBxx_HAL_Driver/Src/stm32wbxx_hal_rcc_ex.o
 .debug_frame   0x00005b10      0x3f4 ./Drivers/STM32WBxx_HAL_Driver/Src/stm32wbxx_hal_rtc.o
 .debug_frame   0x00005f04      0x59c ./Drivers/STM32WBxx_HAL_Driver/Src/stm32wbxx_hal_rtc_ex.o
 .debug_frame   0x000064a0      0x860 ./Drivers/STM32WBxx_HAL_Driver/Src/stm32wbxx_hal_spi.o
 .debug_frame   0x00006d00      0x380 ./Drivers/STM32WBxx_HAL_Driver/Src/stm32wbxx_ll_usb.o
 .debug_frame   0x00007080       0x20 C:/ST/STM32CubeIDE_1.17.0/STM32CubeIDE/plugins/com.st.stm32cube.ide.mcu.externaltools.gnu-tools-for-stm32.13.3.rel1.win32_1.0.0.202411081344/tools/bin/../lib/gcc/arm-none-eabi/13.3.1/../../../../arm-none-eabi/lib/thumb/v7e-m+fp/hard\libc_nano.a(libc_a-memset.o)
 .debug_frame   0x000070a0       0x2c C:/ST/STM32CubeIDE_1.17.0/STM32CubeIDE/plugins/com.st.stm32cube.ide.mcu.externaltools.gnu-tools-for-stm32.13.3.rel1.win32_1.0.0.202411081344/tools/bin/../lib/gcc/arm-none-eabi/13.3.1/../../../../arm-none-eabi/lib/thumb/v7e-m+fp/hard\libc_nano.a(libc_a-init.o)

.debug_line_str
                0x00000000       0x6e
 .debug_line_str
                0x00000000       0x6e ./Core/Startup/startup_stm32wb55cgux.o
