Archive member included to satisfy reference by file (symbol)

C:/ST/STM32CubeIDE_1.18.0/STM32CubeIDE/plugins/com.st.stm32cube.ide.mcu.externaltools.gnu-tools-for-stm32.13.3.rel1.win32_1.0.0.202411081344/tools/bin/../lib/gcc/arm-none-eabi/13.3.1/../../../../arm-none-eabi/lib/thumb/v7e-m+fp/hard\libc_nano.a(libc_a-exit.o)
                              C:/ST/STM32CubeIDE_1.18.0/STM32CubeIDE/plugins/com.st.stm32cube.ide.mcu.externaltools.gnu-tools-for-stm32.13.3.rel1.win32_1.0.0.202411081344/tools/bin/../lib/gcc/arm-none-eabi/13.3.1/../../../../arm-none-eabi/lib/thumb/v7e-m+fp/hard/crt0.o (exit)
C:/ST/STM32CubeIDE_1.18.0/STM32CubeIDE/plugins/com.st.stm32cube.ide.mcu.externaltools.gnu-tools-for-stm32.13.3.rel1.win32_1.0.0.202411081344/tools/bin/../lib/gcc/arm-none-eabi/13.3.1/../../../../arm-none-eabi/lib/thumb/v7e-m+fp/hard\libc_nano.a(libc_a-nano-vfprintf_float.o)
                              (_printf_float)
C:/ST/STM32CubeIDE_1.18.0/STM32CubeIDE/plugins/com.st.stm32cube.ide.mcu.externaltools.gnu-tools-for-stm32.13.3.rel1.win32_1.0.0.202411081344/tools/bin/../lib/gcc/arm-none-eabi/13.3.1/../../../../arm-none-eabi/lib/thumb/v7e-m+fp/hard\libc_nano.a(libc_a-nano-vfprintf_i.o)
                              C:/ST/STM32CubeIDE_1.18.0/STM32CubeIDE/plugins/com.st.stm32cube.ide.mcu.externaltools.gnu-tools-for-stm32.13.3.rel1.win32_1.0.0.202411081344/tools/bin/../lib/gcc/arm-none-eabi/13.3.1/../../../../arm-none-eabi/lib/thumb/v7e-m+fp/hard\libc_nano.a(libc_a-nano-vfprintf_float.o) (_printf_common)
C:/ST/STM32CubeIDE_1.18.0/STM32CubeIDE/plugins/com.st.stm32cube.ide.mcu.externaltools.gnu-tools-for-stm32.13.3.rel1.win32_1.0.0.202411081344/tools/bin/../lib/gcc/arm-none-eabi/13.3.1/../../../../arm-none-eabi/lib/thumb/v7e-m+fp/hard\libc_nano.a(libc_a-findfp.o)
                              C:/ST/STM32CubeIDE_1.18.0/STM32CubeIDE/plugins/com.st.stm32cube.ide.mcu.externaltools.gnu-tools-for-stm32.13.3.rel1.win32_1.0.0.202411081344/tools/bin/../lib/gcc/arm-none-eabi/13.3.1/../../../../arm-none-eabi/lib/thumb/v7e-m+fp/hard\libc_nano.a(libc_a-exit.o) (__stdio_exit_handler)
C:/ST/STM32CubeIDE_1.18.0/STM32CubeIDE/plugins/com.st.stm32cube.ide.mcu.externaltools.gnu-tools-for-stm32.13.3.rel1.win32_1.0.0.202411081344/tools/bin/../lib/gcc/arm-none-eabi/13.3.1/../../../../arm-none-eabi/lib/thumb/v7e-m+fp/hard\libc_nano.a(libc_a-fwalk.o)
                              C:/ST/STM32CubeIDE_1.18.0/STM32CubeIDE/plugins/com.st.stm32cube.ide.mcu.externaltools.gnu-tools-for-stm32.13.3.rel1.win32_1.0.0.202411081344/tools/bin/../lib/gcc/arm-none-eabi/13.3.1/../../../../arm-none-eabi/lib/thumb/v7e-m+fp/hard\libc_nano.a(libc_a-findfp.o) (_fwalk_sglue)
C:/ST/STM32CubeIDE_1.18.0/STM32CubeIDE/plugins/com.st.stm32cube.ide.mcu.externaltools.gnu-tools-for-stm32.13.3.rel1.win32_1.0.0.202411081344/tools/bin/../lib/gcc/arm-none-eabi/13.3.1/../../../../arm-none-eabi/lib/thumb/v7e-m+fp/hard\libc_nano.a(libc_a-printf.o)
                              ./Core/Src/app_entry.o (printf)
C:/ST/STM32CubeIDE_1.18.0/STM32CubeIDE/plugins/com.st.stm32cube.ide.mcu.externaltools.gnu-tools-for-stm32.13.3.rel1.win32_1.0.0.202411081344/tools/bin/../lib/gcc/arm-none-eabi/13.3.1/../../../../arm-none-eabi/lib/thumb/v7e-m+fp/hard\libc_nano.a(libc_a-putchar.o)
                              ./STM32_WPAN/App/app_ble.o (putchar)
C:/ST/STM32CubeIDE_1.18.0/STM32CubeIDE/plugins/com.st.stm32cube.ide.mcu.externaltools.gnu-tools-for-stm32.13.3.rel1.win32_1.0.0.202411081344/tools/bin/../lib/gcc/arm-none-eabi/13.3.1/../../../../arm-none-eabi/lib/thumb/v7e-m+fp/hard\libc_nano.a(libc_a-puts.o)
                              ./Core/Src/app_entry.o (puts)
C:/ST/STM32CubeIDE_1.18.0/STM32CubeIDE/plugins/com.st.stm32cube.ide.mcu.externaltools.gnu-tools-for-stm32.13.3.rel1.win32_1.0.0.202411081344/tools/bin/../lib/gcc/arm-none-eabi/13.3.1/../../../../arm-none-eabi/lib/thumb/v7e-m+fp/hard\libc_nano.a(libc_a-stdio.o)
                              C:/ST/STM32CubeIDE_1.18.0/STM32CubeIDE/plugins/com.st.stm32cube.ide.mcu.externaltools.gnu-tools-for-stm32.13.3.rel1.win32_1.0.0.202411081344/tools/bin/../lib/gcc/arm-none-eabi/13.3.1/../../../../arm-none-eabi/lib/thumb/v7e-m+fp/hard\libc_nano.a(libc_a-findfp.o) (__sread)
C:/ST/STM32CubeIDE_1.18.0/STM32CubeIDE/plugins/com.st.stm32cube.ide.mcu.externaltools.gnu-tools-for-stm32.13.3.rel1.win32_1.0.0.202411081344/tools/bin/../lib/gcc/arm-none-eabi/13.3.1/../../../../arm-none-eabi/lib/thumb/v7e-m+fp/hard\libc_nano.a(libc_a-vprintf.o)
                              ./Middlewares/ST/STM32_WPAN/utilities/dbg_trace.o (vprintf)
C:/ST/STM32CubeIDE_1.18.0/STM32CubeIDE/plugins/com.st.stm32cube.ide.mcu.externaltools.gnu-tools-for-stm32.13.3.rel1.win32_1.0.0.202411081344/tools/bin/../lib/gcc/arm-none-eabi/13.3.1/../../../../arm-none-eabi/lib/thumb/v7e-m+fp/hard\libc_nano.a(libc_a-wbuf.o)
[...]
Memory Configuration

Name             Origin             Length             Attributes
FLASH            0x08000000         0x00080000         xr
RAM              0x20000008         0x0002fff8         xrw
RAM_SHARED       0x20030000         0x00002800         xrw
*default*        0x00000000         0xffffffff

Linker script and memory map

LOAD C:/ST/STM32CubeIDE_1.18.0/STM32CubeIDE/plugins/com.st.stm32cube.ide.mcu.externaltools.gnu-tools-for-stm32.13.3.rel1.win32_1.0.0.202411081344/tools/bin/../lib/gcc/arm-none-eabi/13.3.1/thumb/v7e-m+fp/hard/crti.o
LOAD C:/ST/STM32CubeIDE_1.18.0/STM32CubeIDE/plugins/com.st.stm32cube.ide.mcu.externaltools.gnu-tools-for-stm32.13.3.rel1.win32_1.0.0.202411081344/tools/bin/../lib/gcc/arm-none-eabi/13.3.1/thumb/v7e-m+fp/hard/crtbegin.o
LOAD C:/ST/STM32CubeIDE_1.18.0/STM32CubeIDE/plugins/com.st.stm32cube.ide.mcu.externaltools.gnu-tools-for-stm32.13.3.rel1.win32_1.0.0.202411081344/tools/bin/../lib/gcc/arm-none-eabi/13.3.1/../../../../arm-none-eabi/lib/thumb/v7e-m+fp/hard/crt0.o
LOAD ./Core/Src/STM32_MAX31856.o
LOAD ./Core/Src/app_debug.o
LOAD ./Core/Src/app_entry.o
LOAD ./Core/Src/dma.o
LOAD ./Core/Src/gpio.o
LOAD ./Core/Src/hw_timerserver.o
LOAD ./Core/Src/hw_uart.o
LOAD ./Core/Src/i2c.o
LOAD ./Core/Src/ipcc.o
LOAD ./Core/Src/main.o
LOAD ./Core/Src/memorymap.o
LOAD ./Core/Src/rf.o
LOAD ./Core/Src/rtc.o
LOAD ./Core/Src/screen.o
LOAD ./Core/Src/spi.o
LOAD ./Core/Src/stm32_lpm_if.o
LOAD ./Core/Src/stm32wbxx_hal_msp.o
LOAD ./Core/Src/stm32wbxx_it.o
LOAD ./Core/Src/syscalls.o
LOAD ./Core/Src/sysmem.o
LOAD ./Core/Src/system_stm32wbxx.o
LOAD ./Core/Src/usart.o
LOAD ./Core/Startup/startup_stm32wb55cgux.o
LOAD ./Drivers/STM32WBxx_HAL_Driver/Src/stm32wbxx_hal.o
LOAD ./Drivers/STM32WBxx_HAL_Driver/Src/stm32wbxx_hal_cortex.o
LOAD ./Drivers/STM32WBxx_HAL_Driver/Src/stm32wbxx_hal_dma.o
LOAD ./Drivers/STM32WBxx_HAL_Driver/Src/stm32wbxx_hal_dma_ex.o
LOAD ./Drivers/STM32WBxx_HAL_Driver/Src/stm32wbxx_hal_exti.o
LOAD ./Drivers/STM32WBxx_HAL_Driver/Src/stm32wbxx_hal_flash.o
LOAD ./Drivers/STM32WBxx_HAL_Driver/Src/stm32wbxx_hal_flash_ex.o
LOAD ./Drivers/STM32WBxx_HAL_Driver/Src/stm32wbxx_hal_gpio.o
LOAD ./Drivers/STM32WBxx_HAL_Driver/Src/stm32wbxx_hal_hsem.o
LOAD ./Drivers/STM32WBxx_HAL_Driver/Src/stm32wbxx_hal_i2c.o
LOAD ./Drivers/STM32WBxx_HAL_Driver/Src/stm32wbxx_hal_i2c_ex.o
LOAD ./Drivers/STM32WBxx_HAL_Driver/Src/stm32wbxx_hal_ipcc.o
LOAD ./Drivers/STM32WBxx_HAL_Driver/Src/stm32wbxx_hal_pcd.o
LOAD ./Drivers/STM32WBxx_HAL_Driver/Src/stm32wbxx_hal_pcd_ex.o
LOAD ./Drivers/STM32WBxx_HAL_Driver/Src/stm32wbxx_hal_pwr.o
LOAD ./Drivers/STM32WBxx_HAL_Driver/Src/stm32wbxx_hal_pwr_ex.o
LOAD ./Drivers/STM32WBxx_HAL_Driver/Src/stm32wbxx_hal_rcc.o
LOAD ./Drivers/STM32WBxx_HAL_Driver/Src/stm32wbxx_hal_rcc_ex.o
LOAD ./Drivers/STM32WBxx_HAL_Driver/Src/stm32wbxx_hal_rtc.o
LOAD ./Drivers/STM32WBxx_HAL_Driver/Src/stm32wbxx_hal_rtc_ex.o
LOAD ./Drivers/STM32WBxx_HAL_Driver/Src/stm32wbxx_hal_spi.o
LOAD ./Drivers/STM32WBxx_HAL_Driver/Src/stm32wbxx_hal_spi_ex.o
LOAD ./Drivers/STM32WBxx_HAL_Driver/Src/stm32wbxx_hal_uart.o
LOAD ./Drivers/STM32WBxx_HAL_Driver/Src/stm32wbxx_hal_uart_ex.o
LOAD ./Drivers/STM32WBxx_HAL_Driver/Src/stm32wbxx_ll_rcc.o
LOAD ./Drivers/STM32WBxx_HAL_Driver/Src/stm32wbxx_ll_usb.o
LOAD ./Middlewares/ST/STM32_USB_Device_Library/Class/CDC/Src/usbd_cdc.o
LOAD ./Middlewares/ST/STM32_USB_Device_Library/Core/Src/usbd_core.o
LOAD ./Middlewares/ST/STM32_USB_Device_Library/Core/Src/usbd_ctlreq.o
LOAD ./Middlewares/ST/STM32_USB_Device_Library/Core/Src/usbd_ioreq.o
LOAD ./Middlewares/ST/STM32_WPAN/ble/core/auto/ble_events.o
LOAD ./Middlewares/ST/STM32_WPAN/ble/core/auto/ble_gap_aci.o
LOAD ./Middlewares/ST/STM32_WPAN/ble/core/auto/ble_gatt_aci.o
LOAD ./Middlewares/ST/STM32_WPAN/ble/core/auto/ble_hal_aci.o
LOAD ./Middlewares/ST/STM32_WPAN/ble/core/auto/ble_hci_le.o
LOAD ./Middlewares/ST/STM32_WPAN/ble/core/auto/ble_l2cap_aci.o
LOAD ./Middlewares/ST/STM32_WPAN/ble/core/template/osal.o
LOAD ./Middlewares/ST/STM32_WPAN/ble/svc/Src/svc_ctl.o
LOAD ./Middlewares/ST/STM32_WPAN/interface/patterns/ble_thread/shci/shci.o
LOAD ./Middlewares/ST/STM32_WPAN/interface/patterns/ble_thread/tl/hci_tl.o
LOAD ./Middlewares/ST/STM32_WPAN/interface/patterns/ble_thread/tl/hci_tl_if.o
LOAD ./Middlewares/ST/STM32_WPAN/interface/patterns/ble_thread/tl/shci_tl.o
LOAD ./Middlewares/ST/STM32_WPAN/interface/patterns/ble_thread/tl/shci_tl_if.o
LOAD ./Middlewares/ST/STM32_WPAN/interface/patterns/ble_thread/tl/tl_mbox.o
LOAD ./Middlewares/ST/STM32_WPAN/utilities/dbg_trace.o
LOAD ./Middlewares/ST/STM32_WPAN/utilities/otp.o
LOAD ./Middlewares/ST/STM32_WPAN/utilities/stm_list.o
LOAD ./Middlewares/ST/STM32_WPAN/utilities/stm_queue.o
LOAD ./STM32_WPAN/App/app_ble.o
LOAD ./STM32_WPAN/App/custom_app.o
LOAD ./STM32_WPAN/App/custom_stm.o
LOAD ./STM32_WPAN/Target/hw_ipcc.o
LOAD ./USB_Device/App/usb_device.o
LOAD ./USB_Device/App/usbd_cdc_if.o
LOAD ./USB_Device/App/usbd_desc.o
LOAD ./USB_Device/Target/usbd_conf.o
LOAD ./Utilities/lpm/tiny_lpm/stm32_lpm.o
LOAD ./Utilities/sequencer/stm32_seq.o
START GROUP
LOAD C:/ST/STM32CubeIDE_1.18.0/STM32CubeIDE/plugins/com.st.stm32cube.ide.mcu.externaltools.gnu-tools-for-stm32.13.3.rel1.win32_1.0.0.202411081344/tools/bin/../lib/gcc/arm-none-eabi/13.3.1/../../../../arm-none-eabi/lib/thumb/v7e-m+fp/hard\libstdc++_nano.a
LOAD C:/ST/STM32CubeIDE_1.18.0/STM32CubeIDE/plugins/com.st.stm32cube.ide.mcu.externaltools.gnu-tools-for-stm32.13.3.rel1.win32_1.0.0.202411081344/tools/bin/../lib/gcc/arm-none-eabi/13.3.1/../../../../arm-none-eabi/lib/thumb/v7e-m+fp/hard\libsupc++_nano.a
END GROUP
LOAD C:/ST/STM32CubeIDE_1.18.0/STM32CubeIDE/plugins/com.st.stm32cube.ide.mcu.externaltools.gnu-tools-for-stm32.13.3.rel1.win32_1.0.0.202411081344/tools/bin/../lib/gcc/arm-none-eabi/13.3.1/../../../../arm-none-eabi/lib/thumb/v7e-m+fp/hard\libstdc++_nano.a
LOAD C:/ST/STM32CubeIDE_1.18.0/STM32CubeIDE/plugins/com.st.stm32cube.ide.mcu.externaltools.gnu-tools-for-stm32.13.3.rel1.win32_1.0.0.202411081344/tools/bin/../lib/gcc/arm-none-eabi/13.3.1/../../../../arm-none-eabi/lib/thumb/v7e-m+fp/hard\libm.a
LOAD C:/ST/STM32CubeIDE_1.18.0/STM32CubeIDE/plugins/com.st.stm32cube.ide.mcu.externaltools.gnu-tools-for-stm32.13.3.rel1.win32_1.0.0.202411081344/tools/bin/../lib/gcc/arm-none-eabi/13.3.1/../../../../arm-none-eabi/lib/thumb/v7e-m+fp/hard\libc_nano.a
START GROUP
LOAD C:/ST/STM32CubeIDE_1.18.0/STM32CubeIDE/plugins/com.st.stm32cube.ide.mcu.externaltools.gnu-tools-for-stm32.13.3.rel1.win32_1.0.0.202411081344/tools/bin/../lib/gcc/arm-none-eabi/13.3.1/thumb/v7e-m+fp/hard\libgcc.a
LOAD C:/ST/STM32CubeIDE_1.18.0/STM32CubeIDE/plugins/com.st.stm32cube.ide.mcu.externaltools.gnu-tools-for-stm32.13.3.rel1.win32_1.0.0.202411081344/tools/bin/../lib/gcc/arm-none-eabi/13.3.1/../../../../arm-none-eabi/lib/thumb/v7e-m+fp/hard\libc_nano.a
END GROUP
START GROUP
LOAD C:/ST/STM32CubeIDE_1.18.0/STM32CubeIDE/plugins/com.st.stm32cube.ide.mcu.externaltools.gnu-tools-for-stm32.13.3.rel1.win32_1.0.0.202411081344/tools/bin/../lib/gcc/arm-none-eabi/13.3.1/thumb/v7e-m+fp/hard\libgcc.a
LOAD C:/ST/STM32CubeIDE_1.18.0/STM32CubeIDE/plugins/com.st.stm32cube.ide.mcu.externaltools.gnu-tools-for-stm32.13.3.rel1.win32_1.0.0.202411081344/tools/bin/../lib/gcc/arm-none-eabi/13.3.1/../../../../arm-none-eabi/lib/thumb/v7e-m+fp/hard\libc_nano.a
LOAD C:/ST/STM32CubeIDE_1.18.0/STM32CubeIDE/plugins/com.st.stm32cube.ide.mcu.externaltools.gnu-tools-for-stm32.13.3.rel1.win32_1.0.0.202411081344/tools/bin/../lib/gcc/arm-none-eabi/13.3.1/../../../../arm-none-eabi/lib/thumb/v7e-m+fp/hard\libnosys.a
END GROUP
START GROUP
LOAD C:/ST/STM32CubeIDE_1.18.0/STM32CubeIDE/plugins/com.st.stm32cube.ide.mcu.externaltools.gnu-tools-for-stm32.13.3.rel1.win32_1.0.0.202411081344/tools/bin/../lib/gcc/arm-none-eabi/13.3.1/thumb/v7e-m+fp/hard\libgcc.a
LOAD C:/ST/STM32CubeIDE_1.18.0/STM32CubeIDE/plugins/com.st.stm32cube.ide.mcu.externaltools.gnu-tools-for-stm32.13.3.rel1.win32_1.0.0.202411081344/tools/bin/../lib/gcc/arm-none-eabi/13.3.1/../../../../arm-none-eabi/lib/thumb/v7e-m+fp/hard\libc_nano.a
LOAD C:/ST/STM32CubeIDE_1.18.0/STM32CubeIDE/plugins/com.st.stm32cube.ide.mcu.externaltools.gnu-tools-for-stm32.13.3.rel1.win32_1.0.0.202411081344/tools/bin/../lib/gcc/arm-none-eabi/13.3.1/../../../../arm-none-eabi/lib/thumb/v7e-m+fp/hard\libnosys.a
END GROUP
LOAD C:/ST/STM32CubeIDE_1.18.0/STM32CubeIDE/plugins/com.st.stm32cube.ide.mcu.externaltools.gnu-tools-for-stm32.13.3.rel1.win32_1.0.0.202411081344/tools/bin/../lib/gcc/arm-none-eabi/13.3.1/thumb/v7e-m+fp/hard/crtend.o
LOAD C:/ST/STM32CubeIDE_1.18.0/STM32CubeIDE/plugins/com.st.stm32cube.ide.mcu.externaltools.gnu-tools-for-stm32.13.3.rel1.win32_1.0.0.202411081344/tools/bin/../lib/gcc/arm-none-eabi/13.3.1/thumb/v7e-m+fp/hard/crtn.o
                0x20030000                        _estack = (ORIGIN (RAM) + LENGTH (RAM))
                0x00000800                        _Min_Heap_Size = 0x800
                0x00000800                        _Min_Stack_Size = 0x800

.isr_vector     0x08000000      0x13c
                0x08000000                        . = ALIGN (0x4)
 *(.isr_vector)
 .isr_vector    0x08000000      0x13c ./Core/Startup/startup_stm32wb55cgux.o
                0x08000000                g_pfnVectors
                0x0800013c                        . = ALIGN (0x4)

.text           0x08000140     0xb77c
                0x08000140                        . = ALIGN (0x4)
 *(.text)
 .text          0x08000140       0x40 C:/ST/STM32CubeIDE_1.18.0/STM32CubeIDE/plugins/com.st.stm32cube.ide.mcu.externaltools.gnu-tools-for-stm32.13.3.rel1.win32_1.0.0.202411081344/tools/bin/../lib/gcc/arm-none-eabi/13.3.1/thumb/v7e-m+fp/hard/crtbegin.o
 .text          0x08000180       0xa0 C:/ST/STM32CubeIDE_1.18.0/STM32CubeIDE/plugins/com.st.stm32cube.ide.mcu.externaltools.gnu-tools-for-stm32.13.3.rel1.win32_1.0.0.202411081344/tools/bin/../lib/gcc/arm-none-eabi/13.3.1/../../../../arm-none-eabi/lib/thumb/v7e-m+fp/hard\libc_nano.a(libc_a-memchr.o)
                0x08000180                memchr
 .text          0x08000220       0x10 C:/ST/STM32CubeIDE_1.18.0/STM32CubeIDE/plugins/com.st.stm32cube.ide.mcu.externaltools.gnu-tools-for-stm32.13.3.rel1.win32_1.0.0.202411081344/tools/bin/../lib/gcc/arm-none-eabi/13.3.1/../../../../arm-none-eabi/lib/thumb/v7e-m+fp/hard\libc_nano.a(libc_a-strlen.o)
                0x08000220                strlen
 .text          0x08000230      0x378 C:/ST/STM32CubeIDE_1.18.0/STM32CubeIDE/plugins/com.st.stm32cube.ide.mcu.externaltools.gnu-tools-for-stm32.13.3.rel1.win32_1.0.0.202411081344/tools/bin/../lib/gcc/arm-none-eabi/13.3.1/thumb/v7e-m+fp/hard\libgcc.a(_arm_addsubdf3.o)
                0x08000230                __aeabi_drsub
                0x08000238                __aeabi_dsub
                0x08000238                __subdf3
                0x0800023c                __aeabi_dadd
                0x0800023c                __adddf3
                0x080004b4                __floatunsidf
                0x080004b4                __aeabi_ui2d
                0x080004d4                __floatsidf
                0x080004d4                __aeabi_i2d
                0x080004f8                __aeabi_f2d
                0x080004f8                __extendsfdf2
                0x0800053c                __floatundidf
                0x0800053c                __aeabi_ul2d
                0x0800054c                __floatdidf
                0x0800054c                __aeabi_l2d
 .text          0x080005a8      0x424 C:/ST/STM32CubeIDE_1.18.0/STM32CubeIDE/plugins/com.st.stm32cube.ide.mcu.externaltools.gnu-tools-for-stm32.13.3.rel1.win32_1.0.0.202411081344/tools/bin/../lib/gcc/arm-none-eabi/13.3.1/thumb/v7e-m+fp/hard\libgcc.a(_arm_muldivdf3.o)
                0x080005a8                __aeabi_dmul
                0x080005a8                __muldf3
                0x080007fc                __divdf3
                0x080007fc                __aeabi_ddiv
 .text          0x080009cc      0x110 C:/ST/STM32CubeIDE_1.18.0/STM32CubeIDE/plugins/com.st.stm32cube.ide.mcu.externaltools.gnu-tools-for-stm32.13.3.rel1.win32_1.0.0.202411081344/tools/bin/../lib/gcc/arm-none-eabi/13.3.1/thumb/v7e-m+fp/hard\libgcc.a(_arm_cmpdf2.o)
                0x080009cc                __gtdf2
                0x080009cc                __gedf2
                0x080009d4                __ltdf2
                0x080009d4                __ledf2
                0x080009dc                __nedf2
                0x080009dc                __eqdf2
                0x080009dc                __cmpdf2
                0x08000a58                __aeabi_cdrcmple
                0x08000a68                __aeabi_cdcmpeq
                0x08000a68                __aeabi_cdcmple
                0x08000a78                __aeabi_dcmpeq
                0x08000a8c                __aeabi_dcmplt
                0x08000aa0                __aeabi_dcmple
                0x08000ab4                __aeabi_dcmpge
                0x08000ac8                __aeabi_dcmpgt
 .text          0x08000adc       0x2c C:/ST/STM32CubeIDE_1.18.0/STM32CubeIDE/plugins/com.st.stm32cube.ide.mcu.externaltools.gnu-tools-for-stm32.13.3.rel1.win32_1.0.0.202411081344/tools/bin/../lib/gcc/arm-none-eabi/13.3.1/thumb/v7e-m+fp/hard\libgcc.a(_arm_unorddf2.o)
                0x08000adc                __unorddf2
                0x08000adc                __aeabi_dcmpun
 .text          0x08000b08       0x50 C:/ST/STM32CubeIDE_1.18.0/STM32CubeIDE/plugins/com.st.stm32cube.ide.mcu.externaltools.gnu-tools-for-stm32.13.3.rel1.win32_1.0.0.202411081344/tools/bin/../lib/gcc/arm-none-eabi/13.3.1/thumb/v7e-m+fp/hard\libgcc.a(_arm_fixdfsi.o)
                0x08000b08                __aeabi_d2iz
                0x08000b08                __fixdfsi
 *(.text*)
 .text.APPD_EnableCPU2
                0x08000b58       0x38 ./Core/Src/app_debug.o
                0x08000b58                APPD_EnableCPU2
 .text.DbgOutputTraces
                0x08000b90        0xc ./Core/Src/app_debug.o
                0x08000b90                DbgOutputTraces
 .text.APPE_SysStatusNot
                0x08000b9c        0x2 ./Core/Src/app_entry.o
 *fill*         0x08000b9e        0x2 
 .text.APPE_SysUserEvtRx
                0x08000ba0      0x320 ./Core/Src/app_entry.o
 .text.MX_APPE_Config
                0x08000ec0       0xac ./Core/Src/app_entry.o
                0x08000ec0                MX_APPE_Config
 .text.Init_Exti
                0x08000f6c       0x14 ./Core/Src/app_entry.o
                0x08000f6c                Init_Exti
 .text.MX_APPE_Init
                0x08000f80       0xb0 ./Core/Src/app_entry.o
                0x08000f80                MX_APPE_Init
 .text.HAL_Delay
                0x08001030       0x34 ./Core/Src/app_entry.o
                0x08001030                HAL_Delay
 .text.MX_APPE_Process
                0x08001064        0x8 ./Core/Src/app_entry.o
                0x08001064                MX_APPE_Process
 .text.UTIL_SEQ_Idle
                0x0800106c        0x2 ./Core/Src/app_entry.o
                0x0800106c                UTIL_SEQ_Idle
 .text.shci_notify_asynch_evt
                0x0800106e        0x8 ./Core/Src/app_entry.o
                0x0800106e                shci_notify_asynch_evt
 .text.shci_cmd_resp_release
                0x08001076        0x6 ./Core/Src/app_entry.o
                0x08001076                shci_cmd_resp_release
 .text.shci_cmd_resp_wait
                0x0800107c        0x6 ./Core/Src/app_entry.o
                0x0800107c                shci_cmd_resp_wait
 .text.MX_DMA_Init
                0x08001082       0x40 ./Core/Src/dma.o
                0x08001082                MX_DMA_Init
 .text.LL_AHB2_GRP1_EnableClock
                0x080010c2       0x18 ./Core/Src/gpio.o
 *fill*         0x080010da        0x2 
 .text.MX_GPIO_Init
                0x080010dc       0x78 ./Core/Src/gpio.o
                0x080010dc                MX_GPIO_Init
 .text.ReadRtcSsrValue
                0x08001154       0x1c ./Core/Src/hw_timerserver.o
 .text.ReturnTimeElapsed
                0x08001170       0x48 ./Core/Src/hw_timerserver.o
 .text.RescheduleTimerList
                0x080011b8      0x118 ./Core/Src/hw_timerserver.o
 .text.UnlinkTimer
                0x080012d0       0x80 ./Core/Src/hw_timerserver.o
 .text.HW_TS_Init
                0x08001350      0x130 ./Core/Src/hw_timerserver.o
                0x08001350                HW_TS_Init
 .text.HW_TS_Stop
                0x08001480       0xb0 ./Core/Src/hw_timerserver.o
                0x08001480                HW_TS_Stop
 .text.HW_TS_Start
                0x08001530      0x158 ./Core/Src/hw_timerserver.o
                0x08001530                HW_TS_Start
 .text.HW_TS_RTC_Int_AppNot
                0x08001688        0x2 ./Core/Src/hw_timerserver.o
                0x08001688                HW_TS_RTC_Int_AppNot
 *fill*         0x0800168a        0x2 
 .text.HW_TS_RTC_Wakeup_Handler
                0x0800168c       0xc4 ./Core/Src/hw_timerserver.o
                0x0800168c                HW_TS_RTC_Wakeup_Handler
 .text.HW_UART_Transmit_DMA
                0x08001750       0x2c ./Core/Src/hw_uart.o
                0x08001750                HW_UART_Transmit_DMA
 .text.MX_I2C1_Init
                0x0800177c       0x58 ./Core/Src/i2c.o
                0x0800177c                MX_I2C1_Init
 .text.HAL_I2C_MspInit
                0x080017d4       0x88 ./Core/Src/i2c.o
                0x080017d4                HAL_I2C_MspInit
 .text.MX_IPCC_Init
                0x0800185c       0x20 ./Core/Src/ipcc.o
                0x0800185c                MX_IPCC_Init
 .text.HAL_IPCC_MspInit
                0x0800187c       0x50 ./Core/Src/ipcc.o
                0x0800187c                HAL_IPCC_MspInit
 .text.SystemClock_Config
                0x080018cc       0xb8 ./Core/Src/main.o
                0x080018cc                SystemClock_Config
 .text.PeriphCommonClock_Config
                0x08001984       0x40 ./Core/Src/main.o
                0x08001984                PeriphCommonClock_Config
 .text.startup.main
                0x080019c4       0x54 ./Core/Src/main.o
                0x080019c4                main
 .text.Error_Handler
                0x08001a18        0x4 ./Core/Src/main.o
                0x08001a18                Error_Handler
 .text.MX_RF_Init
                0x08001a1c        0x2 ./Core/Src/rf.o
                0x08001a1c                MX_RF_Init
 *fill*         0x08001a1e        0x2 
 .text.MX_RTC_Init
                0x08001a20       0x48 ./Core/Src/rtc.o
                0x08001a20                MX_RTC_Init
 .text.HAL_RTC_MspInit
                0x08001a68       0x6c ./Core/Src/rtc.o
                0x08001a68                HAL_RTC_MspInit
 .text.LCD_WriteCommand
                0x08001ad4       0x44 ./Core/Src/screen.o
                0x08001ad4                LCD_WriteCommand
 .text.LCD_WriteData
                0x08001b18       0x44 ./Core/Src/screen.o
                0x08001b18                LCD_WriteData
 .text.LCD_Init
                0x08001b5c      0x204 ./Core/Src/screen.o
                0x08001b5c                LCD_Init
 .text.LCD_SetWindow
                0x08001d60       0x50 ./Core/Src/screen.o
                0x08001d60                LCD_SetWindow
 .text.LCD_FillScreen
                0x08001db0       0x5c ./Core/Src/screen.o
                0x08001db0                LCD_FillScreen
 .text.MX_SPI1_Init
                0x08001e0c       0x50 ./Core/Src/spi.o
                0x08001e0c                MX_SPI1_Init
 .text.HAL_SPI_MspInit
                0x08001e5c       0x60 ./Core/Src/spi.o
                0x08001e5c                HAL_SPI_MspInit
 .text.HAL_MspInit
                0x08001ebc       0x2e ./Core/Src/stm32wbxx_hal_msp.o
                0x08001ebc                HAL_MspInit
 .text.NMI_Handler
                0x08001eea        0x2 ./Core/Src/stm32wbxx_it.o
                0x08001eea                NMI_Handler
 .text.HardFault_Handler
                0x08001eec        0x2 ./Core/Src/stm32wbxx_it.o
                0x08001eec                HardFault_Handler
 .text.MemManage_Handler
                0x08001eee        0x2 ./Core/Src/stm32wbxx_it.o
                0x08001eee                MemManage_Handler
 .text.BusFault_Handler
                0x08001ef0        0x2 ./Core/Src/stm32wbxx_it.o
                0x08001ef0                BusFault_Handler
 .text.UsageFault_Handler
                0x08001ef2        0x2 ./Core/Src/stm32wbxx_it.o
                0x08001ef2                UsageFault_Handler
 .text.SVC_Handler
                0x08001ef4        0x2 ./Core/Src/stm32wbxx_it.o
                0x08001ef4                SVC_Handler
 .text.DebugMon_Handler
                0x08001ef6        0x2 ./Core/Src/stm32wbxx_it.o
                0x08001ef6                DebugMon_Handler
 .text.PendSV_Handler
                0x08001ef8        0x2 ./Core/Src/stm32wbxx_it.o
                0x08001ef8                PendSV_Handler
 .text.SysTick_Handler
                0x08001efa        0x4 ./Core/Src/stm32wbxx_it.o
                0x08001efa                SysTick_Handler
 .text.RTC_WKUP_IRQHandler
                0x08001efe        0x4 ./Core/Src/stm32wbxx_it.o
                0x08001efe                RTC_WKUP_IRQHandler
 *fill*         0x08001f02        0x2 
 .text.DMA1_Channel1_IRQHandler
                0x08001f04        0xc ./Core/Src/stm32wbxx_it.o
                0x08001f04                DMA1_Channel1_IRQHandler
 .text.USB_LP_IRQHandler
                0x08001f10        0xc ./Core/Src/stm32wbxx_it.o
                0x08001f10                USB_LP_IRQHandler
 .text.USART1_IRQHandler
                0x08001f1c        0xc ./Core/Src/stm32wbxx_it.o
                0x08001f1c                USART1_IRQHandler
 .text.IPCC_C1_RX_IRQHandler
                0x08001f28        0x4 ./Core/Src/stm32wbxx_it.o
                0x08001f28                IPCC_C1_RX_IRQHandler
 .text.IPCC_C1_TX_IRQHandler
                0x08001f2c        0x4 ./Core/Src/stm32wbxx_it.o
                0x08001f2c                IPCC_C1_TX_IRQHandler
 .text.HSEM_IRQHandler
                0x08001f30        0x4 ./Core/Src/stm32wbxx_it.o
                0x08001f30                HSEM_IRQHandler
 .text._getpid  0x08001f34        0x4 ./Core/Src/syscalls.o
                0x08001f34                _getpid
 .text._kill    0x08001f38       0x10 ./Core/Src/syscalls.o
                0x08001f38                _kill
 .text._exit    0x08001f48        0xc ./Core/Src/syscalls.o
                0x08001f48                _exit
 .text._read    0x08001f54       0x1c ./Core/Src/syscalls.o
                0x08001f54                _read
 .text._close   0x08001f70        0x6 ./Core/Src/syscalls.o
                0x08001f70                _close
 .text._fstat   0x08001f76        0xa ./Core/Src/syscalls.o
                0x08001f76                _fstat
 .text._isatty  0x08001f80        0x4 ./Core/Src/syscalls.o
                0x08001f80                _isatty
 .text._lseek   0x08001f84        0x4 ./Core/Src/syscalls.o
                0x08001f84                _lseek
 .text._sbrk    0x08001f88       0x40 ./Core/Src/sysmem.o
                0x08001f88                _sbrk
 .text.SystemInit
                0x08001fc8       0x64 ./Core/Src/system_stm32wbxx.o
                0x08001fc8                SystemInit
 .text.data_initializers
                0x0800202c       0x18 ./Core/Startup/startup_stm32wb55cgux.o
 .text.Reset_Handler
                0x08002044       0x58 ./Core/Startup/startup_stm32wb55cgux.o
                0x08002044                Reset_Handler
 .text.Default_Handler
                0x0800209c        0x2 ./Core/Startup/startup_stm32wb55cgux.o
                0x0800209c                RTC_Alarm_IRQHandler
                0x0800209c                EXTI2_IRQHandler
                0x0800209c                TIM1_CC_IRQHandler
                0x0800209c                TSC_IRQHandler
                0x0800209c                USB_HP_IRQHandler
                0x0800209c                EXTI3_IRQHandler
                0x0800209c                LPTIM2_IRQHandler
                0x0800209c                I2C3_ER_IRQHandler
                0x0800209c                EXTI0_IRQHandler
                0x0800209c                FPU_IRQHandler
                0x0800209c                TIM1_UP_TIM16_IRQHandler
                0x0800209c                AES1_IRQHandler
                0x0800209c                SPI1_IRQHandler
                0x0800209c                PWR_SOTF_BLEACT_802ACT_RFPHASE_IRQHandler
                0x0800209c                DMA2_Channel2_IRQHandler
                0x0800209c                DMA1_Channel4_IRQHandler
                0x0800209c                ADC1_IRQHandler
                0x0800209c                PKA_IRQHandler
                0x0800209c                DMA1_Channel7_IRQHandler
                0x0800209c                LCD_IRQHandler
                0x0800209c                DMA2_Channel1_IRQHandler
                0x0800209c                QUADSPI_IRQHandler
                0x0800209c                I2C1_EV_IRQHandler
                0x0800209c                DMAMUX1_OVR_IRQHandler
                0x0800209c                DMA1_Channel6_IRQHandler
                0x0800209c                DMA2_Channel4_IRQHandler
                0x0800209c                RCC_IRQHandler
                0x0800209c                Default_Handler
                0x0800209c                DMA2_Channel7_IRQHandler
                0x0800209c                EXTI15_10_IRQHandler
                0x0800209c                C2SEV_PWR_C2H_IRQHandler
                0x0800209c                AES2_IRQHandler
                0x0800209c                I2C3_EV_IRQHandler
                0x0800209c                EXTI9_5_IRQHandler
                0x0800209c                PVD_PVM_IRQHandler
                0x0800209c                SPI2_IRQHandler
                0x0800209c                DMA2_Channel5_IRQHandler
                0x0800209c                CRS_IRQHandler
                0x0800209c                DMA1_Channel5_IRQHandler
                0x0800209c                EXTI4_IRQHandler
                0x0800209c                RNG_IRQHandler
                0x0800209c                TIM1_TRG_COM_TIM17_IRQHandler
                0x0800209c                TAMP_STAMP_LSECSS_IRQHandler
                0x0800209c                DMA1_Channel3_IRQHandler
                0x0800209c                COMP_IRQHandler
                0x0800209c                WWDG_IRQHandler
                0x0800209c                LPUART1_IRQHandler
                0x0800209c                DMA2_Channel6_IRQHandler
                0x0800209c                TIM2_IRQHandler
                0x0800209c                TIM1_BRK_IRQHandler
                0x0800209c                EXTI1_IRQHandler
                0x0800209c                DMA1_Channel2_IRQHandler
                0x0800209c                FLASH_IRQHandler
                0x0800209c                I2C1_ER_IRQHandler
                0x0800209c                LPTIM1_IRQHandler
                0x0800209c                SAI1_IRQHandler
                0x0800209c                DMA2_Channel3_IRQHandler
 *fill*         0x0800209e        0x2 
 .text.HAL_InitTick
                0x080020a0       0x4c ./Drivers/STM32WBxx_HAL_Driver/Src/stm32wbxx_hal.o
                0x080020a0                HAL_InitTick
 .text.HAL_Init
                0x080020ec       0x2c ./Drivers/STM32WBxx_HAL_Driver/Src/stm32wbxx_hal.o
                0x080020ec                HAL_Init
 .text.HAL_IncTick
                0x08002118       0x18 ./Drivers/STM32WBxx_HAL_Driver/Src/stm32wbxx_hal.o
                0x08002118                HAL_IncTick
 .text.HAL_GetTick
                0x08002130        0xc ./Drivers/STM32WBxx_HAL_Driver/Src/stm32wbxx_hal.o
                0x08002130                HAL_GetTick
 .text.HAL_GetTickPrio
                0x0800213c        0xc ./Drivers/STM32WBxx_HAL_Driver/Src/stm32wbxx_hal.o
                0x0800213c                HAL_GetTickPrio
 .text.HAL_GetTickFreq
                0x08002148        0xc ./Drivers/STM32WBxx_HAL_Driver/Src/stm32wbxx_hal.o
                0x08002148                HAL_GetTickFreq
 .text.HAL_NVIC_SetPriorityGrouping
                0x08002154       0x24 ./Drivers/STM32WBxx_HAL_Driver/Src/stm32wbxx_hal_cortex.o
                0x08002154                HAL_NVIC_SetPriorityGrouping
 .text.HAL_NVIC_SetPriority
                0x08002178       0x64 ./Drivers/STM32WBxx_HAL_Driver/Src/stm32wbxx_hal_cortex.o
                0x08002178                HAL_NVIC_SetPriority
 .text.HAL_NVIC_EnableIRQ
                0x080021dc       0x1c ./Drivers/STM32WBxx_HAL_Driver/Src/stm32wbxx_hal_cortex.o
                0x080021dc                HAL_NVIC_EnableIRQ
 .text.HAL_NVIC_DisableIRQ
                0x080021f8       0x24 ./Drivers/STM32WBxx_HAL_Driver/Src/stm32wbxx_hal_cortex.o
                0x080021f8                HAL_NVIC_DisableIRQ
 .text.HAL_SYSTICK_Config
                0x0800221c       0x28 ./Drivers/STM32WBxx_HAL_Driver/Src/stm32wbxx_hal_cortex.o
                0x0800221c                HAL_SYSTICK_Config
 .text.HAL_NVIC_SetPendingIRQ
                0x08002244       0x1c ./Drivers/STM32WBxx_HAL_Driver/Src/stm32wbxx_hal_cortex.o
                0x08002244                HAL_NVIC_SetPendingIRQ
 .text.HAL_NVIC_ClearPendingIRQ
                0x08002260       0x1c ./Drivers/STM32WBxx_HAL_Driver/Src/stm32wbxx_hal_cortex.o
                0x08002260                HAL_NVIC_ClearPendingIRQ
 .text.DMA_SetConfig
                0x0800227c       0x34 ./Drivers/STM32WBxx_HAL_Driver/Src/stm32wbxx_hal_dma.o
 .text.HAL_DMA_Start_IT
                0x080022b0       0x80 ./Drivers/STM32WBxx_HAL_Driver/Src/stm32wbxx_hal_dma.o
                0x080022b0                HAL_DMA_Start_IT
 .text.HAL_DMA_Abort
                0x08002330       0x6a ./Drivers/STM32WBxx_HAL_Driver/Src/stm32wbxx_hal_dma.o
                0x08002330                HAL_DMA_Abort
 .text.HAL_DMA_Abort_IT
                0x0800239a       0x6a ./Drivers/STM32WBxx_HAL_Driver/Src/stm32wbxx_hal_dma.o
                0x0800239a                HAL_DMA_Abort_IT
 .text.HAL_DMA_IRQHandler
                0x08002404       0x94 ./Drivers/STM32WBxx_HAL_Driver/Src/stm32wbxx_hal_dma.o
                0x08002404                HAL_DMA_IRQHandler
 .text.HAL_GPIO_Init
                0x08002498      0x16c ./Drivers/STM32WBxx_HAL_Driver/Src/stm32wbxx_hal_gpio.o
                0x08002498                HAL_GPIO_Init
 .text.HAL_GPIO_WritePin
                0x08002604        0xa ./Drivers/STM32WBxx_HAL_Driver/Src/stm32wbxx_hal_gpio.o
                0x08002604                HAL_GPIO_WritePin
 .text.HAL_HSEM_FreeCallback
                0x0800260e        0x2 ./Drivers/STM32WBxx_HAL_Driver/Src/stm32wbxx_hal_hsem.o
                0x0800260e                HAL_HSEM_FreeCallback
 .text.HAL_HSEM_IRQHandler
                0x08002610       0x1c ./Drivers/STM32WBxx_HAL_Driver/Src/stm32wbxx_hal_hsem.o
                0x08002610                HAL_HSEM_IRQHandler
 .text.HAL_I2C_Init
                0x0800262c       0xaa ./Drivers/STM32WBxx_HAL_Driver/Src/stm32wbxx_hal_i2c.o
                0x0800262c                HAL_I2C_Init
 .text.HAL_I2CEx_ConfigAnalogFilter
                0x080026d6       0x4c ./Drivers/STM32WBxx_HAL_Driver/Src/stm32wbxx_hal_i2c_ex.o
                0x080026d6                HAL_I2CEx_ConfigAnalogFilter
 .text.HAL_I2CEx_ConfigDigitalFilter
                0x08002722       0x4a ./Drivers/STM32WBxx_HAL_Driver/Src/stm32wbxx_hal_i2c_ex.o
                0x08002722                HAL_I2CEx_ConfigDigitalFilter
 .text.HAL_IPCC_TxCallback
                0x0800276c        0x2 ./Drivers/STM32WBxx_HAL_Driver/Src/stm32wbxx_hal_ipcc.o
                0x0800276c                HAL_IPCC_TxCallback
 .text.HAL_IPCC_RxCallback
                0x0800276e        0x2 ./Drivers/STM32WBxx_HAL_Driver/Src/stm32wbxx_hal_ipcc.o
                0x0800276e                HAL_IPCC_RxCallback
 .text.IPCC_SetDefaultCallbacks
                0x08002770       0x1c ./Drivers/STM32WBxx_HAL_Driver/Src/stm32wbxx_hal_ipcc.o
                0x08002770                IPCC_SetDefaultCallbacks
 .text.HAL_IPCC_Init
                0x0800278c       0x44 ./Drivers/STM32WBxx_HAL_Driver/Src/stm32wbxx_hal_ipcc.o
                0x0800278c                HAL_IPCC_Init
 .text.HAL_PCD_Init
                0x080027d0       0xa8 ./Drivers/STM32WBxx_HAL_Driver/Src/stm32wbxx_hal_pcd.o
                0x080027d0                HAL_PCD_Init
 .text.HAL_PCD_Start
                0x08002878       0x2a ./Drivers/STM32WBxx_HAL_Driver/Src/stm32wbxx_hal_pcd.o
                0x08002878                HAL_PCD_Start
 .text.HAL_PCD_SetAddress
                0x080028a2       0x26 ./Drivers/STM32WBxx_HAL_Driver/Src/stm32wbxx_hal_pcd.o
                0x080028a2                HAL_PCD_SetAddress
 .text.HAL_PCD_IRQHandler
                0x080028c8      0x9c0 ./Drivers/STM32WBxx_HAL_Driver/Src/stm32wbxx_hal_pcd.o
                0x080028c8                HAL_PCD_IRQHandler
 .text.HAL_PCD_EP_Open
                0x08003288       0x6c ./Drivers/STM32WBxx_HAL_Driver/Src/stm32wbxx_hal_pcd.o
                0x08003288                HAL_PCD_EP_Open
 .text.HAL_PCD_EP_Close
                0x080032f4       0x5c ./Drivers/STM32WBxx_HAL_Driver/Src/stm32wbxx_hal_pcd.o
                0x080032f4                HAL_PCD_EP_Close
 .text.HAL_PCD_EP_Receive
                0x08003350       0x2c ./Drivers/STM32WBxx_HAL_Driver/Src/stm32wbxx_hal_pcd.o
                0x08003350                HAL_PCD_EP_Receive
 .text.HAL_PCD_EP_GetRxCount
                0x0800337c       0x10 ./Drivers/STM32WBxx_HAL_Driver/Src/stm32wbxx_hal_pcd.o
                0x0800337c                HAL_PCD_EP_GetRxCount
 .text.HAL_PCD_EP_Transmit
                0x0800338c       0x36 ./Drivers/STM32WBxx_HAL_Driver/Src/stm32wbxx_hal_pcd.o
                0x0800338c                HAL_PCD_EP_Transmit
 .text.HAL_PCD_EP_SetStall
                0x080033c2       0x60 ./Drivers/STM32WBxx_HAL_Driver/Src/stm32wbxx_hal_pcd.o
                0x080033c2                HAL_PCD_EP_SetStall
 .text.HAL_PCD_EP_ClrStall
                0x08003422       0x6e ./Drivers/STM32WBxx_HAL_Driver/Src/stm32wbxx_hal_pcd.o
                0x08003422                HAL_PCD_EP_ClrStall
 .text.HAL_PCDEx_PMAConfig
                0x08003490       0x34 ./Drivers/STM32WBxx_HAL_Driver/Src/stm32wbxx_hal_pcd_ex.o
                0x08003490                HAL_PCDEx_PMAConfig
 .text.HAL_PCDEx_ActivateLPM
                0x080034c4       0x2c ./Drivers/STM32WBxx_HAL_Driver/Src/stm32wbxx_hal_pcd_ex.o
                0x080034c4                HAL_PCDEx_ActivateLPM
 .text.HAL_PWR_EnableBkUpAccess
                0x080034f0       0x10 ./Drivers/STM32WBxx_HAL_Driver/Src/stm32wbxx_hal_pwr.o
                0x080034f0                HAL_PWR_EnableBkUpAccess
 .text.HAL_PWREx_GetVoltageRange
                0x08003500       0x10 ./Drivers/STM32WBxx_HAL_Driver/Src/stm32wbxx_hal_pwr_ex.o
                0x08003500                HAL_PWREx_GetVoltageRange
 .text.HAL_PWREx_EnableVddUSB
                0x08003510       0x10 ./Drivers/STM32WBxx_HAL_Driver/Src/stm32wbxx_hal_pwr_ex.o
                0x08003510                HAL_PWREx_EnableVddUSB
 .text.LL_RCC_LSI1_IsReady
                0x08003520        0xe ./Drivers/STM32WBxx_HAL_Driver/Src/stm32wbxx_hal_rcc.o
 .text.LL_RCC_MSI_IsReady
                0x0800352e        0xc ./Drivers/STM32WBxx_HAL_Driver/Src/stm32wbxx_hal_rcc.o
 .text.LL_RCC_MSI_SetRange
                0x0800353a       0x10 ./Drivers/STM32WBxx_HAL_Driver/Src/stm32wbxx_hal_rcc.o
 .text.LL_RCC_MSI_SetCalibTrimming
                0x0800354a       0x12 ./Drivers/STM32WBxx_HAL_Driver/Src/stm32wbxx_hal_rcc.o
 .text.RCC_SetFlashLatencyFromMSIRange
                0x0800355c       0xe8 ./Drivers/STM32WBxx_HAL_Driver/Src/stm32wbxx_hal_rcc.o
 .text.HAL_RCC_GetSysClockFreq
                0x08003644       0xa4 ./Drivers/STM32WBxx_HAL_Driver/Src/stm32wbxx_hal_rcc.o
                0x08003644                HAL_RCC_GetSysClockFreq
 .text.HAL_RCC_GetHCLKFreq
                0x080036e8       0x20 ./Drivers/STM32WBxx_HAL_Driver/Src/stm32wbxx_hal_rcc.o
                0x080036e8                HAL_RCC_GetHCLKFreq
 .text.HAL_RCC_OscConfig
                0x08003708      0x598 ./Drivers/STM32WBxx_HAL_Driver/Src/stm32wbxx_hal_rcc.o
                0x08003708                HAL_RCC_OscConfig
 .text.HAL_RCC_ClockConfig
                0x08003ca0      0x1fc ./Drivers/STM32WBxx_HAL_Driver/Src/stm32wbxx_hal_rcc.o
                0x08003ca0                HAL_RCC_ClockConfig
 .text.LL_RCC_LSE_IsReady
                0x08003e9c        0xe ./Drivers/STM32WBxx_HAL_Driver/Src/stm32wbxx_hal_rcc_ex.o
 .text.LL_RCC_SetI2CClockSource
                0x08003eaa       0x20 ./Drivers/STM32WBxx_HAL_Driver/Src/stm32wbxx_hal_rcc_ex.o
 .text.LL_RCC_PLLSAI1_Enable
                0x08003eca        0xe ./Drivers/STM32WBxx_HAL_Driver/Src/stm32wbxx_hal_rcc_ex.o
 .text.LL_RCC_PLLSAI1_Disable
                0x08003ed8        0xe ./Drivers/STM32WBxx_HAL_Driver/Src/stm32wbxx_hal_rcc_ex.o
 .text.LL_RCC_PLLSAI1_IsReady
                0x08003ee6        0xc ./Drivers/STM32WBxx_HAL_Driver/Src/stm32wbxx_hal_rcc_ex.o
 .text.HAL_RCCEx_PeriphCLKConfig
                0x08003ef2      0x37c ./Drivers/STM32WBxx_HAL_Driver/Src/stm32wbxx_hal_rcc_ex.o
                0x08003ef2                HAL_RCCEx_PeriphCLKConfig
 .text.HAL_RCCEx_EnableMSIPLLMode
                0x0800426e        0xe ./Drivers/STM32WBxx_HAL_Driver/Src/stm32wbxx_hal_rcc_ex.o
                0x0800426e                HAL_RCCEx_EnableMSIPLLMode
 .text.HAL_RTC_WaitForSynchro
                0x0800427c       0x30 ./Drivers/STM32WBxx_HAL_Driver/Src/stm32wbxx_hal_rtc.o
                0x0800427c                HAL_RTC_WaitForSynchro
 .text.RTC_EnterInitMode
                0x080042ac       0x44 ./Drivers/STM32WBxx_HAL_Driver/Src/stm32wbxx_hal_rtc.o
                0x080042ac                RTC_EnterInitMode
 .text.RTC_ExitInitMode
                0x080042f0       0x2a ./Drivers/STM32WBxx_HAL_Driver/Src/stm32wbxx_hal_rtc.o
                0x080042f0                RTC_ExitInitMode
 .text.HAL_RTC_Init
                0x0800431a       0x9c ./Drivers/STM32WBxx_HAL_Driver/Src/stm32wbxx_hal_rtc.o
                0x0800431a                HAL_RTC_Init
 *fill*         0x080043b6        0x2 
 .text.HAL_RTCEx_SetWakeUpTimer_IT
                0x080043b8       0xe0 ./Drivers/STM32WBxx_HAL_Driver/Src/stm32wbxx_hal_rtc_ex.o
                0x080043b8                HAL_RTCEx_SetWakeUpTimer_IT
 .text.SPI_WaitFlagStateUntilTimeout.constprop.0
                0x08004498       0xa4 ./Drivers/STM32WBxx_HAL_Driver/Src/stm32wbxx_hal_spi.o
 .text.SPI_WaitFifoStateUntilTimeout.constprop.0
                0x0800453c       0xc8 ./Drivers/STM32WBxx_HAL_Driver/Src/stm32wbxx_hal_spi.o
 .text.SPI_EndRxTxTransaction
                0x08004604       0x44 ./Drivers/STM32WBxx_HAL_Driver/Src/stm32wbxx_hal_spi.o
 .text.HAL_SPI_Init
                0x08004648       0xd4 ./Drivers/STM32WBxx_HAL_Driver/Src/stm32wbxx_hal_spi.o
                0x08004648                HAL_SPI_Init
 .text.HAL_SPI_Transmit
                0x0800471c      0x18c ./Drivers/STM32WBxx_HAL_Driver/Src/stm32wbxx_hal_spi.o
                0x0800471c                HAL_SPI_Transmit
 .text.UART_EndTxTransfer
                0x080048a8       0x34 ./Drivers/STM32WBxx_HAL_Driver/Src/stm32wbxx_hal_uart.o
 .text.UART_EndRxTransfer
                0x080048dc       0x58 ./Drivers/STM32WBxx_HAL_Driver/Src/stm32wbxx_hal_uart.o
 .text.UART_DMATransmitCplt
                0x08004934       0x44 ./Drivers/STM32WBxx_HAL_Driver/Src/stm32wbxx_hal_uart.o
 .text.UART_DMATxHalfCplt
                0x08004978        0x8 ./Drivers/STM32WBxx_HAL_Driver/Src/stm32wbxx_hal_uart.o
 .text.UART_DMAError
                0x08004980       0x4c ./Drivers/STM32WBxx_HAL_Driver/Src/stm32wbxx_hal_uart.o
 .text.UART_DMAAbortOnError
                0x080049cc        0xe ./Drivers/STM32WBxx_HAL_Driver/Src/stm32wbxx_hal_uart.o
 *fill*         0x080049da        0x2 
 .text.HAL_UART_Transmit_DMA
                0x080049dc       0x84 ./Drivers/STM32WBxx_HAL_Driver/Src/stm32wbxx_hal_uart.o
                0x080049dc                HAL_UART_Transmit_DMA
 .text.HAL_UART_IRQHandler
                0x08004a60      0x304 ./Drivers/STM32WBxx_HAL_Driver/Src/stm32wbxx_hal_uart.o
                0x08004a60                HAL_UART_IRQHandler
 .text.USB_EnableGlobalInt
                0x08004d64       0x12 ./Drivers/STM32WBxx_HAL_Driver/Src/stm32wbxx_ll_usb.o
                0x08004d64                USB_EnableGlobalInt
 .text.USB_DisableGlobalInt
                0x08004d76       0x14 ./Drivers/STM32WBxx_HAL_Driver/Src/stm32wbxx_ll_usb.o
                0x08004d76                USB_DisableGlobalInt
 .text.USB_DevInit
                0x08004d8a       0x22 ./Drivers/STM32WBxx_HAL_Driver/Src/stm32wbxx_ll_usb.o
                0x08004d8a                USB_DevInit
 .text.USB_ActivateEndpoint
                0x08004dac      0x37c ./Drivers/STM32WBxx_HAL_Driver/Src/stm32wbxx_ll_usb.o
                0x08004dac                USB_ActivateEndpoint
 .text.USB_DeactivateEndpoint
                0x08005128      0x1a6 ./Drivers/STM32WBxx_HAL_Driver/Src/stm32wbxx_ll_usb.o
                0x08005128                USB_DeactivateEndpoint
 .text.USB_EPSetStall
                0x080052ce       0x40 ./Drivers/STM32WBxx_HAL_Driver/Src/stm32wbxx_ll_usb.o
                0x080052ce                USB_EPSetStall
 .text.USB_EPClearStall
                0x0800530e       0x8e ./Drivers/STM32WBxx_HAL_Driver/Src/stm32wbxx_ll_usb.o
                0x0800530e                USB_EPClearStall
 .text.USB_SetDevAddress
                0x0800539c        0xc ./Drivers/STM32WBxx_HAL_Driver/Src/stm32wbxx_ll_usb.o
                0x0800539c                USB_SetDevAddress
 .text.USB_DevConnect
                0x080053a8       0x16 ./Drivers/STM32WBxx_HAL_Driver/Src/stm32wbxx_ll_usb.o
                0x080053a8                USB_DevConnect
 .text.USB_ReadInterrupts
                0x080053be        0x8 ./Drivers/STM32WBxx_HAL_Driver/Src/stm32wbxx_ll_usb.o
                0x080053be                USB_ReadInterrupts
 .text.USB_WritePMA
                0x080053c6       0x1e ./Drivers/STM32WBxx_HAL_Driver/Src/stm32wbxx_ll_usb.o
                0x080053c6                USB_WritePMA
 .text.USB_EPStartXfer
                0x080053e4      0x300 ./Drivers/STM32WBxx_HAL_Driver/Src/stm32wbxx_ll_usb.o
                0x080053e4                USB_EPStartXfer
 .text.USB_ReadPMA
                0x080056e4       0x36 ./Drivers/STM32WBxx_HAL_Driver/Src/stm32wbxx_ll_usb.o
                0x080056e4                USB_ReadPMA
 .text.USBD_CDC_EP0_RxReady
                0x0800571a       0x38 ./Middlewares/ST/STM32_USB_Device_Library/Class/CDC/Src/usbd_cdc.o
 *fill*         0x08005752        0x2 
 .text.USBD_CDC_GetDeviceQualifierDescriptor
                0x08005754        0xc ./Middlewares/ST/STM32_USB_Device_Library/Class/CDC/Src/usbd_cdc.o
                0x08005754                USBD_CDC_GetDeviceQualifierDescriptor
 .text.USBD_CDC_GetFSCfgDesc
                0x08005760       0x48 ./Middlewares/ST/STM32_USB_Device_Library/Class/CDC/Src/usbd_cdc.o
 .text.USBD_CDC_GetOtherSpeedCfgDesc
                0x080057a8        0x4 ./Middlewares/ST/STM32_USB_Device_Library/Class/CDC/Src/usbd_cdc.o
 .text.USBD_CDC_GetHSCfgDesc
                0x080057ac       0x48 ./Middlewares/ST/STM32_USB_Device_Library/Class/CDC/Src/usbd_cdc.o
 .text.USBD_CDC_DataOut
                0x080057f4       0x38 ./Middlewares/ST/STM32_USB_Device_Library/Class/CDC/Src/usbd_cdc.o
 .text.USBD_CDC_DataIn
                0x0800582c       0x64 ./Middlewares/ST/STM32_USB_Device_Library/Class/CDC/Src/usbd_cdc.o
 .text.USBD_CDC_Setup
                0x08005890       0xf0 ./Middlewares/ST/STM32_USB_Device_Library/Class/CDC/Src/usbd_cdc.o
 .text.USBD_CDC_DeInit
                0x08005980       0x5a ./Middlewares/ST/STM32_USB_Device_Library/Class/CDC/Src/usbd_cdc.o
 .text.USBD_CDC_Init
                0x080059da       0xc6 ./Middlewares/ST/STM32_USB_Device_Library/Class/CDC/Src/usbd_cdc.o
 .text.USBD_CDC_RegisterInterface
                0x08005aa0       0x16 ./Middlewares/ST/STM32_USB_Device_Library/Class/CDC/Src/usbd_cdc.o
                0x08005aa0                USBD_CDC_RegisterInterface
 .text.USBD_CDC_SetTxBuffer
                0x08005ab6       0x1c ./Middlewares/ST/STM32_USB_Device_Library/Class/CDC/Src/usbd_cdc.o
                0x08005ab6                USBD_CDC_SetTxBuffer
 .text.USBD_CDC_SetRxBuffer
                0x08005ad2       0x18 ./Middlewares/ST/STM32_USB_Device_Library/Class/CDC/Src/usbd_cdc.o
                0x08005ad2                USBD_CDC_SetRxBuffer
 .text.USBD_CDC_ReceivePacket
                0x08005aea       0x2c ./Middlewares/ST/STM32_USB_Device_Library/Class/CDC/Src/usbd_cdc.o
                0x08005aea                USBD_CDC_ReceivePacket
 .text.USBD_Init
                0x08005b16       0x26 ./Middlewares/ST/STM32_USB_Device_Library/Core/Src/usbd_core.o
                0x08005b16                USBD_Init
 .text.USBD_RegisterClass
                0x08005b3c       0x32 ./Middlewares/ST/STM32_USB_Device_Library/Core/Src/usbd_core.o
                0x08005b3c                USBD_RegisterClass
 .text.USBD_Start
                0x08005b6e        0x4 ./Middlewares/ST/STM32_USB_Device_Library/Core/Src/usbd_core.o
                0x08005b6e                USBD_Start
 .text.USBD_SetClassConfig
                0x08005b72        0xe ./Middlewares/ST/STM32_USB_Device_Library/Core/Src/usbd_core.o
                0x08005b72                USBD_SetClassConfig
 .text.USBD_ClrClassConfig
                0x08005b80       0x12 ./Middlewares/ST/STM32_USB_Device_Library/Core/Src/usbd_core.o
                0x08005b80                USBD_ClrClassConfig
 .text.USBD_LL_SetupStage
                0x08005b92       0x60 ./Middlewares/ST/STM32_USB_Device_Library/Core/Src/usbd_core.o
                0x08005b92                USBD_LL_SetupStage
 .text.USBD_LL_DataOutStage
                0x08005bf2       0x6a ./Middlewares/ST/STM32_USB_Device_Library/Core/Src/usbd_core.o
                0x08005bf2                USBD_LL_DataOutStage
 .text.USBD_LL_DataInStage
                0x08005c5c       0xa6 ./Middlewares/ST/STM32_USB_Device_Library/Core/Src/usbd_core.o
                0x08005c5c                USBD_LL_DataInStage
 .text.USBD_LL_Reset
                0x08005d02       0x5e ./Middlewares/ST/STM32_USB_Device_Library/Core/Src/usbd_core.o
                0x08005d02                USBD_LL_Reset
 .text.USBD_LL_SetSpeed
                0x08005d60        0x6 ./Middlewares/ST/STM32_USB_Device_Library/Core/Src/usbd_core.o
                0x08005d60                USBD_LL_SetSpeed
 .text.USBD_LL_Suspend
                0x08005d66       0x1c ./Middlewares/ST/STM32_USB_Device_Library/Core/Src/usbd_core.o
                0x08005d66                USBD_LL_Suspend
 .text.USBD_LL_Resume
                0x08005d82       0x16 ./Middlewares/ST/STM32_USB_Device_Library/Core/Src/usbd_core.o
                0x08005d82                USBD_LL_Resume
 .text.USBD_LL_SOF
                0x08005d98       0x1a ./Middlewares/ST/STM32_USB_Device_Library/Core/Src/usbd_core.o
                0x08005d98                USBD_LL_SOF
 .text.USBD_CoreFindIF
                0x08005db2        0x4 ./Middlewares/ST/STM32_USB_Device_Library/Core/Src/usbd_core.o
                0x08005db2                USBD_CoreFindIF
 .text.USBD_CoreFindEP
                0x08005db6        0x4 ./Middlewares/ST/STM32_USB_Device_Library/Core/Src/usbd_core.o
                0x08005db6                USBD_CoreFindEP
 .text.USBD_GetEpDesc
                0x08005dba       0x24 ./Middlewares/ST/STM32_USB_Device_Library/Core/Src/usbd_core.o
                0x08005dba                USBD_GetEpDesc
 .text.USBD_CtlError.constprop.0
                0x08005dde       0x16 ./Middlewares/ST/STM32_USB_Device_Library/Core/Src/usbd_ctlreq.o
 .text.USBD_StdDevReq
                0x08005df4      0x2f0 ./Middlewares/ST/STM32_USB_Device_Library/Core/Src/usbd_ctlreq.o
                0x08005df4                USBD_StdDevReq
 .text.USBD_StdItfReq
                0x080060e4       0x5e ./Middlewares/ST/STM32_USB_Device_Library/Core/Src/usbd_ctlreq.o
                0x080060e4                USBD_StdItfReq
 .text.USBD_StdEPReq
                0x08006142      0x142 ./Middlewares/ST/STM32_USB_Device_Library/Core/Src/usbd_ctlreq.o
                0x08006142                USBD_StdEPReq
 .text.USBD_ParseSetupRequest
                0x08006284       0x16 ./Middlewares/ST/STM32_USB_Device_Library/Core/Src/usbd_ctlreq.o
                0x08006284                USBD_ParseSetupRequest
 .text.USBD_CtlError
                0x0800629a       0x16 ./Middlewares/ST/STM32_USB_Device_Library/Core/Src/usbd_ctlreq.o
                0x0800629a                USBD_CtlError
 .text.USBD_GetString
                0x080062b0       0x38 ./Middlewares/ST/STM32_USB_Device_Library/Core/Src/usbd_ctlreq.o
                0x080062b0                USBD_GetString
 .text.USBD_CtlSendData
                0x080062e8       0x1a ./Middlewares/ST/STM32_USB_Device_Library/Core/Src/usbd_ioreq.o
                0x080062e8                USBD_CtlSendData
 .text.USBD_CtlContinueSendData
                0x08006302       0x10 ./Middlewares/ST/STM32_USB_Device_Library/Core/Src/usbd_ioreq.o
                0x08006302                USBD_CtlContinueSendData
 .text.USBD_CtlPrepareRx
                0x08006312       0x1a ./Middlewares/ST/STM32_USB_Device_Library/Core/Src/usbd_ioreq.o
                0x08006312                USBD_CtlPrepareRx
 .text.USBD_CtlContinueRx
                0x0800632c       0x10 ./Middlewares/ST/STM32_USB_Device_Library/Core/Src/usbd_ioreq.o
                0x0800632c                USBD_CtlContinueRx
 .text.USBD_CtlSendStatus
                0x0800633c       0x16 ./Middlewares/ST/STM32_USB_Device_Library/Core/Src/usbd_ioreq.o
                0x0800633c                USBD_CtlSendStatus
 .text.USBD_CtlReceiveStatus
                0x08006352       0x16 ./Middlewares/ST/STM32_USB_Device_Library/Core/Src/usbd_ioreq.o
                0x08006352                USBD_CtlReceiveStatus
 .text.aci_gap_set_non_discoverable
                0x08006368       0x3c ./Middlewares/ST/STM32_WPAN/ble/core/auto/ble_gap_aci.o
                0x08006368                aci_gap_set_non_discoverable
 .text.aci_gap_set_discoverable
                0x080063a4       0xb0 ./Middlewares/ST/STM32_WPAN/ble/core/auto/ble_gap_aci.o
                0x080063a4                aci_gap_set_discoverable
 .text.aci_gap_set_io_capability
                0x08006454       0x48 ./Middlewares/ST/STM32_WPAN/ble/core/auto/ble_gap_aci.o
                0x08006454                aci_gap_set_io_capability
 .text.aci_gap_set_authentication_requirement
                0x0800649c       0x7c ./Middlewares/ST/STM32_WPAN/ble/core/auto/ble_gap_aci.o
                0x0800649c                aci_gap_set_authentication_requirement
 .text.aci_gap_pass_key_resp
                0x08006518       0x4c ./Middlewares/ST/STM32_WPAN/ble/core/auto/ble_gap_aci.o
                0x08006518                aci_gap_pass_key_resp
 .text.aci_gap_init
                0x08006564       0x84 ./Middlewares/ST/STM32_WPAN/ble/core/auto/ble_gap_aci.o
                0x08006564                aci_gap_init
 .text.aci_gap_update_adv_data
                0x080065e8       0x54 ./Middlewares/ST/STM32_WPAN/ble/core/auto/ble_gap_aci.o
                0x080065e8                aci_gap_update_adv_data
 .text.aci_gap_configure_filter_accept_list
                0x0800663c       0x3c ./Middlewares/ST/STM32_WPAN/ble/core/auto/ble_gap_aci.o
                0x0800663c                aci_gap_configure_filter_accept_list
 .text.aci_gap_numeric_comparison_value_confirm_yesno
                0x08006678       0x4c ./Middlewares/ST/STM32_WPAN/ble/core/auto/ble_gap_aci.o
                0x08006678                aci_gap_numeric_comparison_value_confirm_yesno
 .text.aci_gatt_init
                0x080066c4       0x3c ./Middlewares/ST/STM32_WPAN/ble/core/auto/ble_gatt_aci.o
                0x080066c4                aci_gatt_init
 .text.aci_gatt_add_service
                0x08006700       0xa0 ./Middlewares/ST/STM32_WPAN/ble/core/auto/ble_gatt_aci.o
                0x08006700                aci_gatt_add_service
 .text.aci_gatt_add_char
                0x080067a0       0xb8 ./Middlewares/ST/STM32_WPAN/ble/core/auto/ble_gatt_aci.o
                0x080067a0                aci_gatt_add_char
 .text.aci_gatt_update_char_value
                0x08006858       0x64 ./Middlewares/ST/STM32_WPAN/ble/core/auto/ble_gatt_aci.o
                0x08006858                aci_gatt_update_char_value
 .text.aci_gatt_confirm_indication
                0x080068bc       0x48 ./Middlewares/ST/STM32_WPAN/ble/core/auto/ble_gatt_aci.o
                0x080068bc                aci_gatt_confirm_indication
 .text.aci_hal_write_config_data
                0x08006904       0x5c ./Middlewares/ST/STM32_WPAN/ble/core/auto/ble_hal_aci.o
                0x08006904                aci_hal_write_config_data
 .text.aci_hal_set_tx_power_level
                0x08006960       0x4c ./Middlewares/ST/STM32_WPAN/ble/core/auto/ble_hal_aci.o
                0x08006960                aci_hal_set_tx_power_level
 .text.aci_hal_set_radio_activity_mask
                0x080069ac       0x48 ./Middlewares/ST/STM32_WPAN/ble/core/auto/ble_hal_aci.o
                0x080069ac                aci_hal_set_radio_activity_mask
 .text.hci_reset
                0x080069f4       0x3a ./Middlewares/ST/STM32_WPAN/ble/core/auto/ble_hci_le.o
                0x080069f4                hci_reset
 *fill*         0x08006a2e        0x2 
 .text.hci_le_set_default_phy
                0x08006a30       0x50 ./Middlewares/ST/STM32_WPAN/ble/core/auto/ble_hci_le.o
                0x08006a30                hci_le_set_default_phy
 .text.Osal_MemCpy
                0x08006a80        0x4 ./Middlewares/ST/STM32_WPAN/ble/core/template/osal.o
                0x08006a80                Osal_MemCpy
 .text.Osal_MemSet
                0x08006a84        0x4 ./Middlewares/ST/STM32_WPAN/ble/core/template/osal.o
                0x08006a84                Osal_MemSet
 .text.BAS_Init
                0x08006a88        0x2 ./Middlewares/ST/STM32_WPAN/ble/svc/Src/svc_ctl.o
                0x08006a88                BAS_Init
 .text.BLS_Init
                0x08006a8a        0x2 ./Middlewares/ST/STM32_WPAN/ble/svc/Src/svc_ctl.o
                0x08006a8a                BLS_Init
 .text.CRS_STM_Init
                0x08006a8c        0x2 ./Middlewares/ST/STM32_WPAN/ble/svc/Src/svc_ctl.o
                0x08006a8c                CRS_STM_Init
 .text.DIS_Init
                0x08006a8e        0x2 ./Middlewares/ST/STM32_WPAN/ble/svc/Src/svc_ctl.o
                0x08006a8e                DIS_Init
 .text.EDS_STM_Init
                0x08006a90        0x2 ./Middlewares/ST/STM32_WPAN/ble/svc/Src/svc_ctl.o
                0x08006a90                EDS_STM_Init
 .text.HIDS_Init
                0x08006a92        0x2 ./Middlewares/ST/STM32_WPAN/ble/svc/Src/svc_ctl.o
                0x08006a92                HIDS_Init
 .text.HRS_Init
                0x08006a94        0x2 ./Middlewares/ST/STM32_WPAN/ble/svc/Src/svc_ctl.o
                0x08006a94                HRS_Init
 .text.HTS_Init
                0x08006a96        0x2 ./Middlewares/ST/STM32_WPAN/ble/svc/Src/svc_ctl.o
                0x08006a96                HTS_Init
 .text.IAS_Init
                0x08006a98        0x2 ./Middlewares/ST/STM32_WPAN/ble/svc/Src/svc_ctl.o
                0x08006a98                IAS_Init
 .text.LLS_Init
                0x08006a9a        0x2 ./Middlewares/ST/STM32_WPAN/ble/svc/Src/svc_ctl.o
                0x08006a9a                LLS_Init
 .text.TPS_Init
                0x08006a9c        0x2 ./Middlewares/ST/STM32_WPAN/ble/svc/Src/svc_ctl.o
                0x08006a9c                TPS_Init
 .text.MOTENV_STM_Init
                0x08006a9e        0x2 ./Middlewares/ST/STM32_WPAN/ble/svc/Src/svc_ctl.o
                0x08006a9e                MOTENV_STM_Init
 .text.P2PS_STM_Init
                0x08006aa0        0x2 ./Middlewares/ST/STM32_WPAN/ble/svc/Src/svc_ctl.o
                0x08006aa0                P2PS_STM_Init
 .text.ZDD_STM_Init
                0x08006aa2        0x2 ./Middlewares/ST/STM32_WPAN/ble/svc/Src/svc_ctl.o
                0x08006aa2                ZDD_STM_Init
 .text.OTAS_STM_Init
                0x08006aa4        0x2 ./Middlewares/ST/STM32_WPAN/ble/svc/Src/svc_ctl.o
                0x08006aa4                OTAS_STM_Init
 .text.MESH_Init
                0x08006aa6        0x2 ./Middlewares/ST/STM32_WPAN/ble/svc/Src/svc_ctl.o
                0x08006aa6                MESH_Init
 .text.BVOPUS_STM_Init
                0x08006aa8        0x2 ./Middlewares/ST/STM32_WPAN/ble/svc/Src/svc_ctl.o
                0x08006aa8                BVOPUS_STM_Init
 .text.SVCCTL_SvcInit
                0x08006aaa       0x4c ./Middlewares/ST/STM32_WPAN/ble/svc/Src/svc_ctl.o
                0x08006aaa                SVCCTL_SvcInit
 *fill*         0x08006af6        0x2 
 .text.SVCCTL_Init
                0x08006af8       0x1c ./Middlewares/ST/STM32_WPAN/ble/svc/Src/svc_ctl.o
                0x08006af8                SVCCTL_Init
 .text.SVCCTL_RegisterSvcHandler
                0x08006b14       0x14 ./Middlewares/ST/STM32_WPAN/ble/svc/Src/svc_ctl.o
                0x08006b14                SVCCTL_RegisterSvcHandler
 .text.SVCCTL_UserEvtRx
                0x08006b28       0x48 ./Middlewares/ST/STM32_WPAN/ble/svc/Src/svc_ctl.o
                0x08006b28                SVCCTL_UserEvtRx
 .text.SHCI_C2_BLE_Init
                0x08006b70       0x1c ./Middlewares/ST/STM32_WPAN/interface/patterns/ble_thread/shci/shci.o
                0x08006b70                SHCI_C2_BLE_Init
 .text.SHCI_C2_DEBUG_Init
                0x08006b8c       0x1c ./Middlewares/ST/STM32_WPAN/interface/patterns/ble_thread/shci/shci.o
                0x08006b8c                SHCI_C2_DEBUG_Init
 .text.SHCI_C2_Config
                0x08006ba8       0x1a ./Middlewares/ST/STM32_WPAN/interface/patterns/ble_thread/shci/shci.o
                0x08006ba8                SHCI_C2_Config
 *fill*         0x08006bc2        0x2 
 .text.SHCI_GetWirelessFwInfo
                0x08006bc4       0x80 ./Middlewares/ST/STM32_WPAN/interface/patterns/ble_thread/shci/shci.o
                0x08006bc4                SHCI_GetWirelessFwInfo
 .text.hci_init
                0x08006c44       0x5c ./Middlewares/ST/STM32_WPAN/interface/patterns/ble_thread/tl/hci_tl.o
                0x08006c44                hci_init
 .text.hci_user_evt_proc
                0x08006ca0       0x6c ./Middlewares/ST/STM32_WPAN/interface/patterns/ble_thread/tl/hci_tl.o
                0x08006ca0                hci_user_evt_proc
 .text.hci_send_req
                0x08006d0c       0xd4 ./Middlewares/ST/STM32_WPAN/interface/patterns/ble_thread/tl/hci_tl.o
                0x08006d0c                hci_send_req
 .text.TlEvtReceived
                0x08006de0       0x34 ./Middlewares/ST/STM32_WPAN/interface/patterns/ble_thread/tl/hci_tl.o
 .text.hci_register_io_bus
                0x08006e14       0x14 ./Middlewares/ST/STM32_WPAN/interface/patterns/ble_thread/tl/hci_tl_if.o
                0x08006e14                hci_register_io_bus
 .text.TlUserEvtReceived
                0x08006e28       0x1c ./Middlewares/ST/STM32_WPAN/interface/patterns/ble_thread/tl/shci_tl.o
 .text.Cmd_SetStatus.constprop.0
                0x08006e44       0x18 ./Middlewares/ST/STM32_WPAN/interface/patterns/ble_thread/tl/shci_tl.o
 .text.shci_init
                0x08006e5c       0x60 ./Middlewares/ST/STM32_WPAN/interface/patterns/ble_thread/tl/shci_tl.o
                0x08006e5c                shci_init
 .text.shci_user_evt_proc
                0x08006ebc       0x6c ./Middlewares/ST/STM32_WPAN/interface/patterns/ble_thread/tl/shci_tl.o
                0x08006ebc                shci_user_evt_proc
 .text.shci_send
                0x08006f28       0x7c ./Middlewares/ST/STM32_WPAN/interface/patterns/ble_thread/tl/shci_tl.o
                0x08006f28                shci_send
 .text.TlCmdEvtReceived
                0x08006fa4        0xa ./Middlewares/ST/STM32_WPAN/interface/patterns/ble_thread/tl/shci_tl.o
 *fill*         0x08006fae        0x2 
 .text.shci_register_io_bus
                0x08006fb0       0x14 ./Middlewares/ST/STM32_WPAN/interface/patterns/ble_thread/tl/shci_tl_if.o
                0x08006fb0                shci_register_io_bus
 .text.SendFreeBuf
                0x08006fc4       0x30 ./Middlewares/ST/STM32_WPAN/interface/patterns/ble_thread/tl/tl_mbox.o
 .text.TL_Enable
                0x08006ff4        0x4 ./Middlewares/ST/STM32_WPAN/interface/patterns/ble_thread/tl/tl_mbox.o
                0x08006ff4                TL_Enable
 .text.TL_Init  0x08006ff8       0x5c ./Middlewares/ST/STM32_WPAN/interface/patterns/ble_thread/tl/tl_mbox.o
                0x08006ff8                TL_Init
 .text.TL_BLE_Init
                0x08007054       0x48 ./Middlewares/ST/STM32_WPAN/interface/patterns/ble_thread/tl/tl_mbox.o
                0x08007054                TL_BLE_Init
 .text.TL_BLE_SendCmd
                0x0800709c       0x1c ./Middlewares/ST/STM32_WPAN/interface/patterns/ble_thread/tl/tl_mbox.o
                0x0800709c                TL_BLE_SendCmd
 .text.HW_IPCC_BLE_RxEvtNot
                0x080070b8       0x2c ./Middlewares/ST/STM32_WPAN/interface/patterns/ble_thread/tl/tl_mbox.o
                0x080070b8                HW_IPCC_BLE_RxEvtNot
 .text.HW_IPCC_BLE_AclDataAckNot
                0x080070e4        0xc ./Middlewares/ST/STM32_WPAN/interface/patterns/ble_thread/tl/tl_mbox.o
                0x080070e4                HW_IPCC_BLE_AclDataAckNot
 .text.TL_SYS_Init
                0x080070f0       0x3c ./Middlewares/ST/STM32_WPAN/interface/patterns/ble_thread/tl/tl_mbox.o
                0x080070f0                TL_SYS_Init
 .text.TL_SYS_SendCmd
                0x0800712c       0x1c ./Middlewares/ST/STM32_WPAN/interface/patterns/ble_thread/tl/tl_mbox.o
                0x0800712c                TL_SYS_SendCmd
 .text.HW_IPCC_SYS_CmdEvtNot
                0x08007148       0x18 ./Middlewares/ST/STM32_WPAN/interface/patterns/ble_thread/tl/tl_mbox.o
                0x08007148                HW_IPCC_SYS_CmdEvtNot
 .text.HW_IPCC_SYS_EvtNot
                0x08007160       0x2c ./Middlewares/ST/STM32_WPAN/interface/patterns/ble_thread/tl/tl_mbox.o
                0x08007160                HW_IPCC_SYS_EvtNot
 .text.TL_MM_Init
                0x0800718c       0x40 ./Middlewares/ST/STM32_WPAN/interface/patterns/ble_thread/tl/tl_mbox.o
                0x0800718c                TL_MM_Init
 .text.TL_MM_EvtDone
                0x080071cc       0x1c ./Middlewares/ST/STM32_WPAN/interface/patterns/ble_thread/tl/tl_mbox.o
                0x080071cc                TL_MM_EvtDone
 .text.TL_TRACES_Init
                0x080071e8       0x20 ./Middlewares/ST/STM32_WPAN/interface/patterns/ble_thread/tl/tl_mbox.o
                0x080071e8                TL_TRACES_Init
 .text.TL_TRACES_EvtReceived
                0x08007208        0x2 ./Middlewares/ST/STM32_WPAN/interface/patterns/ble_thread/tl/tl_mbox.o
                0x08007208                TL_TRACES_EvtReceived
 *fill*         0x0800720a        0x2 
 .text.HW_IPCC_TRACES_EvtNot
                0x0800720c       0x24 ./Middlewares/ST/STM32_WPAN/interface/patterns/ble_thread/tl/tl_mbox.o
                0x0800720c                HW_IPCC_TRACES_EvtNot
 .text.DbgTrace_TxCpltCallback
                0x08007230       0x48 ./Middlewares/ST/STM32_WPAN/utilities/dbg_trace.o
 .text.DbgTraceGetFileName
                0x08007278       0x20 ./Middlewares/ST/STM32_WPAN/utilities/dbg_trace.o
                0x08007278                DbgTraceGetFileName
 .text.DbgTraceWrite
                0x08007298       0x5c ./Middlewares/ST/STM32_WPAN/utilities/dbg_trace.o
                0x08007298                DbgTraceWrite
 .text._write   0x080072f4        0x4 ./Middlewares/ST/STM32_WPAN/utilities/dbg_trace.o
                0x080072f4                _write
 .text.OTP_Read
                0x080072f8       0x20 ./Middlewares/ST/STM32_WPAN/utilities/otp.o
                0x080072f8                OTP_Read
 .text.LST_init_head
                0x08007318        0x6 ./Middlewares/ST/STM32_WPAN/utilities/stm_list.o
                0x08007318                LST_init_head
 .text.LST_is_empty
                0x0800731e       0x14 ./Middlewares/ST/STM32_WPAN/utilities/stm_list.o
                0x0800731e                LST_is_empty
 .text.LST_insert_head
                0x08007332       0x18 ./Middlewares/ST/STM32_WPAN/utilities/stm_list.o
                0x08007332                LST_insert_head
 .text.LST_insert_tail
                0x0800734a       0x18 ./Middlewares/ST/STM32_WPAN/utilities/stm_list.o
                0x0800734a                LST_insert_tail
 .text.LST_remove_node
                0x08007362       0x16 ./Middlewares/ST/STM32_WPAN/utilities/stm_list.o
                0x08007362                LST_remove_node
 .text.LST_remove_head
                0x08007378       0x18 ./Middlewares/ST/STM32_WPAN/utilities/stm_list.o
                0x08007378                LST_remove_head
 .text.CircularQueue_Add
                0x08007390      0x210 ./Middlewares/ST/STM32_WPAN/utilities/stm_queue.o
                0x08007390                CircularQueue_Add
 .text.CircularQueue_Remove
                0x080075a0       0xb4 ./Middlewares/ST/STM32_WPAN/utilities/stm_queue.o
                0x080075a0                CircularQueue_Remove
 .text.CircularQueue_Sense
                0x08007654       0x86 ./Middlewares/ST/STM32_WPAN/utilities/stm_queue.o
                0x08007654                CircularQueue_Sense
 .text.BLE_UserEvtRx
                0x080076da       0x16 ./STM32_WPAN/App/app_ble.o
 .text.Adv_Cancel
                0x080076f0       0x88 ./STM32_WPAN/App/app_ble.o
 .text.BLE_StatusNot
                0x08007778       0x14 ./STM32_WPAN/App/app_ble.o
 .text.Adv_Request.constprop.0
                0x0800778c       0xd0 ./STM32_WPAN/App/app_ble.o
 .text.APP_BLE_Init
                0x0800785c      0x5c0 ./STM32_WPAN/App/app_ble.o
                0x0800785c                APP_BLE_Init
 .text.SVCCTL_App_Notification
                0x08007e1c      0x4a0 ./STM32_WPAN/App/app_ble.o
                0x08007e1c                SVCCTL_App_Notification
 .text.hci_notify_asynch_evt
                0x080082bc        0x8 ./STM32_WPAN/App/app_ble.o
                0x080082bc                hci_notify_asynch_evt
 .text.hci_cmd_resp_release
                0x080082c4        0x6 ./STM32_WPAN/App/app_ble.o
                0x080082c4                hci_cmd_resp_release
 .text.hci_cmd_resp_wait
                0x080082ca        0x6 ./STM32_WPAN/App/app_ble.o
                0x080082ca                hci_cmd_resp_wait
 .text.Custom_STM_App_Notification
                0x080082d0        0x2 ./STM32_WPAN/App/custom_app.o
                0x080082d0                Custom_STM_App_Notification
 .text.Custom_APP_Notification
                0x080082d2        0x2 ./STM32_WPAN/App/custom_app.o
                0x080082d2                Custom_APP_Notification
 .text.Custom_APP_Init
                0x080082d4        0x2 ./STM32_WPAN/App/custom_app.o
                0x080082d4                Custom_APP_Init
 *fill*         0x080082d6        0x2 
 .text.Custom_STM_Event_Handler
                0x080082d8       0x7c ./STM32_WPAN/App/custom_stm.o
 .text.SVCCTL_InitCustomSvc
                0x08008354      0x1a0 ./STM32_WPAN/App/custom_stm.o
                0x08008354                SVCCTL_InitCustomSvc
 .text.HW_IPCC_Enable
                0x080084f4       0x50 ./STM32_WPAN/Target/hw_ipcc.o
                0x080084f4                HW_IPCC_Enable
 .text.HW_IPCC_Init
                0x08008544       0x40 ./STM32_WPAN/Target/hw_ipcc.o
                0x08008544                HW_IPCC_Init
 .text.HW_IPCC_BLE_Init
                0x08008584       0x1c ./STM32_WPAN/Target/hw_ipcc.o
                0x08008584                HW_IPCC_BLE_Init
 .text.HW_IPCC_BLE_SendCmd
                0x080085a0       0x10 ./STM32_WPAN/Target/hw_ipcc.o
                0x080085a0                HW_IPCC_BLE_SendCmd
 .text.HW_IPCC_SYS_Init
                0x080085b0       0x1c ./STM32_WPAN/Target/hw_ipcc.o
                0x080085b0                HW_IPCC_SYS_Init
 .text.HW_IPCC_SYS_SendCmd
                0x080085cc       0x20 ./STM32_WPAN/Target/hw_ipcc.o
                0x080085cc                HW_IPCC_SYS_SendCmd
 .text.HW_IPCC_Tx_Handler
                0x080085ec       0x84 ./STM32_WPAN/Target/hw_ipcc.o
                0x080085ec                HW_IPCC_Tx_Handler
 .text.HW_IPCC_MM_SendFreeBuf
                0x08008670       0x34 ./STM32_WPAN/Target/hw_ipcc.o
                0x08008670                HW_IPCC_MM_SendFreeBuf
 .text.HW_IPCC_TRACES_Init
                0x080086a4       0x1c ./STM32_WPAN/Target/hw_ipcc.o
                0x080086a4                HW_IPCC_TRACES_Init
 .text.HW_IPCC_Rx_Handler
                0x080086c0       0x48 ./STM32_WPAN/Target/hw_ipcc.o
                0x080086c0                HW_IPCC_Rx_Handler
 .text.MX_USB_Device_Init
                0x08008708       0x50 ./USB_Device/App/usb_device.o
                0x08008708                MX_USB_Device_Init
 .text.CDC_DeInit_FS
                0x08008758        0x4 ./USB_Device/App/usbd_cdc_if.o
 .text.CDC_Control_FS
                0x0800875c        0x4 ./USB_Device/App/usbd_cdc_if.o
 .text.CDC_TransmitCplt_FS
                0x08008760        0x4 ./USB_Device/App/usbd_cdc_if.o
 .text.CDC_Receive_FS
                0x08008764       0x1c ./USB_Device/App/usbd_cdc_if.o
 .text.CDC_Init_FS
                0x08008780       0x28 ./USB_Device/App/usbd_cdc_if.o
 .text.USBD_CDC_DeviceDescriptor
                0x080087a8        0xc ./USB_Device/App/usbd_desc.o
                0x080087a8                USBD_CDC_DeviceDescriptor
 .text.USBD_CDC_LangIDStrDescriptor
                0x080087b4        0xc ./USB_Device/App/usbd_desc.o
                0x080087b4                USBD_CDC_LangIDStrDescriptor
 .text.IntToUnicode
                0x080087c0       0x2a ./USB_Device/App/usbd_desc.o
 *fill*         0x080087ea        0x2 
 .text.USBD_CDC_SerialStrDescriptor
                0x080087ec       0x3c ./USB_Device/App/usbd_desc.o
                0x080087ec                USBD_CDC_SerialStrDescriptor
 .text.USBD_CDC_ManufacturerStrDescriptor
                0x08008828       0x1c ./USB_Device/App/usbd_desc.o
                0x08008828                USBD_CDC_ManufacturerStrDescriptor
 .text.USBD_CDC_ProductStrDescriptor
                0x08008844       0x1c ./USB_Device/App/usbd_desc.o
                0x08008844                USBD_CDC_ProductStrDescriptor
 .text.USBD_CDC_ConfigStrDescriptor
                0x08008860       0x1c ./USB_Device/App/usbd_desc.o
                0x08008860                USBD_CDC_ConfigStrDescriptor
 .text.USBD_CDC_InterfaceStrDescriptor
                0x0800887c       0x1c ./USB_Device/App/usbd_desc.o
                0x0800887c                USBD_CDC_InterfaceStrDescriptor
 .text.USBD_Get_USB_Status
                0x08008898        0xc ./USB_Device/Target/usbd_conf.o
 .text.HAL_PCD_MspInit
                0x080088a4       0xb4 ./USB_Device/Target/usbd_conf.o
                0x080088a4                HAL_PCD_MspInit
 .text.HAL_PCD_SetupStageCallback
                0x08008958        0xc ./USB_Device/Target/usbd_conf.o
                0x08008958                HAL_PCD_SetupStageCallback
 .text.HAL_PCD_DataOutStageCallback
                0x08008964       0x12 ./USB_Device/Target/usbd_conf.o
                0x08008964                HAL_PCD_DataOutStageCallback
 .text.HAL_PCD_DataInStageCallback
                0x08008976       0x10 ./USB_Device/Target/usbd_conf.o
                0x08008976                HAL_PCD_DataInStageCallback
 .text.HAL_PCD_SOFCallback
                0x08008986        0x8 ./USB_Device/Target/usbd_conf.o
                0x08008986                HAL_PCD_SOFCallback
 .text.HAL_PCD_ResetCallback
                0x0800898e       0x24 ./USB_Device/Target/usbd_conf.o
                0x0800898e                HAL_PCD_ResetCallback
 *fill*         0x080089b2        0x2 
 .text.HAL_PCD_SuspendCallback
                0x080089b4       0x20 ./USB_Device/Target/usbd_conf.o
                0x080089b4                HAL_PCD_SuspendCallback
 .text.HAL_PCD_ResumeCallback
                0x080089d4       0x28 ./USB_Device/Target/usbd_conf.o
                0x080089d4                HAL_PCD_ResumeCallback
 .text.USBD_LL_Init
                0x080089fc       0x88 ./USB_Device/Target/usbd_conf.o
                0x080089fc                USBD_LL_Init
 .text.USBD_LL_Start
                0x08008a84       0x12 ./USB_Device/Target/usbd_conf.o
                0x08008a84                USBD_LL_Start
 .text.USBD_LL_OpenEP
                0x08008a96       0x18 ./USB_Device/Target/usbd_conf.o
                0x08008a96                USBD_LL_OpenEP
 .text.USBD_LL_CloseEP
                0x08008aae       0x12 ./USB_Device/Target/usbd_conf.o
                0x08008aae                USBD_LL_CloseEP
 .text.USBD_LL_StallEP
                0x08008ac0       0x12 ./USB_Device/Target/usbd_conf.o
                0x08008ac0                USBD_LL_StallEP
 .text.USBD_LL_ClearStallEP
                0x08008ad2       0x12 ./USB_Device/Target/usbd_conf.o
                0x08008ad2                USBD_LL_ClearStallEP
 .text.USBD_LL_IsStallEP
                0x08008ae4       0x24 ./USB_Device/Target/usbd_conf.o
                0x08008ae4                USBD_LL_IsStallEP
 .text.USBD_LL_SetUSBAddress
                0x08008b08       0x12 ./USB_Device/Target/usbd_conf.o
                0x08008b08                USBD_LL_SetUSBAddress
 .text.USBD_LL_Transmit
                0x08008b1a       0x12 ./USB_Device/Target/usbd_conf.o
                0x08008b1a                USBD_LL_Transmit
 .text.USBD_LL_PrepareReceive
                0x08008b2c       0x12 ./USB_Device/Target/usbd_conf.o
                0x08008b2c                USBD_LL_PrepareReceive
 .text.USBD_LL_GetRxDataSize
                0x08008b3e        0x8 ./USB_Device/Target/usbd_conf.o
                0x08008b3e                USBD_LL_GetRxDataSize
 *fill*         0x08008b46        0x2 
 .text.HAL_PCDEx_LPM_Callback
                0x08008b48       0x48 ./USB_Device/Target/usbd_conf.o
                0x08008b48                HAL_PCDEx_LPM_Callback
 .text.USBD_static_malloc
                0x08008b90        0x8 ./USB_Device/Target/usbd_conf.o
                0x08008b90                USBD_static_malloc
 .text.USBD_static_free
                0x08008b98        0x2 ./USB_Device/Target/usbd_conf.o
                0x08008b98                USBD_static_free
 *fill*         0x08008b9a        0x2 
 .text.UTIL_LPM_Init
                0x08008b9c       0x14 ./Utilities/lpm/tiny_lpm/stm32_lpm.o
                0x08008b9c                UTIL_LPM_Init
 .text.UTIL_LPM_SetOffMode
                0x08008bb0       0x2c ./Utilities/lpm/tiny_lpm/stm32_lpm.o
                0x08008bb0                UTIL_LPM_SetOffMode
 .text.UTIL_SEQ_SetTask
                0x08008bdc       0x2c ./Utilities/sequencer/stm32_seq.o
                0x08008bdc                UTIL_SEQ_SetTask
 .text.UTIL_SEQ_PauseTask
                0x08008c08       0x1c ./Utilities/sequencer/stm32_seq.o
                0x08008c08                UTIL_SEQ_PauseTask
 .text.UTIL_SEQ_ResumeTask
                0x08008c24       0x18 ./Utilities/sequencer/stm32_seq.o
                0x08008c24                UTIL_SEQ_ResumeTask
 .text.UTIL_SEQ_SetEvt
                0x08008c3c       0x18 ./Utilities/sequencer/stm32_seq.o
                0x08008c3c                UTIL_SEQ_SetEvt
 .text.UTIL_SEQ_PreIdle
                0x08008c54        0x2 ./Utilities/sequencer/stm32_seq.o
                0x08008c54                UTIL_SEQ_PreIdle
 .text.UTIL_SEQ_PostIdle
                0x08008c56        0x2 ./Utilities/sequencer/stm32_seq.o
                0x08008c56                UTIL_SEQ_PostIdle
 .text.SEQ_BitPosition
                0x08008c58       0x12 ./Utilities/sequencer/stm32_seq.o
                0x08008c58                SEQ_BitPosition
 *fill*         0x08008c6a        0x2 
 .text.UTIL_SEQ_Run
                0x08008c6c      0x108 ./Utilities/sequencer/stm32_seq.o
                0x08008c6c                UTIL_SEQ_Run
 .text.UTIL_SEQ_EvtIdle
                0x08008d74        0x6 ./Utilities/sequencer/stm32_seq.o
                0x08008d74                UTIL_SEQ_EvtIdle
 *fill*         0x08008d7a        0x2 
 .text.UTIL_SEQ_WaitEvt
                0x08008d7c       0x64 ./Utilities/sequencer/stm32_seq.o
                0x08008d7c                UTIL_SEQ_WaitEvt
 .text.UTIL_SEQ_RegTask
                0x08008de0       0x1c ./Utilities/sequencer/stm32_seq.o
                0x08008de0                UTIL_SEQ_RegTask
 .text.__cvt    0x08008dfc       0xca C:/ST/STM32CubeIDE_1.18.0/STM32CubeIDE/plugins/com.st.stm32cube.ide.mcu.externaltools.gnu-tools-for-stm32.13.3.rel1.win32_1.0.0.202411081344/tools/bin/../lib/gcc/arm-none-eabi/13.3.1/../../../../arm-none-eabi/lib/thumb/v7e-m+fp/hard\libc_nano.a(libc_a-nano-vfprintf_float.o)
                0x08008dfc                __cvt
 .text.__exponent
                0x08008ec6       0x74 C:/ST/STM32CubeIDE_1.18.0/STM32CubeIDE/plugins/com.st.stm32cube.ide.mcu.externaltools.gnu-tools-for-stm32.13.3.rel1.win32_1.0.0.202411081344/tools/bin/../lib/gcc/arm-none-eabi/13.3.1/../../../../arm-none-eabi/lib/thumb/v7e-m+fp/hard\libc_nano.a(libc_a-nano-vfprintf_float.o)
                0x08008ec6                __exponent
 *fill*         0x08008f3a        0x2 
 .text._printf_float
                0x08008f3c      0x454 C:/ST/STM32CubeIDE_1.18.0/STM32CubeIDE/plugins/com.st.stm32cube.ide.mcu.externaltools.gnu-tools-for-stm32.13.3.rel1.win32_1.0.0.202411081344/tools/bin/../lib/gcc/arm-none-eabi/13.3.1/../../../../arm-none-eabi/lib/thumb/v7e-m+fp/hard\libc_nano.a(libc_a-nano-vfprintf_float.o)
                0x08008f3c                _printf_float
 .text._printf_common
                0x08009390       0xda C:/ST/STM32CubeIDE_1.18.0/STM32CubeIDE/plugins/com.st.stm32cube.ide.mcu.externaltools.gnu-tools-for-stm32.13.3.rel1.win32_1.0.0.202411081344/tools/bin/../lib/gcc/arm-none-eabi/13.3.1/../../../../arm-none-eabi/lib/thumb/v7e-m+fp/hard\libc_nano.a(libc_a-nano-vfprintf_i.o)
                0x08009390                _printf_common
 *fill*         0x0800946a        0x2 
 .text._printf_i
                0x0800946c      0x23c C:/ST/STM32CubeIDE_1.18.0/STM32CubeIDE/plugins/com.st.stm32cube.ide.mcu.externaltools.gnu-tools-for-stm32.13.3.rel1.win32_1.0.0.202411081344/tools/bin/../lib/gcc/arm-none-eabi/13.3.1/../../../../arm-none-eabi/lib/thumb/v7e-m+fp/hard\libc_nano.a(libc_a-nano-vfprintf_i.o)
                0x0800946c                _printf_i
 .text.std      0x080096a8       0x6c C:/ST/STM32CubeIDE_1.18.0/STM32CubeIDE/plugins/com.st.stm32cube.ide.mcu.externaltools.gnu-tools-for-stm32.13.3.rel1.win32_1.0.0.202411081344/tools/bin/../lib/gcc/arm-none-eabi/13.3.1/../../../../arm-none-eabi/lib/thumb/v7e-m+fp/hard\libc_nano.a(libc_a-findfp.o)
 .text.stdio_exit_handler
                0x08009714       0x18 C:/ST/STM32CubeIDE_1.18.0/STM32CubeIDE/plugins/com.st.stm32cube.ide.mcu.externaltools.gnu-tools-for-stm32.13.3.rel1.win32_1.0.0.202411081344/tools/bin/../lib/gcc/arm-none-eabi/13.3.1/../../../../arm-none-eabi/lib/thumb/v7e-m+fp/hard\libc_nano.a(libc_a-findfp.o)
 .text.cleanup_stdio
                0x0800972c       0x40 C:/ST/STM32CubeIDE_1.18.0/STM32CubeIDE/plugins/com.st.stm32cube.ide.mcu.externaltools.gnu-tools-for-stm32.13.3.rel1.win32_1.0.0.202411081344/tools/bin/../lib/gcc/arm-none-eabi/13.3.1/../../../../arm-none-eabi/lib/thumb/v7e-m+fp/hard\libc_nano.a(libc_a-findfp.o)
 .text.global_stdio_init.part.0
                0x0800976c       0x3c C:/ST/STM32CubeIDE_1.18.0/STM32CubeIDE/plugins/com.st.stm32cube.ide.mcu.externaltools.gnu-tools-for-stm32.13.3.rel1.win32_1.0.0.202411081344/tools/bin/../lib/gcc/arm-none-eabi/13.3.1/../../../../arm-none-eabi/lib/thumb/v7e-m+fp/hard\libc_nano.a(libc_a-findfp.o)
 .text.__sfp_lock_acquire
                0x080097a8        0xc C:/ST/STM32CubeIDE_1.18.0/STM32CubeIDE/plugins/com.st.stm32cube.ide.mcu.externaltools.gnu-tools-for-stm32.13.3.rel1.win32_1.0.0.202411081344/tools/bin/../lib/gcc/arm-none-eabi/13.3.1/../../../../arm-none-eabi/lib/thumb/v7e-m+fp/hard\libc_nano.a(libc_a-findfp.o)
                0x080097a8                __sfp_lock_acquire
 .text.__sfp_lock_release
                0x080097b4        0xc C:/ST/STM32CubeIDE_1.18.0/STM32CubeIDE/plugins/com.st.stm32cube.ide.mcu.externaltools.gnu-tools-for-stm32.13.3.rel1.win32_1.0.0.202411081344/tools/bin/../lib/gcc/arm-none-eabi/13.3.1/../../../../arm-none-eabi/lib/thumb/v7e-m+fp/hard\libc_nano.a(libc_a-findfp.o)
                0x080097b4                __sfp_lock_release
 .text.__sinit  0x080097c0       0x30 C:/ST/STM32CubeIDE_1.18.0/STM32CubeIDE/plugins/com.st.stm32cube.ide.mcu.externaltools.gnu-tools-for-stm32.13.3.rel1.win32_1.0.0.202411081344/tools/bin/../lib/gcc/arm-none-eabi/13.3.1/../../../../arm-none-eabi/lib/thumb/v7e-m+fp/hard\libc_nano.a(libc_a-findfp.o)
                0x080097c0                __sinit
 .text._fwalk_sglue
                0x080097f0       0x3c C:/ST/STM32CubeIDE_1.18.0/STM32CubeIDE/plugins/com.st.stm32cube.ide.mcu.externaltools.gnu-tools-for-stm32.13.3.rel1.win32_1.0.0.202411081344/tools/bin/../lib/gcc/arm-none-eabi/13.3.1/../../../../arm-none-eabi/lib/thumb/v7e-m+fp/hard\libc_nano.a(libc_a-fwalk.o)
                0x080097f0                _fwalk_sglue
 .text.printf   0x0800982c       0x24 C:/ST/STM32CubeIDE_1.18.0/STM32CubeIDE/plugins/com.st.stm32cube.ide.mcu.externaltools.gnu-tools-for-stm32.13.3.rel1.win32_1.0.0.202411081344/tools/bin/../lib/gcc/arm-none-eabi/13.3.1/../../../../arm-none-eabi/lib/thumb/v7e-m+fp/hard\libc_nano.a(libc_a-printf.o)
                0x0800982c                iprintf
                0x0800982c                printf
 .text.putchar  0x08009850       0x10 C:/ST/STM32CubeIDE_1.18.0/STM32CubeIDE/plugins/com.st.stm32cube.ide.mcu.externaltools.gnu-tools-for-stm32.13.3.rel1.win32_1.0.0.202411081344/tools/bin/../lib/gcc/arm-none-eabi/13.3.1/../../../../arm-none-eabi/lib/thumb/v7e-m+fp/hard\libc_nano.a(libc_a-putchar.o)
                0x08009850                putchar
 .text._puts_r  0x08009860       0xaa C:/ST/STM32CubeIDE_1.18.0/STM32CubeIDE/plugins/com.st.stm32cube.ide.mcu.externaltools.gnu-tools-for-stm32.13.3.rel1.win32_1.0.0.202411081344/tools/bin/../lib/gcc/arm-none-eabi/13.3.1/../../../../arm-none-eabi/lib/thumb/v7e-m+fp/hard\libc_nano.a(libc_a-puts.o)
                0x08009860                _puts_r
 *fill*         0x0800990a        0x2 
 .text.puts     0x0800990c       0x10 C:/ST/STM32CubeIDE_1.18.0/STM32CubeIDE/plugins/com.st.stm32cube.ide.mcu.externaltools.gnu-tools-for-stm32.13.3.rel1.win32_1.0.0.202411081344/tools/bin/../lib/gcc/arm-none-eabi/13.3.1/../../../../arm-none-eabi/lib/thumb/v7e-m+fp/hard\libc_nano.a(libc_a-puts.o)
                0x0800990c                puts
 .text.__sread  0x0800991c       0x22 C:/ST/STM32CubeIDE_1.18.0/STM32CubeIDE/plugins/com.st.stm32cube.ide.mcu.externaltools.gnu-tools-for-stm32.13.3.rel1.win32_1.0.0.202411081344/tools/bin/../lib/gcc/arm-none-eabi/13.3.1/../../../../arm-none-eabi/lib/thumb/v7e-m+fp/hard\libc_nano.a(libc_a-stdio.o)
                0x0800991c                __sread
 .text.__swrite
                0x0800993e       0x38 C:/ST/STM32CubeIDE_1.18.0/STM32CubeIDE/plugins/com.st.stm32cube.ide.mcu.externaltools.gnu-tools-for-stm32.13.3.rel1.win32_1.0.0.202411081344/tools/bin/../lib/gcc/arm-none-eabi/13.3.1/../../../../arm-none-eabi/lib/thumb/v7e-m+fp/hard\libc_nano.a(libc_a-stdio.o)
                0x0800993e                __swrite
 .text.__sseek  0x08009976       0x24 C:/ST/STM32CubeIDE_1.18.0/STM32CubeIDE/plugins/com.st.stm32cube.ide.mcu.externaltools.gnu-tools-for-stm32.13.3.rel1.win32_1.0.0.202411081344/tools/bin/../lib/gcc/arm-none-eabi/13.3.1/../../../../arm-none-eabi/lib/thumb/v7e-m+fp/hard\libc_nano.a(libc_a-stdio.o)
                0x08009976                __sseek
 .text.__sclose
                0x0800999a        0x8 C:/ST/STM32CubeIDE_1.18.0/STM32CubeIDE/plugins/com.st.stm32cube.ide.mcu.externaltools.gnu-tools-for-stm32.13.3.rel1.win32_1.0.0.202411081344/tools/bin/../lib/gcc/arm-none-eabi/13.3.1/../../../../arm-none-eabi/lib/thumb/v7e-m+fp/hard\libc_nano.a(libc_a-stdio.o)
                0x0800999a                __sclose
 .text.__swbuf_r
                0x080099a2       0x7c C:/ST/STM32CubeIDE_1.18.0/STM32CubeIDE/plugins/com.st.stm32cube.ide.mcu.externaltools.gnu-tools-for-stm32.13.3.rel1.win32_1.0.0.202411081344/tools/bin/../lib/gcc/arm-none-eabi/13.3.1/../../../../arm-none-eabi/lib/thumb/v7e-m+fp/hard\libc_nano.a(libc_a-wbuf.o)
                0x080099a2                __swbuf_r
 *fill*         0x08009a1e        0x2 
 .text.__swsetup_r
                0x08009a20       0xac C:/ST/STM32CubeIDE_1.18.0/STM32CubeIDE/plugins/com.st.stm32cube.ide.mcu.externaltools.gnu-tools-for-stm32.13.3.rel1.win32_1.0.0.202411081344/tools/bin/../lib/gcc/arm-none-eabi/13.3.1/../../../../arm-none-eabi/lib/thumb/v7e-m+fp/hard\libc_nano.a(libc_a-wsetup.o)
                0x08009a20                __swsetup_r
 .text.memset   0x08009acc       0x10 C:/ST/STM32CubeIDE_1.18.0/STM32CubeIDE/plugins/com.st.stm32cube.ide.mcu.externaltools.gnu-tools-for-stm32.13.3.rel1.win32_1.0.0.202411081344/tools/bin/../lib/gcc/arm-none-eabi/13.3.1/../../../../arm-none-eabi/lib/thumb/v7e-m+fp/hard\libc_nano.a(libc_a-memset.o)
                0x08009acc                memset
 .text.strrchr  0x08009adc       0x2c C:/ST/STM32CubeIDE_1.18.0/STM32CubeIDE/plugins/com.st.stm32cube.ide.mcu.externaltools.gnu-tools-for-stm32.13.3.rel1.win32_1.0.0.202411081344/tools/bin/../lib/gcc/arm-none-eabi/13.3.1/../../../../arm-none-eabi/lib/thumb/v7e-m+fp/hard\libc_nano.a(libc_a-strrchr.o)
                0x08009adc                strrchr
 .text._localeconv_r
                0x08009b08        0x8 C:/ST/STM32CubeIDE_1.18.0/STM32CubeIDE/plugins/com.st.stm32cube.ide.mcu.externaltools.gnu-tools-for-stm32.13.3.rel1.win32_1.0.0.202411081344/tools/bin/../lib/gcc/arm-none-eabi/13.3.1/../../../../arm-none-eabi/lib/thumb/v7e-m+fp/hard\libc_nano.a(libc_a-localeconv.o)
                0x08009b08                _localeconv_r
 .text._close_r
                0x08009b10       0x20 C:/ST/STM32CubeIDE_1.18.0/STM32CubeIDE/plugins/com.st.stm32cube.ide.mcu.externaltools.gnu-tools-for-stm32.13.3.rel1.win32_1.0.0.202411081344/tools/bin/../lib/gcc/arm-none-eabi/13.3.1/../../../../arm-none-eabi/lib/thumb/v7e-m+fp/hard\libc_nano.a(libc_a-closer.o)
                0x08009b10                _close_r
 .text._lseek_r
                0x08009b30       0x24 C:/ST/STM32CubeIDE_1.18.0/STM32CubeIDE/plugins/com.st.stm32cube.ide.mcu.externaltools.gnu-tools-for-stm32.13.3.rel1.win32_1.0.0.202411081344/tools/bin/../lib/gcc/arm-none-eabi/13.3.1/../../../../arm-none-eabi/lib/thumb/v7e-m+fp/hard\libc_nano.a(libc_a-lseekr.o)
                0x08009b30                _lseek_r
 .text._read_r  0x08009b54       0x24 C:/ST/STM32CubeIDE_1.18.0/STM32CubeIDE/plugins/com.st.stm32cube.ide.mcu.externaltools.gnu-tools-for-stm32.13.3.rel1.win32_1.0.0.202411081344/tools/bin/../lib/gcc/arm-none-eabi/13.3.1/../../../../arm-none-eabi/lib/thumb/v7e-m+fp/hard\libc_nano.a(libc_a-readr.o)
                0x08009b54                _read_r
 .text._write_r
                0x08009b78       0x24 C:/ST/STM32CubeIDE_1.18.0/STM32CubeIDE/plugins/com.st.stm32cube.ide.mcu.externaltools.gnu-tools-for-stm32.13.3.rel1.win32_1.0.0.202411081344/tools/bin/../lib/gcc/arm-none-eabi/13.3.1/../../../../arm-none-eabi/lib/thumb/v7e-m+fp/hard\libc_nano.a(libc_a-writer.o)
                0x08009b78                _write_r
 .text.__errno  0x08009b9c        0xc C:/ST/STM32CubeIDE_1.18.0/STM32CubeIDE/plugins/com.st.stm32cube.ide.mcu.externaltools.gnu-tools-for-stm32.13.3.rel1.win32_1.0.0.202411081344/tools/bin/../lib/gcc/arm-none-eabi/13.3.1/../../../../arm-none-eabi/lib/thumb/v7e-m+fp/hard\libc_nano.a(libc_a-errno.o)
                0x08009b9c                __errno
 .text.__libc_init_array
                0x08009ba8       0x48 C:/ST/STM32CubeIDE_1.18.0/STM32CubeIDE/plugins/com.st.stm32cube.ide.mcu.externaltools.gnu-tools-for-stm32.13.3.rel1.win32_1.0.0.202411081344/tools/bin/../lib/gcc/arm-none-eabi/13.3.1/../../../../arm-none-eabi/lib/thumb/v7e-m+fp/hard\libc_nano.a(libc_a-init.o)
                0x08009ba8                __libc_init_array
 .text.__retarget_lock_init_recursive
                0x08009bf0        0x2 C:/ST/STM32CubeIDE_1.18.0/STM32CubeIDE/plugins/com.st.stm32cube.ide.mcu.externaltools.gnu-tools-for-stm32.13.3.rel1.win32_1.0.0.202411081344/tools/bin/../lib/gcc/arm-none-eabi/13.3.1/../../../../arm-none-eabi/lib/thumb/v7e-m+fp/hard\libc_nano.a(libc_a-lock.o)
                0x08009bf0                __retarget_lock_init_recursive
 .text.__retarget_lock_acquire_recursive
                0x08009bf2        0x2 C:/ST/STM32CubeIDE_1.18.0/STM32CubeIDE/plugins/com.st.stm32cube.ide.mcu.externaltools.gnu-tools-for-stm32.13.3.rel1.win32_1.0.0.202411081344/tools/bin/../lib/gcc/arm-none-eabi/13.3.1/../../../../arm-none-eabi/lib/thumb/v7e-m+fp/hard\libc_nano.a(libc_a-lock.o)
                0x08009bf2                __retarget_lock_acquire_recursive
 .text.__retarget_lock_release_recursive
                0x08009bf4        0x2 C:/ST/STM32CubeIDE_1.18.0/STM32CubeIDE/plugins/com.st.stm32cube.ide.mcu.externaltools.gnu-tools-for-stm32.13.3.rel1.win32_1.0.0.202411081344/tools/bin/../lib/gcc/arm-none-eabi/13.3.1/../../../../arm-none-eabi/lib/thumb/v7e-m+fp/hard\libc_nano.a(libc_a-lock.o)
                0x08009bf4                __retarget_lock_release_recursive
 .text.memcpy   0x08009bf6       0x1c C:/ST/STM32CubeIDE_1.18.0/STM32CubeIDE/plugins/com.st.stm32cube.ide.mcu.externaltools.gnu-tools-for-stm32.13.3.rel1.win32_1.0.0.202411081344/tools/bin/../lib/gcc/arm-none-eabi/13.3.1/../../../../arm-none-eabi/lib/thumb/v7e-m+fp/hard\libc_nano.a(libc_a-memcpy-stub.o)
                0x08009bf6                memcpy
 .text.quorem   0x08009c12      0x110 C:/ST/STM32CubeIDE_1.18.0/STM32CubeIDE/plugins/com.st.stm32cube.ide.mcu.externaltools.gnu-tools-for-stm32.13.3.rel1.win32_1.0.0.202411081344/tools/bin/../lib/gcc/arm-none-eabi/13.3.1/../../../../arm-none-eabi/lib/thumb/v7e-m+fp/hard\libc_nano.a(libc_a-dtoa.o)
 *fill*         0x08009d22        0x6 
 .text._dtoa_r  0x08009d28      0xba0 C:/ST/STM32CubeIDE_1.18.0/STM32CubeIDE/plugins/com.st.stm32cube.ide.mcu.externaltools.gnu-tools-for-stm32.13.3.rel1.win32_1.0.0.202411081344/tools/bin/../lib/gcc/arm-none-eabi/13.3.1/../../../../arm-none-eabi/lib/thumb/v7e-m+fp/hard\libc_nano.a(libc_a-dtoa.o)
                0x08009d28                _dtoa_r
 .text._free_r  0x0800a8c8       0x94 C:/ST/STM32CubeIDE_1.18.0/STM32CubeIDE/plugins/com.st.stm32cube.ide.mcu.externaltools.gnu-tools-for-stm32.13.3.rel1.win32_1.0.0.202411081344/tools/bin/../lib/gcc/arm-none-eabi/13.3.1/../../../../arm-none-eabi/lib/thumb/v7e-m+fp/hard\libc_nano.a(libc_a-freer.o)
                0x0800a8c8                _free_r
 .text.malloc   0x0800a95c       0x10 C:/ST/STM32CubeIDE_1.18.0/STM32CubeIDE/plugins/com.st.stm32cube.ide.mcu.externaltools.gnu-tools-for-stm32.13.3.rel1.win32_1.0.0.202411081344/tools/bin/../lib/gcc/arm-none-eabi/13.3.1/../../../../arm-none-eabi/lib/thumb/v7e-m+fp/hard\libc_nano.a(libc_a-malloc.o)
                0x0800a95c                malloc
 .text.sbrk_aligned
                0x0800a96c       0x44 C:/ST/STM32CubeIDE_1.18.0/STM32CubeIDE/plugins/com.st.stm32cube.ide.mcu.externaltools.gnu-tools-for-stm32.13.3.rel1.win32_1.0.0.202411081344/tools/bin/../lib/gcc/arm-none-eabi/13.3.1/../../../../arm-none-eabi/lib/thumb/v7e-m+fp/hard\libc_nano.a(libc_a-mallocr.o)
 .text._malloc_r
                0x0800a9b0      0x100 C:/ST/STM32CubeIDE_1.18.0/STM32CubeIDE/plugins/com.st.stm32cube.ide.mcu.externaltools.gnu-tools-for-stm32.13.3.rel1.win32_1.0.0.202411081344/tools/bin/../lib/gcc/arm-none-eabi/13.3.1/../../../../arm-none-eabi/lib/thumb/v7e-m+fp/hard\libc_nano.a(libc_a-mallocr.o)
                0x0800a9b0                _malloc_r
 .text.__malloc_lock
                0x0800aab0        0xc C:/ST/STM32CubeIDE_1.18.0/STM32CubeIDE/plugins/com.st.stm32cube.ide.mcu.externaltools.gnu-tools-for-stm32.13.3.rel1.win32_1.0.0.202411081344/tools/bin/../lib/gcc/arm-none-eabi/13.3.1/../../../../arm-none-eabi/lib/thumb/v7e-m+fp/hard\libc_nano.a(libc_a-mlock.o)
                0x0800aab0                __malloc_lock
 .text.__malloc_unlock
                0x0800aabc        0xc C:/ST/STM32CubeIDE_1.18.0/STM32CubeIDE/plugins/com.st.stm32cube.ide.mcu.externaltools.gnu-tools-for-stm32.13.3.rel1.win32_1.0.0.202411081344/tools/bin/../lib/gcc/arm-none-eabi/13.3.1/../../../../arm-none-eabi/lib/thumb/v7e-m+fp/hard\libc_nano.a(libc_a-mlock.o)
                0x0800aabc                __malloc_unlock
 .text._Balloc  0x0800aac8       0x80 C:/ST/STM32CubeIDE_1.18.0/STM32CubeIDE/plugins/com.st.stm32cube.ide.mcu.externaltools.gnu-tools-for-stm32.13.3.rel1.win32_1.0.0.202411081344/tools/bin/../lib/gcc/arm-none-eabi/13.3.1/../../../../arm-none-eabi/lib/thumb/v7e-m+fp/hard\libc_nano.a(libc_a-mprec.o)
                0x0800aac8                _Balloc
 .text._Bfree   0x0800ab48       0x44 C:/ST/STM32CubeIDE_1.18.0/STM32CubeIDE/plugins/com.st.stm32cube.ide.mcu.externaltools.gnu-tools-for-stm32.13.3.rel1.win32_1.0.0.202411081344/tools/bin/../lib/gcc/arm-none-eabi/13.3.1/../../../../arm-none-eabi/lib/thumb/v7e-m+fp/hard\libc_nano.a(libc_a-mprec.o)
                0x0800ab48                _Bfree
 .text.__multadd
                0x0800ab8c       0x8c C:/ST/STM32CubeIDE_1.18.0/STM32CubeIDE/plugins/com.st.stm32cube.ide.mcu.externaltools.gnu-tools-for-stm32.13.3.rel1.win32_1.0.0.202411081344/tools/bin/../lib/gcc/arm-none-eabi/13.3.1/../../../../arm-none-eabi/lib/thumb/v7e-m+fp/hard\libc_nano.a(libc_a-mprec.o)
                0x0800ab8c                __multadd
 .text.__hi0bits
                0x0800ac18       0x3e C:/ST/STM32CubeIDE_1.18.0/STM32CubeIDE/plugins/com.st.stm32cube.ide.mcu.externaltools.gnu-tools-for-stm32.13.3.rel1.win32_1.0.0.202411081344/tools/bin/../lib/gcc/arm-none-eabi/13.3.1/../../../../arm-none-eabi/lib/thumb/v7e-m+fp/hard\libc_nano.a(libc_a-mprec.o)
                0x0800ac18                __hi0bits
 .text.__lo0bits