09:23:23 **** Incremental Build of configuration Debug for project DeltaTPlus ****
make -j12 all 
arm-none-eabi-g++ "../Core/Src/STM32_MAX31856.cpp" -mcpu=cortex-m4 -std=gnu++14 -g3 -DDEBUG -DUSE_HAL_DRIVER -DSTM32WB55xx -c -I../Core/Inc -I../Drivers/STM32WBxx_HAL_Driver/Inc -I../Drivers/STM32WBxx_HAL_Driver/Inc/Legacy -I../Drivers/CMSIS/Device/ST/STM32WBxx/Include -I../Drivers/CMSIS/Include -O0 -ffunction-sections -fdata-sections -fno-exceptions -fno-rtti -fno-use-cxa-atexit -Wall -fstack-usage -fcyclomatic-complexity -MMD -MP -MF"Core/Src/STM32_MAX31856.d" -MT"Core/Src/STM32_MAX31856.o" --specs=nano.specs -mfpu=fpv4-sp-d16 -mfloat-abi=hard -mthumb -o "Core/Src/STM32_MAX31856.o"
arm-none-eabi-g++ -o "DeltaTPlus.elf" @"objects.list"   -mcpu=cortex-m4 -T"C:\Users\jaowe\Documents\Projects\DeltaTPlusFirmware\DeltaTPlus\STM32WB55CGUX_FLASH.ld" --specs=nosys.specs -Wl,-Map="DeltaTPlus.map" -Wl,--gc-sections -static --specs=nano.specs -mfpu=fpv4-sp-d16 -mfloat-abi=hard -mthumb -Wl,--start-group -lc -lm -lstdc++ -lsupc++ -Wl,--end-group
Finished building target: DeltaTPlus.elf
 
arm-none-eabi-size  DeltaTPlus.elf 
arm-none-eabi-objdump -h -S DeltaTPlus.elf  > "DeltaTPlus.list"
   text	   data	    bss	    dec	    hex	filename
  18500	     12	   2580	  21092	   5264	DeltaTPlus.elf
Finished building: default.size.stdout
 
Finished building: DeltaTPlus.list
 

09:23:24 Build Finished. 0 errors, 0 warnings. (took 857ms)

