10:06:36 **** Incremental Build of configuration Release for project DeltaTPlus ****
make -j12 all 
arm-none-eabi-size  DeltaTPlus.elf 
   text	   data	    bss	    dec	    hex	filename
  53868	   2989	  12763	  69620	  10ff4	DeltaTPlus.elf
Finished building: default.size.stdout
 
10:08:02 **** Incremental Build of configuration Debug for project DeltaTPlus ****
make -j12 all 
arm-none-eabi-size  DeltaTPlus.elf 
   text	   data	    bss	    dec	    hex	filename
  82448	   2629	  12779	  97856	  17e40	DeltaTPlus.elf
Finished building: default.size.stdout
 
10:32:56 **** Incremental Build of configuration Debug for project DeltaTPlus ****
make -j12 all 
arm-none-eabi-size  DeltaTPlus.elf 
   text	   data	    bss	    dec	    hex	filename
  82448	   2629	  12779	  97856	  17e40	DeltaTPlus.elf
Finished building: default.size.stdout
 
11:49:58 **** Incremental Build of configuration Debug for project DeltaTPlus ****
make -j12 all 
arm-none-eabi-size  DeltaTPlus.elf 
   text	   data	    bss	    dec	    hex	filename
  82448	   2629	  12779	  97856	  17e40	DeltaTPlus.elf
Finished building: default.size.stdout
 
11:50:34 **** Incremental Build of configuration Debug for project DeltaTPlus ****
make -j12 all 
arm-none-eabi-size  DeltaTPlus.elf 
   text	   data	    bss	    dec	    hex	filename
  82448	   2629	  12779	  97856	  17e40	DeltaTPlus.elf
Finished building: default.size.stdout
 
12:56:17 **** Incremental Build of configuration Debug for project DeltaTPlus ****
make -j12 all 
arm-none-eabi-size  DeltaTPlus.elf 
   text	   data	    bss	    dec	    hex	filename
  82448	   2629	  12779	  97856	  17e40	DeltaTPlus.elf
Finished building: default.size.stdout
 
13:12:34 **** Incremental Build of configuration Debug for project DeltaTPlus ****
make -j12 all 
arm-none-eabi-size  DeltaTPlus.elf 
   text	   data	    bss	    dec	    hex	filename
  82448	   2629	  12779	  97856	  17e40	DeltaTPlus.elf
Finished building: default.size.stdout
 
13:13:01 **** Incremental Build of configuration Debug for project DeltaTPlus ****
make -j12 all 
arm-none-eabi-size  DeltaTPlus.elf 
   text	   data	    bss	    dec	    hex	filename
  82448	   2629	  12779	  97856	  17e40	DeltaTPlus.elf
Finished building: default.size.stdout
 
13:42:13 **** Incremental Build of configuration Debug for project DeltaTPlus ****
make -j12 all 
arm-none-eabi-size  DeltaTPlus.elf 
   text	   data	    bss	    dec	    hex	filename
  82448	   2629	  12779	  97856	  17e40	DeltaTPlus.elf
Finished building: default.size.stdout
 
13:47:17 **** Incremental Build of configuration Debug for project DeltaTPlus ****
make -j12 all 
arm-none-eabi-size  DeltaTPlus.elf 
   text	   data	    bss	    dec	    hex	filename
  82448	   2629	  12779	  97856	  17e40	DeltaTPlus.elf
Finished building: default.size.stdout
 
18:42:47 **** Incremental Build of configuration Debug for project DeltaTPlus ****
make -j12 all 
arm-none-eabi-size  DeltaTPlus.elf 
   text	   data	    bss	    dec	    hex	filename
  82448	   2629	  12779	  97856	  17e40	DeltaTPlus.elf
Finished building: default.size.stdout
 
